type octile
height 256
width 256
map
ddeeddcbabcdeefghhijjjjihgecabdeghhiiihhgffeeeeeffggggffecbaabbbaaabcdefffeecbabdefgggTTTTTTTTTTTbaaaaaaaabbcdeefffeedddddeffggggfecbaabccccccccdeghijkllkkjiigfedcbaaabbbaaTTTTTTTTTTTTTTTTTTTghjlmoprsttuTTTTTTTTTTTTTTTTTbehjlllkjTeTTTTTTTTTcbbbbbbbbbbbaabc
cddddcbaabcdeffghhiijjihgfdbacdfghiiiihhgfeeedeeeffffffedcbaaaaaaabcdefgggffecbabcdeeeedTTTTTTTTTTTbbaaaabbcdeeffffffeeeeffggggggfdcbabccccccbbccdeghijjkkjjihgfedbaaabbbbbbTTTTTTTTTTTTTTTTTTTgijlnoqrstuuTTTTTTTTTTonlTTTacfiklmlkTTTTTTTTTTeeddddddddddccbaab
bccccbbabcdeeffgghhiiihhfecabceghiijiihgfeeddddeeeffffeddcbaaaTaabcdeffggggfedcbabbcccccbTTTTTTTTTTbbbaabbbcdeeffgggfffffggghhggfedbaabcccccbbbbbcdeghiijjjihgfedcaabbcccccbTTTTTTTcccccTTTTTTThikmnpqrstuuTTTTTTTTqpnmkhfcacfiklllkTTTTTTTTTggfffeeefffeeedcbaa
abbcbbaabcddeffggghhhhhgfdbabdfghiiiihhgfeddddddeeeeeeddcbbaaTTTbcddefggggggfedcbaaabbbbaTTTTTTTTTTbbbaabbbcddeffgggggggghhhhhgfedcbabcdddccbbaaabcdefghiiihggedcaabcddddddcTTTTTTTdddddTTTTTTThjkmnpqrssttTTTTTTTTqonljhecadfikllkTTTTTTTTThhhggggggggggffedcbT
aabbbaaabcddeefffggggggfecbacdfghiiiihgfeddcccddddeedddccbbaTTTTTcdeefgggggffedcbbaaaaaaaaTTTTTTTTTTaaaaaabbcdeeffgghhhhhhhhhggfecbabcdddddcbaaaaabcdefgghhggfdcbabcdeffTTTTTTTTTTTTTTTTTTTTTTTijkmnopqqrrrTTTTTTTTpomkigebadfhjkkTTTTTTTTTiiiihhhghhhhhhggfeTTT
baaaaaaabbcddeeefffggffedcaacefghiiihgfeddcccccdddddddccbbTTTTTTTTeeeffffffeeddccbbbaaaaabbbTTTTTTTTTaaaaaabbcdeefgghhiiiihhggfecbabcdeeeedcbaaaaaabcdeffggfeecbabceffggTTTTTTTTTTTTTTTTTTTTTTTijklmnooopppTTTTTTTTonljhfdbadfhiTTTTTTTTTTiijjiihhhhhhhhhggfTTTT
baaaaaaaabbccddeeeffffeedbaacdegghhhgffedccccccddddddcccbTTTTTTTTTTeeeeeeeeddcccbbbbaaaabbccTTTTTTTTTTbbbaaaabccdefghhiiiihhgfecbabcdeeffedcbaaaaaabccdeeffeddbaacdfghhhTTTTTTTTTTTTTTTTTTTTTTTijkkllmmmmmnTTTTTTTTnmkigfdbadegiTTTTTTTTThijjjiihhhhhhhhhggTTTTT
cbaaaaaaaabbcccdddeeeeedcbaabdeffgggfeedcccccccdddddccccTTTTTTTTTTTTeedddcccbbbbbbbaaaabcddeeTTTTTTTTTTcccbbaaabcdefghhiihhgfdcbabcdeffffeedbaaaaaaabcddeeeddcbabdeghiiiTTTTTedbabdeffggTTTTTTTiijjkkkkkkkkTTTTTTTnmljhgecaacefTTTTTTTTTfhijjjiihhggggggggTTTTTT
cbbaaaaaaaaabbbcccddddddcbaabcddeeeeeddccbbbcccddddddccTTTTTTTTTTTTTTdccbbaaaaaaaaaaaabcdeffggTTTTTTTTTTdddccbaabcefgghhhhgfecbabcdefgggffedbaaaaaaabccdddddcbaacdfghijjjTTTTfdcaacTTTggTTTTTTThiiiiiihhhhhTTTTTTTlkjigfdcaacdTTTTTTTTTdfhijjjiihgggfffffTTTTTTd
cbbaaaaaaaaaaaabbbcccccccbbaabbccdddcccbbbbbccddddddddTTTTTTTTTTTTTTTcbaaaabbbaaaaaabccefgghhihTTTTTTTTTeeeddcbaabdefgggggfecbabceffggggfedcbaaaaaaabbccdddcbbabcdfghijkkTTTTTTTTTTTTTffTTTTTTTghhgggffeeefTTTTTTTkjihfedbaacTTTTTTTTTbdfhijjjihhgffeeeeTTTTTTdc
cbbaaaabbbbbbaaaaabbbcccccbbaaaabbbbbbaaaabbbccddddddTTTTTTTTTTTTTTTTTaabccccccbbbbbcdefghiijjjTTTTTTTTTTfffedcbaacdeffffeecbabdefggggggfedcbaaaaaaabbccccccbbabcdeghijkkTTTTTTTTTTTTTTeTTTTTTTffffeedccbccTTTTTTTihgfedcbaaTTTTTTTTTbbdfhijjjihgffeddcccTTTTccc
bbaaaabbbbccccbbbaaaabbcccccbbbaaaaaaaaaaaaabccddddTTTTTTTTTTTTTTTTTTTTcddeedddcccccdefghijkkkkkTTTTTTTTTTggfedcbabcdeeeedcbabcefgghhggfedcbbaaaaaaabbccccccbbaabcefgijjkTTTTTTTTTTTTTTTTTTTTTTedddcbbaaaaaTTTTTTTgffedcbaaTTTTTTTTTTbadfhijjiihgfedccbbaaaTbbbb
baaaaabbccccdddcccbbaaabcccccccccccbbbbbbaaaabccddTTTTTTTTTTTTTTTTTTTTTTeeffeeddcccdefghijkklllkkTTTTTTTTTTgffecbabcddeedcbabcdfgghhggfedcbbaaaaaaaabbcccccccbaaacdefhijjkkjjihfedcbTTTTTTTTTTTccbbaaabbbbbTTTTTTTeedccbbaaaTTTTTTTedbacfgiijiihgfdccbaaaaaaaaaa
aaaaabbccdddeeeeeddcbaaabcddeeeeeedddddcccbaaabbcTTTTTTTTTTTTTTTTTTTTTTTfffffeedddddefgijklllllllkTTTTTTTTTTgfecbabccdddccaabdefghhggfedcbaaaaaaaaaabbccccccccbaaacdefhijjjjjihgfedcTTTTTTTTTTTaaaabbcdddccTTTTTTTTccbbaaaaaTTTTTTfedbaceghijiihfedcbaabbccbbaaa
aaaaabbcddeeefffffedcbaabcdefffggffffeeeddccbaaaTTTTTTTTTTTTTTTTTTTTTTTTTgggffedddddefhijkllllllllkTTTTTTTTTTedcaabcddddcbaacdfgggggfecbaaabbbaaaaaabbcccccccccbbaacdefhhiiiiihggfeeedddTTTTTTTbbbccddeeeddcbaabbbTbaaaaaaaaabTTTffedbaceghiiiihfedbaabcddddcbba
baabbbccdeeffgggggffecbabcdffghhhhhhgggffeedccbaTTTTTTTTTTTTTTTTTTTTTTTTTTggfeedcccdefgijkklllllllllTTTTTTTTTTcbabcddeedcbaacdffggfedcaabccccbbaaaaabbbccccddddccbaabdefghiiihhhggffffffTTTTTTTddddeeffffedcbaaaaaaaaaaaaaaaabcTeefedbaceghiiiihfecbabcdeeeedccb
bbbbcccddeffghhiihhgfdcabcefghiijjiiihhhggfeedccTaTTTTTTTTTTTTTTTTTTTTTTTTTgfedccccddfghijkkkkkklllllTTTTTTTTTTabcdefffedcaacdefffedbabcdeeedcbbaaaaabbbcccddddddcbaabdefgghhhhhggggghhhTTTTTTTffffffggffeedcbaaaaaaaaaaaaaaaacdeeeedcabefhiiihgfecaabdeeffeedcc
ccccccddeffghiiijiihfecabceghijjkkkjjjiihhggffedccbTTTTTTTTTTTTTTTTTTTTTTTTTeddcbbbcdefghijjjkkkklllmmTTTTTTTTTTcefggggfedbabdeeeecbacdffggfedcbaaaaaaabbbccddeeddcbaabceffggggghhhhTTTTTTTTTTTgggggggggffedcbbbaabbaaaaabbaaabcdeeedcabdfhiiihgfdcaacdeffffeedc
ccccdddeffghiijjjjihgecabdfgijkklllkkkjjiihhggfeedcbTTTTTTTTTTTTTTTTTTTTTTTfedcbaaabcdefghiijjjkkllmmmmTTTTTTTTTTghiiiihfecaacdddcbaceghiiihfedcbaaaaaaaabbcddeeeeddcaabcdefffggghhiTTTTTTTTTTThhhhhhhhggfedccbbbbbbbaaabbbbaabcdeeedcabdfghiihgfdbabcdeffffeedd
cccdddeffghiijkkkkjigecabdfhijkllllllkkkjjiihhgffedcbTTTTTTTTTTTTTTTTTTTTTgfecbaaaaabcdefghhiiijkllmmnmlTTTTTTTTThjjkkjihfdbabbcbbacegijkkjihfedcbbbbbbaaabbcdeeeeeddcaabcddeffgghiiTTTTTTTTTTTTiiihhhhggfeddccccccbbaaabbbbaabcdeeedcabdeghhhhgedbabcdeefeeeddc
cccddeefghiijklllkjigecabefhikklllllllkkkjjiihhgfedcbbTTTTTTTTTTTTTTTTTTThgedcbaaaaaabcdefgghhijklmmnnmmkTTTTTTTTTklllljigecbaabaacegiklllljigfedccccccbbaaabcdeeeeedcbaabccdeefghijTTTTTTTTTTTTiiiiihhggfeedddcccccbbaabbbbaabcdeeedcabcefghhgfecbabcdeeeeddccc
bbcddefghiijklllllkigecaceghjkkllllllllkkkjjiihgfedccbaTTTTTTTTTTTTTTTTThgfedbaaabbaaabcdeffghhijlmnnnnmkiTTTTTTTTTmnmmkjhfdcaaaabdfhjlmnmmkjhgfedddddddccbaabcdeefeedcbaaabcdefghijklllTTTTTTTTjiiiihhggffeeddddddccbaaabbbaabcddeedcaacdfgggfedcaabcddddcccbbb
abbcdefghijklmmmmlkigdbadfgijjkkkkkkkkkkkjjiihggfedcbbaaTTTTTTTTTTTTTTThhgfecbaabbbbaabccdeffghijlmnnonmkigTTTTTTTTTnnmljhgecbaabcegiklnnnmljihgfeeeeeeeedcbaabcdeefeedccbaabcdefgijkllmTTTTTTTTjiiihhhggffeeeeeeeeddcbaabbbaabcddeedcbabdeffffedbaabcccccbbaaaa
aabcdeghijklmnnnmljhfdabdfhiijjjjjjjjkkjjjjihhgfedcbbaaaabTTTTTTTTTTTghhggfdcbaabbbbaaabcdeefghijlmnoonmkigdTTTTTTTTTnmljigedbbbbcegiklmnnmlkihggggggggffedcbaabcdeffeeddcbaabcdfghjkllmTTTTTTTTjiihhhgggfffffffffeedccbaaaaaabcddeedcbabcdeeeedcbaabbcbbaaabbbb
baacdfgijklmnnnnmljhfcaceghiiiiiiiiiiijjjiihggfedcbbaaabbbbTTTTTTTTTfggggfedcbaabbbbaabbcdeefghiklmnoonmkifdaTTTTTTTTTlkjhgedcbbbceghjlmmmmlkjihhhhhhhhggffedbaacdeefffeedcbaabdefhijklmTTTTTTTTiihhgggfffffffffffffedcbbaaaaabcddeedcbaabcddddcbaabbbbaaabccccc
cbabdfhiklmnooonmljgebaceghhhhhggggghhhiihhggfedcbaaabbbccccTTTTTTTdeefffeedbaaabbbaaabcddefgghjklmnoonmkifdaTTTTTTTTTTjigfecbbbbcdfgijklllkjjihhhhhhiihhhgfedbabcdeffffeedcbabcdfgijkllTTTTTTTTihhggfffffffffgggggffedcbbaaabbcddeeddcbaabcccbbaabbbbaaabcdeeed
dbabdfhjkmnoooonmkigdbbdegggggffeeeffggggggffedcbaabbccccddddTTTTTabcdeeeedcbaaaaaaaabccdefgghijklmnnnnmkigdabTTTTTTTTTThgedcbbabbdefhijjjjjjiihhhiiiiiiiihgfedbabdefgggffedcbabcefhijklTTTTTTTThhgffeeeeeffffggggggffedcbbbbbbcddddddcbaaabbbaaabbbbbaabcdeffee
dbabegijlmoopponmkifdabdefgffeedcccddefffffeedcbaabbccddddddddTTTbaabcdddddcbbaaaaaabbcdefgghiijklmnnnnmkigdbbdTTTTTTTTTTedcbbaaabcdefghhiiihhhhhhiiiiijjiihgfecabcefgggggfedcaabdTTTijkTTTTTTTThgfeeedeeeeffffgggggffeddcbbbbccddddddcbbaaaaaabbccccbaacdeffffe
dbacegikmnoppponljhfcabdeeeeddcbaaabccdeeeeedcbaaabcdddeeeeeeeeTdcbaabcddddccbaaaaaabcdefghhiijjklmmnnmlkigecacdTTTTTTTTTTcbbaaaaaabcdeffgggggghhhhiiijjjjjihgedbacefghhhggfedbTTTTTTTTTTTTTTTTTgfeeddddddeeeffffggfffeedcccbcccddddddccbbaabbccddddcbaacdeffffe
cbacegikmnoppponljhfcaacddddcbaaabaaabccddddccbaabccddeeeeeeffffeedcaabccddccbbaaaabcdefghiiijjjkkllmmmlkigecabcdTTTTTTTTTTbaaaaaaaabccdeeefffgggghhiiijjjjiihfdbacefghiihhgfecTTTTTTTTTTTTTTTTTgfedcccccdddeeeeeffffeeeddcccccccdddddcccbbbccdeeeeedcbabdeffffe
cabdfhjlmnoppponljhfdbabbcbbaabcccccbaabccccccbaabccddeeeeefffffffedbaabcdddccbbbbbcdefghijjjjjjjkkllllkjihfdbabcdTTTTTTTTTaaaaabaaaaabccddeeefffggghhiijjjjihfecacefhiiiiihgfeTTTTTTTTTTTTTTTTTfedccbbccccdddddddddeddddcccccccccccccccccccdeefgggfedcaacdeeeed
babdfhjlmooppponljhfdcaaaaaabcdeeeeddbaabbcccbbaabbcdddeeeeffggggffdcbabcddddccbbbcdefghijkkkjjjjjjkkkkjjihfecbabccTTTTTTTTTaaabbbbaaaabccddeeeefffgghhiijjjihgecacefhijjjiihgfedcbaabdeTTTTTTTTedcbbbbbbbccccccccccccccccccccccccccccccccddefgghhhhgedbaaccdddc
aaceghjlmopppponljhgedcbbbccdefggggfedcbaabbbbbaaabccdddeeeffgggggfedbabcdeeeddcccddeghijkkkkkjjiiiijjjiihgfedbaaabbTTTTTTTTTabbbbbaaaabccdddeeeeefffghhiiiiihgecabefhijjjjjihgffedcbaacTTTTTTTTdcbbaaaabbbbbaaaaaaabbbbbbbbbbbbbbbccccccddefghiijiihgfdcaabbcbb
abdegijlnopppponlkigfeddddeffghhihhhgfdcbaabbbbaaaabccdddeeffgghhggfdbabceeeeedddddefhijkllllkjjihhhhhhhhggfedcbaaaaaTTTTTTTTTbbbbbaaabccddeeeeeeeefffghhiiiihgecabdfhijkkkjjihhgffedcbaTTTTTTTTcbaaaaaaaaaaaaaaaaaaaaaabbbbbbbbbbbbbbbccdefghijjkkjjhgfdcbaaaaa
bcdegiklnopppponlkihgfffffghhiijjjjihgfecbaaabbaaaabbcccddeffghhhhgfdcabdeffffeeeeefgijklmmmmlkjihggggggffeeddcbbaaaaaTTTTTTTTTbbbaaabcddeeeffeeeeeefffghhhhhgfecabdfhjkklkkkjjihhggfedbTTTTTTTTaaaaaaaaaaaaabbbccccbbaaaaaabbbbaaaabbbccdefgijkklllkjigfecbbaaa
bcdegijlnopppponmkjihggghhiijjkkkkkkjihfecbaaaaaaaaabbccddeefgghhhgfdbabdefggffeeefghjkmnnonnmkjigffeeeedddcccbbbbaaaaaTTTTTTTTTbaaabcdeffggggfffeeeeffgghhhhgfecabdfhikklllkkkjjiihgfeTTTTTTTTTaabbbbbaaaaabbccddddccbbaaaaaaaaaaaaabbccdeghijklmmllkjigfedcbbb
bcdeghjlmnoppponmljjihhiiijkklllmmllkkihgedbaaaaaaaabbbccddefgghhhgfdbacdfggggffffghikmnoppponljigfedccbbbbbbaaabbbbbbbbTTTTTTTbaaabcdfgghhhhhggfffeefffgghhhgfecbbdfhikllllllkkkjjiihgTTTTTTTTTbcccccbbbaaabbccdddddccbbaaaaaaaaaaaaabccdfghikllmmmmlkjhgfedcbb
bcdefhjkmnoopoonmlkjiiijjjkkllmmmnnmmlkjhgedcbaaaaaabbbcccdeefgghggfdbacefgggggggghiklnoqqqqpomkigedcbaaabbbaaaaaabbbbbbbTTTTTbbaabcdfghijjjjiihggffffffggggggfedbacegikllmmmlllkkkjihgTTTTTTTTTcddddccbbaaabbccddddddccbbaaaaaaaaaaaabcdefghijllmmmmlkjihfedcbb
bbcdegijlmnooonmlkkjjjjjkkkllmmnnnoonnmkjhgedcbbaaabbbbbccddeffgggfedbacefghhhggghijlnoqrssrqpnligecaabcdddddcbaaabbccccccTTTbbbaabdeghijkkkkkjihggffffffgggggfedbacegijllmmmmlllkkjiihgfTTTTTTddeeeddcbbaaaaabccdddddccbbaaaaaaaaaaabbcddfghijklmmmmlkjihfedcbb
aabcdfhiklmnnnmmlkjjjjjjkklllmmnnooooonmkjhgedccbbbbbbbbcccddefffffecaacefghhhhhhijkmoqrstttsqoljgebacdefggffedcaaabcccccccTccbbaacdfhikllmmllkjihggfffffgggggfedbacegijklmmmmllkkjjihgffTTTTTTeeeeeedcbbaaaaaaabcccccccbbaaaaaaaaaaabbcddefghjkklllllkjhgfdcbaa
bbaacdfhikllllllkjjjjjjjjkklllmnnooppponmkjhgeedcccbbbbbccccdeeefeedcabcefghhhhhiiklnprsuuuutromjgdbbdfghiihhfedbaabccdddddcccbbabceghjklmnnmmlkjihgggfffgggggfedbabdfhjkllmmllkkjihhgfeeTTTTTTeffffedcbaaabbbaaaabbbbbbbaaaaaaaaaabbbccddefghijjkkkkkjigfecbaab
ddcbacdfhijkkkkkjjiiiijjjjkkkllmnoopppoonlkihgfeddccccccccccdddeeedcbabcefgghhhiijkmoqstuvvutrpmjgdacegijkkjihfecaabcdddddddccbbabdegijlmnnnnmmlkjihgggffggggffedbabdfhikkllllkjjihgfeddcTTTTTTeeffeedcbaabccccbbaaaaaaaaaaaaaaaabbbbbcccddefghiijjjjiigfecaabcd
ffecbacdfghiijjiiiiiiiiiiijjjkklmnooppoonmkjihgfeedddccccccccdddddcbaabdefgghhhijklnprsuvvvvtrpmjfcadfijkllkjigecbabcdddeedddcbaabdegijlmnnonnmlkjihhgggfffffffedbabdfgijkkkkkjihgfdccbbaTTTTTTdeeeeedcaabcdddddccbaaaaaaaaabbbbbbbbbbccccddefghhiiiihgfecaacdef
hhgedbacdfgghhhhhhhhiiiiiiiiiijklmmnoooonmlkjihgffeeddddccccccccccbbaacdefgghhiijlmoprtuvvvutrolifbbegiklllkjigecbabcdeeeeeddcbaacdfgijlmnnnnnnmlkjihgggffffffedcbabdeghijjjjihgfecbaabbbTTTTTTcddeddcbaabddeeeeddccbbbbbbbbbcccccccbbbbbbccdeffghhhhgfecabceghh
jjhgecaacdefgghhhhhhhhhhhhhhhhiijklmnnnnmmlkjihhggffeeeddddddccccbbaabcdefgghiijklnoqrtuuvutspnkhebbehjklllkjhgecaabcdeeeeedccaabcefgijklmnnnnnmlkjihhggfffffeedcbabcefghiiihhgedbabcddedTTTTTTbccdccbbabcdeefffeeedddccccdddccccccbbbbaaabbcdeefggggfecbacegijj
lkjhfdbabcdefggghhhhhhhhgggffgghhijklmmmmllkjjiihhggfffeeeedddcccbaabbcdefghhijklmnoqrsttttsqoljgdacfhikkkkjigfdbabcddeeeeddcbaacdeghijklmmnnnnmlkjiihgffffeeeedcbaabdefgggggfdcaacefggggfTTTTTaabbbbbaabcdefffffffeeeeeeeeeeddddccbbaaaaaaabbcdeffffedbacegijkl
mlkigecaacdeffgghhiiihhhgffeeeefghijjkklllkkkjjiiihhhgggfffeeddcbbaabcdeffghiijklmnopqrsssrqomkhebadfhijjjjigfdcaabcdeeeeedcbaacdefghijjkllmmmmmlkkjihgffeeeeeddcbbabcdeeffeedbabdfghiiiihTTTTTbaaaaaaaabcdefffggffTffffffffeeeddcbaaabbbbbbaabdeeffeecbadfhjlmm
nmljhfcbacdefgghhiiiiihggfedddddefghiijjkkkkkkjjjjiiihhhhgggfeddcbaabcdefgghijkklmnoppqqqqpnmkifdabdfghiihhgedcaabcddeeeeddcaacdefghiijjkkllmmmmlkjihggfeeeeeedddcbaabbcddddcbabdfhijkkkkjTTTTTcbbaaaaaabcdeeffggTTTTggggggfffedccbabbcddddcbabcdeeeedcabdgikmnn
onljhfcaacdefghhiijjiihgfedccbbccdefghhiijjkkkkkkkjjjjiiiihhgfedcbabccdefgghijkklmmnnoooonmlkigecabdefgggfedcbaabcddeeeeedcbabdeghiiijjjjkkllllllkjihgfeeeedddddddcbbaabbbbbaacdfhjklmmllkTTTfedccbaaaaabbcdeffTTTTTTTggggggffedcbabcdefffedcbabcdeeedcabegjlnoo
onljhecabcdfghhijjjjjihgfecbbaaabbcdefghhijjkkllllkkkkjjjjiihgfecbaabcdeffghijjkllmmmmmmllkjhgecbacdeeffedcbaabcddeeefeedcbabdfghijjjjjjjjjkklllkkjihgfedddddeeeeddccbbaaaaabcefhiklmmmmlkjihgfeedcbbaaabbcddeTTTTTTTTTgggggfedcbabcefghhhgfecaacddeddbacehjlnoo
omljgecabcefghijjkkkjihgedcbaaaaaabcdefgghijkkllllllllkkkkkjihgfdcaabcddefghhijkkkkkkkkjjihgfedbaabcddddcbaabcdeeffffffedcbacegijkklkkkjjjjjkkkkkjihgfeddddddeeeeeeeddccbbccdefhijlmmmmmllkjihgfeedcbbaaabbcdTTTTTTTTTTTgggfeedbabcefhiijihgfdbabcdddcbacehjlnoo
nTkigebabdefghijkkkkjihfecbaabbbbbaabcefghijkllmmmmmmlllllkkjihfecbabbcddefghiijjjjjiihhggfedcbaaabbccbbaabcdeffgggggffedcabdfhjklmmllkjjiijjjkjjihgfeddcccddeffffffeedddddeefhijklmmmmllkjiihggfeddcbbbbbbcdTTTTTTTTTTTTffeedbaacefhijkkkjigecbabcddcbacegjlmno
TTTifdbabdefghijkkkkjigfdcaabcddccbaabdefghjklmmnnnmmmmmlllkjihgedbaaabccdefghhiiiihggffeddccbbaaaaaaaaabcdefgghhhhhggfedbacegikmnnnnmlkjiiiijjjiihfedccbccddefgggggfffeeeffghiijklllllkkjiihhggffedccbbbbbcTTTTTTTTTTTTTTedcbaacdfhikllllkjhfecaabcccbacegjlmnn
TTThfdbabdefghijjkkjihgecbabcdeeddcbabcdfghiklmmnnnnnmmmmlllkjhgfdcbaaaabccdefgghggffeddcbbbbaaaaaaaaabccdefghhiiiihhggedbacehjlnooonmlkjiiiiiiiihgedcbbabbcdefgghhhgggfffgghiijjkkkkkjjiihhhgggffeedccbbbcTTTTTTTTTTTTTTTTbbaacdfgiklmmmmlkigfdbaabbbaacegiklmm
TTTTfdbabcdfghiijjjiigfdcabcdeeeedcbaabdeghiklmnnnnnnnmmmllkkjigfedcbbbaaabcdefffffedccbaaaaaaabbbbcccddeffghiiTTTTihhgfdbacfhkmnppponmljiiiiiihhgfdcbaaaabcdefghhhhhhgggghhiijjjjjjjiihggggggggfffeddccccTTTTTTTTTTTTTTTTTTabcdfghjklmnnnmljhgecbaaaaabcegikllm
TTTTTdbabcdefghhiiiihgecbabdeffffedcbabcefhijlmnnnonnnmmmllkkjihgfeddcccbbaacdeeeeedcbaaaaaaaabbccdddeeeffghhiiTTTTiihgfdbacfhkmopqppomlkjihhhhggfdcaabbbaabcefghhihhhhhhhiiijjjjjiihggffeeeeffffffeeddccTTTTTTTTTTTTTTTTTTTTdefghijlmmnnnmlkigfdcbaaaabdegijkll
TTTTTTbaabcdefghhhhhgfdcaacdefggffecbabcdfgijkmmnooonnmmllkkjjihgffeeedddcbaacddeedccbaaaaaaabbcdeefffffggghTTTTTTTTihgfdbacfhkmopqqponmkjihhhggfecbabcdccaacdfghhiihhhhhiijjjjjjihggfeddccddeeeffeeeddTTTTTTTTTTTTTTTTTTTTTTTfgghijklmmnmmlkjhgedcbbbbcdfgijkkk
TTTTTTbaaabcdefgghhgfedbabcefggggfedcaacdeghjklmnooonnmmllkjjiihggfffffeedcbabcddddcbbaaaaaaabcefgghhhgggggTTTTTTTTTThgfdbacfhkmopqqqpomljihhggfedbabdeeedcabdeghhhhhhhhhiijjkkjjihfedcbbbbbccddeeeeeedTTTTTTTTTTTddTTTTTTTTTTTghiijkkllmmllkjhgfedccccdefghijjj
TTTTTTTaaaabcdeffgggfedbabcefgghggfecbabdefhiklmnoooonmmlkkjjiihhgggggggfedcbabcdddccbaaaaaabcefghiiiihhgTTTTTTTTTTTTTfedbacfhjmopqqqponlkjihgfedcabdefgfedbacefghhhhhhhhijjkkkjihgedbaaaaaaabbcddeeeeTTTTTTTTTTTedcbTTTTTTTTTTThhiijjkkkkkkjihgfeddccddefghiiji
TTTTTTTTaaaabcdefffffecbabcefghhhgfedbaacdfgijlmnoooonmmlkjjiihhhhgggghggfedbabcdeddccbaaabbcefhijjjjiihTTTTTTTTTTTTTTTdcbacfhjlnpqqqqpnmljihgfecbaceghhhgecabdfgghhggghhijjkkkjihfdcaabcccbbaabccdddTTTTTTTTTTTfeedbaTTTTTTTTTTThhhhhiijjjjiihgfeeddddeefghiiih
TTTTTTTTTaaaabcdefffeecbabcefghihhgfecbabdegijlmnoooonnmlkjjiihhhhhhhhhhggedbabdeeeeddccbbcdefhijkkkjjhTTTTTTTTTTTTTTTTTTabcfhjlnpqqrqponlkjihfecabdfhiiihfdbbdefggggggghiijkkkjigfdbabddeedcbaabbcdTTTTTTTTTTTgffedcaaTTTTTTTTTTTgggggghhhhhhgffeedddeefgghhhhg
TTTTTTTTTbbaaabcdeeeedcbabdeghiiiihgedbabcefhjkmnooooonmlkjjiihhhhhhhhhhggedbacdefffeedddddefhijkklkkiTTTTTTTTTTTTTTTTTTTTbdfhjlnopqrrqponlkjhgecacegijjjigebaceffggfffgghijkkkjigecabcefffeedcaabbTTTTTTTTTTTgggffdcbacTTTTTTTTTTTeeeeeffffffffeeeeeeeffgghhhgg
TTTTTTTTTTbbaaabcdeeedcbabdeghijjjihfecbabdfhiklnoopoonmlkjiihhhggghhhhhgfedbacefgggfffeeefghijkkllkjTTTTTTTTTTTTTTTTTTTTTTdfgikmopqrrrqpomlkigecacehijkjigecacdefffffffghijjkkjigecabdffgggfedbaTTTTTTTTTTTThhhhgfedbabdTTTTTTTTTTTccccdddeeeeeeeeeeeeffgghhggf
TTTTTTTTTTTbbaabcdddddcbabdfgijkkkjigfdcabcegiklnoopponmlkjiihhggggggggggfecabdefghhgggffgghhijkkkkjTTTTTTTTTTTTTTTTTTTTTTTdfgikmnpqrrrrqpomljhfcacehijkjigecacdeffeeeeefghijjjjigecacefghhggfdcTTTTTTTTTTTTTTiihhgfecabceTTTTTTTTTTTbbbbbcccdddddddeeffgghhhgfe
TTTTTTTTTTTTcbaabcdddccbabdfhikklkkjhgecbacefhjlmooppoonlkjihhggffffggggfedbabdfghhhhhhggghhiijjkjTTTTTTTTTTTTTcbaTTTTTTTTTTfgiklnpqrrsrrqpomkigdacegijjjigecacdeeeeeddeefghijjihgecacefghhhgfeTTTTTTTTTTTTTTTTiiihgfdbacdfTTTTTTTTTTTaaaaabbccccdddeefgghhhhgfe
TTTTTTTTTTTTccbaabccccbaacdfhjklllkjigfdbabdfhjkmnoppoonlkjihgfffeefffffeecbacefhhiiihhhhhhhiiiiiTTTTTTTTTTTTddcbaaTTTTTTTTTTgijlnoqrrsssrqpnljgebbdghijihfdbabddeeddddddefhhiiihgecacefghhhgfTTTTTTTTTTTTTTTTTTjjihfecabcefTTTTTTTTTTbbaaaaabbcccddeffghhhhhgfd
TTTTTTTTTTTTTcbbaabcccbaacefhjklmmlkjhfecaacegikmnopponmlkjhgfeeeddeeeeeedcabdeghiiiiihhgggghhhTTTTTTTTTTTTTeddcbaabTTTTTTTTTThjlmopqrssssrqomkhfcadfghihgfdbabcddddccccdefghhihgfdbacefghhggedTTTTTTTTTTTTTTTTTTjihgedbacdeeTTTTTTTTTTbbbaaaabbccddefgghhihhgfd
TTTTTTTTTTTTTTcbaabbccbaacdfhjklmmlkjigedbacegiklnoooonmljigfeddccccdddddcbacdfghiiiihhgggffffTTTTTTTTTTTTddddcbaabccTTTTTTTTTTikmnpqrsttssrpnlifdabdfgggfecbabcddccbbbbcdefghhhgfdbacdfggggfecbTTTTTTTTTTTTTTTTTTjigfdbabcddTTTTTTTTTTTbbaaaabbccdeffghhiiihgfd
TTTTTTTTTTTTTTTcbaabbcbbabdfhjklmmmljihfdcabdfhjlmnnonmlkihfedcbbbbbcccccbabcefhiiiihhgffeeeTTTTTTTTTTTTTdddccbaabcddeTTTTTTTTTTklnoqrstttsrqoljgebacdefeedbaabccccbbaabbcdefgggfedbacdeffffecbabTTTTTThTTTTTTTTTTTigfdcaabcccTTTTTTTTTTTbaaaabbcddefghhiiiihgfd
TTTTTTTTTTTTTTTcbaabbccbaacegijllmllkihfecabdegiklmnnmlkjhgedcbaaaaaabbbaaacdfghiiihhgfeddcTTTTTTTTTTTTTddccbaaabcdeffeTTTTTTTTTTlmoprsttttsqomkhfcabcddddcbaabbcbbbaaaabbcdefffedcbacdeeeedcbabcdTTTThiiTTTTTTTTTTTgfdcbabbcccTTTTTTTTTTTaabbccddefgghiijjiigfd
TTTTTTTTTTTTTTTTbaabccccbabdfhiklllkkihgecbaceghjkllllkjhgedbaaabbbaaaaaaabcefghhhhggedcbbTTTTTTTTTTTTdddcbbaabcddefggffTTTTTTTTTTmnpqrstttsrpnligecaabccbbaaabbbbbaaaaaabccdeeeddbaacddeedcbabcTfgThiiijjTTTTTTTTTTTedcbaabbbbbTTTTTTTTTTTbccddeefgghiijjjTThfe
TTTTTTTTTTTTTTTTTaabcccccbacdfhikkkkjihgedbabdfgijjkkjihfecbabbccccbbaaabbcdefghhhgfedcaTTTTTTTTTTTTTeddcbaaabcdeefggggfeTTTTTTTTTTnoqrstttsrpnljhfdbaaaaaaaaabbbbaaaaaaaabccddddcbabccdddcbabcTTThiiijjjjjTTTTTTTTTTedcbaaaaaaaaTTTTTTTTTTTddeeffgghiijjjTTTTTe
TTTTTTTTTTTTTTTTTTabccdddcaaceghijkkjihgfdcabdefhhiiihgfecbabcdddddccbbbccdeffggggfedbaTTTTTTTTTTTTTeedcbaabccdeffgghhggedTTTTTTTTTToprssttsrqomkigedcbaaaaaaaaaaaaaaaaaaaabbccccbaabccddcbaaTTTTTijjjjiiiihTTTTTTTTTTcbbaaaaaaaaaTTTTTTTTTTTffggghhiiijjTTTTTTT
TTTTTTTTTTTTTTTTTTabcdddddbabceghijjjihgfecaacdefggggfedcaabddeeeeeddccccddeffggffedbaTTTTTTTTTTTTTeedcbaabcddeefgghhhggedbTTTTTTTTTTpqrstttsrpnljhgedcbbaaaaaaaaaaaaaaaaaaabbbbbaaabcccccbaTTTTTTTjjjjihhggfTTTTTTTTTTbaaaaaaaaaaaTTTTTTTTTTTghhhhiiijjjTTTTTTT
TTTTTTTTTTTTTTTTTTTaccddddcbabdeghiiiihgfecbabcdeeeeedcbaacdeeffffeeddcdddeeffffedcbaTTTTTTTTTTTTgfedcbaabcddeeffgghhhgfedbaTTTTTTTTnoqrstttsrqomljhfedcbbbaaaaaaaaaabbbbaaaaaaaaaaabccccbaTTTTTTTTTjjihggfeddTTTTTTTTTTaaaaaabbaaaaTTTTTTTTTTTiiiiiiiijjjTTTTTT
TTTTTTTTTTTTTTTTTTTTbcdddddcaacdfghiiihhfedbabccdddccbaabcdefffgffeedddddeeeffeedcaaTTTTTTTTTTTTgfedcbaabcddTefffggggggfdcaacTTTTTTlnoqrsttttsrpomkihfedcbbaaaaaaaabbbbbbbbaaaaaaaaabbcccbaaTTTTTTTTiihgfedcbbaTTTTTTTTTTaaabbbbbbbaaTTTTTTTTTiiiiiiiiiiiiTTTTTT
TTTTTTTTTTTTTTTTTTTTTbcdddccbabcefghiihhgedbaabbccbbaaabcdeeffggffeedddddeeeeeddbaTTTTTTTTTTTTThfedbaabccdTTTTeffffggffedbabceTTTiklmoprstuuutsrpnljhgedcbaaaaabbbbbbbbbbbbbbaaaaaaaabbbbbaabTTTTTTTThgfdcbaabbTTTTTTTTTTTaabbccccbbaaTTTTTTTiiiiiiihhhhiiiTTTTT
TTTTTTTTTTTTTTTTTTTTTabccccbbabcdfghhihhgfdcbaabbaaaabbcddeffffffeeddddddeeeedcbaTTTTTTTTTTTTTigedbabccddTTTTTeTTffffeedcbabcefThijkmnpqstuuuutsqomkigfdcbaaabbbbbbbbcccccccbbaaaaaaaaTabbaaTTTTTTTTTfedcaabcdddTTTTTTTTTTTabcccccccbaaTTTTThhiiiihhhhghhhhhhTTT
TTTTTTTTTTTTTTTTTTTTTTaabbbaaabcdefhhiihgfecbaaaaaaabccddeefffffeeddccdddeeedcbaTTTTTTTTTTTTTjhfdbabcdeeTTTTTTTTTTeTeedcbaacdefghijklnpqstuvvvutrpnljhfdbaabbccccccccccccccccbaaabbbTTTTaaTTTTTTTTTTTTcbabcdeffffTTTTTTTTTTTbccddddccbaaTTTfghhhhhgggfffgggggffd
TTTTTTTTTTTTTTTTTTTTTTTaaaaaaabcdefhhiihhgedcbaaaabbccdddeeeeeeeddccccdddeeddcaTTTTTTTTTTTTlkigecabdefTTTTTTTTTTTTTTTdcbaabcdefghijklnoqrtTvwwvusqomjhfdbaabccccccccccccddcccbaabccTTTTTaTTTTTTTTTTTTTTabdefgghhhgTTTTTTTTTTTccddddddcbaaTcdefgggfffeeeefffggfed
TTTTTTTTTTTTTTTTTTTTTTTTccbbbbccdeghiiiihgfeccbbbbbcccddddeeeedddcccccddeeedcTTTTTTTTTTTTTlkjhfdabdefTTTTTTTTTTTTTTTTTcbaabcdefghijklmoqrTTTwwwvtrpmjhecbabccddddcccccccdddccbabcdeeTTTTTTTTTTTTTTTTTTTcdefghiiiihhTTTTTTTTTabcddeeeeddcbabcddeeeeedddddeeffffed
TTTTTTTTTTTTTTTTTTTTTTTTddddccddefghijjjihgedcbbbbbcccdddddddddccccccddeeeedTTTTTTTTTTTTTllkigebadeghhTTTTTTTTTTTTTTTTTaabcdeffghijklmopTTTTTwwvtrpmjhecaabccddcccccccccccccbaabdefgTTTTTTTTTTTTTTcTTTTTfghhijjjiihhTTTTTTTaabccdeeefeeddcaabcccdccccccddeefffed
TTTTTTTTTTTTTTTTTTTTTTTTTfeeeeeefghijjkjjigfedcbbbbcccccccccccccbbccddeffffTTTTTTTTTTTTTlkkjhfcaceghhhhTTTTTTTTTTTTTTTTTabcdefgghijklmnpTTTTTTvvtrpmjhecaabccccccbbbbbbbccccbabcefhhiTTTTTTTTTTTTfffTTTTghiijjjjjiihhTTTTTcbaabcdeefffffedcbaaabbbbbbbbcddeffffe
TTTTTTTTTTTTTTTTTTTTTTTTTTgfffffghijkklkjihgedccbbbbbbbbbbbbbbbbbbccdefgggfeTTTTTTTTTTkkkjjhgebTdfghiihgTTTTTTTTTTTTTTTTTcdeffghhijklmnTTTTTTTTutrpmjhecaabbbbbbaaaaaaabbbbbaabdfgiijjTTTTTTTTTTghhhTTTTTiijjjjjjiihhgTTTdcbbaabcdefgggggfedcbbaaaaaaabbcdeffgfe
TTTTTTTTTTTTTTTTTTTTTTTTThhhggghhijkllmlkjigfdccbbbbbbbaaaaaaaabbbcdefghhhgfdTTTTTTTijjjjihgecTTTfhiiihfeTTTTTTTTTTTTTTTTTdefgghiijkklTTTTTTTTTTsqoljgecbaaaaaaaabbbbbaaaaaaaacdfhijkkjTTTTTTTfhiiiiiTTTiijjjjjjjiiihhgTfedcbbaabcefgghhhhgfedccbbbaaaabcdefgggf
TTTTTTTTTTTTTTTTTTTTTTTTiiiiihiijkklmnmmlkihfdcbbaaaaaaaaaaaaaaabbcdfghiiihfeTTTTTTThhihhhgfdTTTTThiihgfecTTTTTTTTTTTTTTTcdefghhiijkkllTTTTTTTTTTpnljgedbbaaabbcddddddcbaaaaabcdfhijkkkTTTTTTeghijjjjjTjjjjjjjjjTiiihhggffedccbaacdefhhiiihggfedcccbbaabcefgghgg
TTTTTTTTTTTTTTTTTTTTTTiijjjjijjjklmnnonnmkihfdcbaaaaabbbbbbbbbaaabcefhiiiihgecTTTTTggggggffdcaTTTTTiihgfdccTTTTTTTTTTTTTabdefgghiijjkkklTTTTTTTTTTmkigedcccccdeeffggffedcbaaabcdfgijkkkjTTTTTTghjjkkkkjjTjjjjjjTTTiiihhggffeddcbabcefhiijjiihgfeddccbaabdefghhhh
TTTTTTTTTTTTTTTTTTTTTiijjjjjjkkllmnoooonmkihfdbaaabbbccccddddccbabcefhijjihgecaTTTTfffffeedcbaTTTTTThgfedcccTTTTTTTTTTcbabcdefghhiijjjjTTTTTTTTTTTTjhgfeddddefghhiiiihgfdcbbbbcdfghijkkjiTTTTTThijkkkkjTTTiiiiiTTTiiiihhhggfeedcbabdfgiijjjihgffedccbaabdefghhhh
TTTTTTTTTTTTTTTTTTTThiiijjjkkllmnnoppppomkigecbaabccddddeeeeeddcbacdfhiijihgecaaTTTTeeeeddcbTacTTTTTggfedTddeTTTTTTTTfdcbabcdefgghhiiiTTTTTTTTTTTTjihgfeeeefghijjkkkkjigfeccbbcdefhijjjjhgTTTTTgijjjjTTTTTiiiiiiTijjjiiihhggffedcaaceghijjjiihgfeddcbaabdefghhhh
TTTTTTTTTTTTTTTTTTgghhiijjkkllmnoppqqppomkigecaabcdddeefffffffedcabdeghiiihfecaaTTTTTdddcccTTbcTTTTTTffeTTTefhTTTTTTigfdcbabccdefggghTTTTTTTTTTTTihhgffeeffghijklmmmlljigfdccbccdeghiiiihgTTTTTThiiiTTTTThhhiiiijjjjjjjjiihhggfedbabdfhijjjihhgfedccbaabceffghhh
TTTTTTTTTTTTTTTTTgggghhiijkklmnoppqqqqpnljhfdbabcddeefffggghggfedbabdfghhhgfdcaabTTTTcccccTTTbTTTTTTTTeTTTTThikTTTTkjihfedbaaabcdeefTTTTTTTTTTTTggggffffffghijklmnnnnmkjhgedcbccdefghhihhfeTTTTfghhTTTTTTThhhiiijjkkkkkjjiiihhgfecbaceghiiiihgfeddccbaabcdeffggg
TTTTTTTTTTTTTTTTffffggghijkklmnopqqqqponljgecaacddeefffgghhhhhgfedbacdeffffecbaabbTTTTcccTTTTTTTTTTTTTTTTTTTTkTTTTnmlkihgfedcbaabcdTTTTTTTTTTTTffffffffffghhjklmnnoonmlkigedcbbccdefgghhgfecTaceffggTTTTTggghhijjkkkllkkkjjiihhgfdbacdfghhhhgfeedccbbaaabcddeeee
TTTTTTTTTTTTTTffeeeeeffghijklnoppqqqqpomkigebabcdeefffgghhiiiihgfecbabddeddcbaaabbTTTTTccTTTTTTTTTTTTTTTTTTTTTTTTTTonmkjihgfeedcbaTTTTTTTTTddTdeeeeeefffgghijklmnnoonmlkigfdcbbbccdefggggfecbabcdeeeeTeTeffghhijkkllllllkkjjiihgfecabdefggggfeedcccbbbaaabbccccc
aTTTTTTTTTTTTeedddddddefghiklmoppqqqponljhfdbabcdeefffgghhhiiihhgfdcbabbccbbaaabbbbTTTTcccTTTTTTTTTTTTTTTTTTTTTTTTTTonmlkjiihgfedTTTTTTTTTdddddddeeeefffgghiijklmmnnmlkjhgedcbbbbcdeefffffecbaabcddddddddeffghijkllmmmmllkkjjiihgedbacdeffffeddccbbbbbbbaaaaaaaa
bTTTTTTTTTTTdcccbbbbbccdeghjkmnopqqppnmkigecbabddeeffffgghhhiihhgfedcbaaaaaaaabbbbbcTTTTTTTTTTTTTTTTTTTTTTTTTTTTTTTTTponmllkkjihTTTTTTTTTddddddddeeeefffgghhiijkkllllkjihfedcbbbbccdeefffeedcaaabbbcccccddefghikklmmmmmmllkkjjihgfdcabcdeeeddccbbbbbcccccccbbbbb
ddTTTTTTTTbbbbaaaaaaaaabdegijlmooppponlkigecaacddeeeeffffggghhhhggfeddcbbbbbbbbbbbccTTTTTTTTTTTTTTfTgTTTTTTTTTTTTTTTTqponnnmmlkTTTTTTTTTdeeeeeeeeeeefffggghhhiiijjjjjihgfedcbbaabbccdeeeeeedcbaaaaaabbbbcdefghjklmmnnnmmmllkkjjihfecbabcdddccbbbbbbccdddddeeeeee
TfTTTTTTTaaaaaabbccccbbabcegiklnoooonmljhfecaacddeeeeeeeefffggggggffeeddccccccccbbcTTTTTTTTTTTTTTefghTTTTTTTTTTTTTTTTTpppoooonTTTTTTTTTdeffffffeeeeffffggggghhhhhhhgggffedcbbaaaabbcddeeeeedccbbaaaaaaabcdefghjklmnnnnnmmlllkkjihgedbabbcccbbbaabbccdeefffgggggg
ThgTTTTTccbbcccdddeeeedcbacegiklnnnnmlkjhfdcaacddeeeeeeddeeeffffggffffeeddddccccbbTTTTTTTTTTTTTbdefhhiTTTTTTTTTTTTTTTTTTpppppTTTTTTTTTTefghhgggfffffffggggggggfffeeeedddcbbaaaaaaabbcddeeeedddccbbbbaaabcdefgijklmnnnnnmmmllkkjihgfdcaabbbbbaaaabbcdefgghhiiiiii
TThTTTeeddddddeeffggggfedbacegiklmmmmlkihfdcabcdeeeeeddddddddeeffffffffeeedddcccbTTTTTTTTTTTTTaacefhijkTTTTTTTTTTTTTTTTTTppqTTTTTTTTTTdfghiihhggfffffgggghgggfeedccbbbbbaaaaaaaaaaabbcddeeeeedddcccbbaabcdefgijklmmnnnnnmmmllkkjigfdcbaaaaaaaaaabcdefghijjjkkkkj
TTihTgffeeeeeffgghhiiihgfdbacfhjkllllkjigfdbabcdeeeeeddccccccddeefffffffeedddccbTTTTTTTTTTTTTdbacdfhijkTTTTTTTTTTTTTTTTToppTTTTTTTTTTTeghijjiihggffffggghhhgffedcbaaaaaaaaaaabbbaaaabccddeeeeeeedddcbaabcdefhijklmmnnnnnmmmmllkjigfecbaaaaaaaaabcdeghijkkllllllk
TjThhgfffffffgghhijjjjjihfdbadfhjkklkkjigfdbabdeffffeddcbbbbccddeffffffeeddcccbbbTTTTTTTTTTTTecabdfhijlmTTTTTTqTTTTTTTTnnoTTTTTTTTTTTbehijkjjihggffffgghhhhggfdcbaabccccbbbbbbbbbbaaabccdeeeeffeeeddcbabcdefhijkklmmmnnnmmmmllkjigfecbaaaaaaaaabcefhijklmmmmmmll
kTTTggfffffggghiijkkllkkjhfdbbdfhijkkjihgecaaceffggfeedcbbbbbccdeefffeeeddccbbbabbTTTTTTTTTTgfdbacegijlTTTTTTpppTTTTTTmmmTTTTTTTTTTTacfhjkkkjihgffefffghhhhhgfdcaabcddddccccccccbbbaaabcddeefffffeedcbabcdeghiijkllmmmmmnmmmmlkjigfdcbbaaaaaaabcdfgijllmnnnnmmll
TTTTTffffffgghiijkllmmmlkjhfcaceghijjjihfecabdfghhhgfedcbbbbbccdeeffeeddccbaaaaaabTTTTTTTTTTTgecabdfhjTTTTTToooonTTTTTTkTTTTTTTTTTTdacfhjkkjihgfeeeeefghhhhhgfdcabcdeeedddcccccccbbbaabccdeefffgffedcbaacdefghijjkkllmmmmnmmmlkjhgfdcbbbbbaaaabcefhjklmnnnnnmmlk
TTTTTTeeeffgghijkllmnnnmmkigebaceghiiihgfdbacegTiiihgfedcbbbccdeeefeeddcbaaaaaaaabcTTTTTTTTTThfdbacegTTTTTTTnnnnmmTTTTTTTTTTTTTTTTgcadfhjjjihgfedccddefghiihhfecaacdeeeeddccccccccbbaaabcdeeffgggffedbaabdefgghiijjkllmmmmmmmlkihfedcbbbbbbbaabcegijlmnnonnnmlkj
TTTTTTdddeffghijklmnooonnljhfdabdfghhhhgedbbdTTTTjjihgfddccccdeefffeedcbaabbbbbaabcdTTTTTTTTTTgecabdTTTTTTTlmmmmllkTTTTTTTTTTTTTTTfcadfhiiihgedcbbbcdefghiiihgedbacddeeeddccccccccbbaaabcddeffgggffedcbabcdeffghhiijkklmmmmmlkjigfedcbbbcccbaabcegijlmnnnnmmlkji
TTTTTTTccdefghiklmnoopponmkigdbacefghhgfecabTTTTTkkjihfedddddeeffffeecbaabcccccbaacefTTTTTTTTTTgecaTTTTTTTkklllllkjjTTTTTTTTTTTTTgebaceghhgfedcaaaabcdefhhiihgfdcabcddddddccccccccbbaaabccdeeffggffedcbaabcddeffghhijkklmmmmlkjhgedcccccccccbaacegijklmmmmlkjihg
TTTTTTaabcdfghjklmooppppomkigecabdefggfedbaTTTTTTTlkjigffeeeeffgggffdcbabcddddcbaacegTTTTTTTTTTTfeTTTTTTTTTjkkllkkjihTTTTTTTTTTTgfdbaceffffecbaabbaabcefghiiihgecbabcddddccccccccbbbaaabbcddefffgfffedcbaaabccdeefghijkkllllkjihfedcccccddddcbacdfhijklllkjjigfe
TTTTTbaaabdeghjkmnopqqppomkigecaacdeffedcTTTTTTTTTTlkjhggffffgghhhgfdcaacdeeeedcaacegiTTTTTTTTTThTTTTTTTTTTTjkklkkjihfTTTTTTTTTfedcaacdeeedcbabbccbaabdeghiiihgfdcaabcccccccccccbbbaaaabbccdeeffggffeedccbaaabbcdefghijjkkkkkjhgfdcccccddeeddbabceghijjjjihgfedc
TTTTccbbabceghjlmnopqqppnmkigecbabcdeeddTTTTTTTTTTTlkjihhggghhhiihgfecabcdeeeedcbaceTTTTTTTTTTTTTTTTTTTTTTThikkllkjigfeTTTTTTTcccbbabbcddcbaabcdddcbabcefhiiiihgfdcaabTccccccccbbaaaabbbcccdeeffggggffeeddccbaaabcdefhiijjkjjihfedccccddeffeedbabdefghhhgffecbaa
TTeeedcbabcegijlmoppqqponljhfecaabccddTTTTTTTTTTTTTTlkjiihhhiiiiiihfecabcdeffedcbacTTTTTTTTTTTTTTTTTTTTTTTTTTjkllkjigedbTTTTTTTaaaaabbcccbaabcdddddcaacefgiijiihgedbaTTTccccccbbaaabbbcccccddeffggggggggffeeddcbabcdefghiiiiihgfdcccccdeffgffecbabcdeeeedccbabbT
TggffedcabcegiklmopppponmkigedbaabbccTTTTTTTTTTTTTTmmlkjjiiiijjjjihgTcaacdeffeedbaTTTTTTTTTTTTTTTTTTTTTTTTTTijkllkjigecabTTTTTTTcbbcccccbaaabcdeeddcaacdfghijjjihfecTTTTTccccbbaaabccccccdddeeffgghhhhhhhhhgffecbaacdefghhhhhgfedccccdefgghggfecbaabbbbbaabbcdTT
iihhgfdcabdfgiklmnoooonmkigfdbaabbbTTTTTTTTTTTTTTTnnmllkkjjjjjjjjihTTTbabdeefeedTTTTTTTTTTTTTnTTTTTTTTTTTTTTTjlllljifdbaceTTTTTTeedddcccbaabccddddcbaabdeghijjjjihfTTTTTTTccbbaabccdddddddddeefgghhiiijjjjiihgfedbabcdefgggggfeddccccdefghhhhgfedcbbaabbcdeefTTT
kjjihfdcabdfhiklmnnnnmlkigedbaabbcTTTTTTTTTTTTTTTnnnmmllkkkkkkkjjTTTTTTabcdeeeeTTTTTTTTTTTTTonnTTTkTTTTTTTTTTTlmmljhfcacefhhTTTTTgffeedcbbaabccddccbaabdeghijkkkjTTTTTTTTTTbbaabcdeeeeeeedeeeffghhiijkkkkkkjjigfecbabcdefffffeedccbccdeghhiiihgfeedddddefggTTTTT
llkjhfecacdfhikllmmmmljigecbabcccTTTTTTTTTTTTTTmmnnnnmmllkkkkkjjTTTTTTTabcdeefTTTTTTTTTTTTnnnnnTTTkjTTTTTTTTTTTmmljhfcadfhiTTTTTTThhgfedcbaaabbbbbbaabcdeghijkkkTTTTTTTTTTTTTabcdeffffffeeeeeffghiijkklllllkjihgedbaabcdeeffeeddcbbccdeghhiiiihggfffffghhTTTTTTT
mmljigebacefhijklllkkihfdcabcdeeTTTTTTTTTTTTTTllmnnnnmmllkkkjjjTTTTTTTTTbcdeTTTTTTTTTTTTTmnnnnmmTkjigTTTTTTTTTTTmlkhfcadgiTTTTTTTTTjihfedccbaaaaaaaabbcdfghikkTTTTTTTTTTTTTTTTcefgghhggffeeeffgghijjkllmmmllkihgedcaabccdeeeeedccbbbcdefghiiiihhhhghhhiTTTTTTTTn
nnlkigecacefhijjkkjjigfdbacdefTTTTTTTTTTTTThTkklmmnnnmmllkkjjjiiTTTTTTTTTcTTTTTTTTTTTTTTlmmmmmlkkjhgfdTTTTTTTTTTTTkifcbegTTTTTTTTTTTjihgfedccbbbbbbbccdefghjkTTTTTTTTTTTTTTTTTTfghiihhggffeeffgghijkklmmmmlkjihfedbaabbcddeeeddcbbbbbcdefghhhihhhhiiiTTTTTTTTTTo
onmkigecacefhiijjjihgecabdeghTTTTTTTTTTTTTghijkllmmmmmllkjjiiihhhTTTTTTTTTeTTTTTTTTTTTTjllmmlkkjihgedbaTTTTTTTTTTTTifcaeTTTTTTTTTTTTTkjhgfeedddccccdddeefghjTTTTTTTfTbTTTTTTTTTTiijjihhgfeeeeffghiijklllllkjihfedcbaabccdeeeeddcbbaabbcdefgghhhhiiiTTTTTTTTTTTTp
onmljhecabdfghiiihgfecabdfhiTTTTTTTTTTTTTfghiijklTllllkkjihhhggggTTTTTTTTTfTTTTTTTTTTfhjkllkkTihgedcbabdTTTTTTTTTTTTfcaTTTTTTTTTTTTTTTkjhggfeeeeeeeeeeffggTTTTTTTTgecbTTTTTTTTTTTjkjjihgfeeeeefgghijjkkkkjjhgfecbaaabbcddeeeedccbaaaaabcddeffgghhiTTTTTTTTTTTTTT
onmljhfcabdefghhhgfecabdfhiTTTTTTTTTTTTTdefghhijjkTkkjjihhTfffffeeTTTTTTTTThTTTTTTTTcegijkjTTTTedcbabcdfgTTTTTTTTTTTTdTTTTTTTTTTTTTTTTTkihhggfffffffffffgTTTTTTTihfecaaTTTTTTTTTTTkkjihfeeddddeffghiijjiihgfedcaaabbccddeeeeedccbaaaaaaabccdeefgTTTTTTTTTnooTTTT
nnmkjhfdbacdffgggfedbacegiTTTTTTTTTTTTTbcdeffgghiiTTiihgfTTTddddddcTTTTTTTTTTTTTTTTbbdfhiiTTTTTTbabcdefhikTTTTTTTTTTTTTTTTTTTTTTTTTTTTTTjihhggggggggggggTTTTTTTihgedbabbTTTTTTTTTTlkjigfedccccddefgghhhggfecbaabcccdddeeefffeddcbaabbbbaaaabcdeTTTTTTTTmmnnnTTTT
mmlkihfdbabdeffffedcabdfhjkTTTTTTTTTTTaabccddeffgggTgffeTTTTTcccccbbTTTTTTTTTTTTThfcaceggTTTTTTTbcdefghijkmTTTTTTTTTTTTTTTTTTTTtTTTTTTTTTiihhhhhhhhgggTTTTTTTThggedcaabbbTTTTTTTTTTkjhgedcbbbbbcddeffffedcbabcddeeeeeeefffffeedcaaabcccccbbaaTTTTTTTTTTlmmmmnTTT
lkkjhgedbabcdeeeedcbaceghjklTTTTTTTTdcbaaabbbccdddeeddcTTTTTTTaabaaaaTTTTTTTTTmTkigdabdTTTTTTTTTTefghhijklmnTTTTTTTTTTTTTTTTTTsttTTTTTTTTTihhhhhhhhggTTTTTfTffffedcbabbbbaTTTTTTTTTTihfdcbaaaaaabccdddccaabceffggggfffffffffeedcaabccdddddcTTTTTTTTTTTTTlllllTTT
jiihgfecbaaccdddddcbacdfhjkkTTTTTTTedcbbaaaaaaaabbbbbTTTTTTTTTTaaaaabTTTTTTTTmmmkjgecaTTTTTTTTTTTThhiijkklmmnTTTTTTTTTTTTTTTTrstttTTTTTTTTThhhhhhhggTTTTTTTeeeddccbabbccbTTTTTTTTTTTTgecbabbccbbaaabbaaabcefghiiihhgggffffffeddbaabcddeeeeTTTTTTdTTTTTTTTkkkTTTT
hggfeedcbaabccdddccbabdfgijjjTTTTfedccbbbbbbcccbbbbbTTTTTTTTTTTTbaabccTTTTTTmmmmkjhfTTTTTTTTTTTTTTTijjjjkkllmmTTTTTTTTTTTTTToqstttTTTTTTTThhhhggggTTTTTTTTTTccccbaaabcTcTTTTTTTTTTTTTfecabcdddddcbbaabbcefghijkkjjihgggfffffedcbaabcdeefTTTTTTTbdTTTTTTTjjTTTTTT
eeddccbbaabbcccccccbaacefghiiiTTfeddccbbccdddeeeeddTTTTTTTTTTTTTTbbbcdeTgiTklmmlkjiTTTTTTTTTTTTTTTTjjjjjjjkkkkkTTTTTTTTTTTTloqrsssrTTTTTTihhggggfTTTTTTTTTTTabbaaaabcTTTTTTTTTTTTTTTTTdbacdefffeedddddefghijklllkjiihggffffeedcbaabcdeeTTTTTTTabcTTTTTTTThTTTTTT
cbbbaaaaabbbccccccccbabcdfgggggfedccbbbccdeefgggggTTTTTTTTTTTTTTcccccdefghijklllkTTTTTTTTTTTTTTTTTTTjjiiiiiiiiiiTTTTTTTTTTilnprssrqpTTTjihhggfffedTTTTTTTTTTTaTaaabbcTTTTTTTTTTTTTTTTTTabcefgghggfffffgghjkllmmllkjhggffeeeddccbaabcTdeeTTTTTbabcTTTTTTTTTTTTTTT
aabbbbbbbbccccccdddccbaacdeefeeddcbbaabbcdefghiiTTTTTTTTTTTTTTTdddccddeefghijjkkTTTTTTTTTTTTTTTTTTTjjihhhggggggggTTTTTTTTTTknpqrrrqonTkjihhgffeedcTTTbTTTTTTTTTaaabTTTTTTTTTTTTTTTTTTTTTbdfghiiiiihhhhhijkklmmmlkjihgfeeedddccbaaaTTTTdeeTTcbaabdeTTTTTTTTTTTTTT
cdddddddcccccccdddeddccaabccddccbbaaaaabcdfghijTTTTTTTTTTTTTTfeeddddddeeffghhiiTTTTTTTTTTTTTTTTTTkkjihggfffeeeeeeeTTTTTTTTTTmoqqqqpomlkjihggfedcbaaTcdTTTTTTTTTaaaTTTTTTTTTTTTTTTTTTTTTTbdfhijkkkjjjjjjjkklllllkjihgfeddccccbbaaaTTTTTcccccbaabcdeTTTTTTTTTTTTTT
effffeeeddddddddeefffedcbaabbbbbaaaaaaabcdfhiTTTTTTTTTTTTTTTTffeeeeeeeeeeffggTTTTTTTTTTTTTTTTTTTlkjihgfeedddcccccccTTTTTTTTTTnoppponmlkjihhgfedbaacdeefTTTTTTTTTTTTTTTTTTTTTTTTTTTTTTTTTTdfhjkllmlllkkkkkkkkkkkjihgfedccbbbaaaaTTTTTTTTbbaaabcdeefTTTTTTTTTTTTTT
gggggfffeeedddeeffggggfedcbaaaaaaabbbbaacdfhTTTTTTTTTTTTTTTTffffffeeeeeeeeeeTTTTTTTTTTTTTTTTTTTllkjihfedccbbbbbbbbbbTTTTTTTTTmnooonnmlkjiihgfdcabcefgggTTTTTTTTTTTTTTTTTTTTTTTTTTTTTTTTTTTgiklmnnnnmmllkkkkjjiihgfedcbbaaaaaaTTTTTTTTTTaabbcdeeTTTTTTTTTTTTTTTTT
hhhhggfffeeeeeffghhiihhgfdcbbaabbbcccbaabdfTTTTTTTTTTTTTTTTffffffffffeeeddddTTTTTTTTTTTTTTTTTmllkkihgedcbbaaaaaaaaaaaTTTTTTTTTmmnnmmllkjjihgedbacefghiihTTTTTTTTTTTTTTTTTTTTTTTTTTTTTTTTTTTikmooppponmmlkjiihgfeedcbaaabbbbbTTTTTTTTTTTTcdeefTTTTTTTTTTTTTTTTTTT
iiihhgfffeeeeffghiijjjihgfedccbcccccccbabdTTTTTTTTTTTTTTTTffffggggggffeeddcccTTTTTTTTTTTTTTTmlllkjigfecbaaaaaaaaaaaaaaTTTTTTTTTlllllllkkjihgecabdfhijjjihTTTTTTTTTTTTTTTTTTTTTTTTTTTTTTTTTTTlnpqqrqqpnmljihgfedcbaaabcccccTTTTTTTTTTTTTTTfgTTTTTTTTTTTTTTTTTTThh
iiihhgffeeeeffghijkkkkjihgfeddcddddddcbabTTTTTTTTTTTTTTTffffffgghhhggfeedcccbTTTTTTTTTTTTTlllllkjihgedbaaaaaaaaaaaaaaaaTTTTTTTijkkkkkkkjjihfdbacegijkkkjhTTTTTTTTTTTTTTTTTTTTTTTTTTTTTTTTTTTmoqrsssrqomljhfecbaabccdddeeeTTTTTTTTTTTTTTTThijTTTTTTTTTTTTTTTTghii
jiihgffeeTeefghijkklllkjihgfeeddeeeddcbaTTTTTTTTTTTTTTTfeeeeffghhihhggfedcbbTTTTTTTTTTTTTTTlllkkjigfdcbaabbbbbaaaaaaaaaaTTTTTfghiijjkkkjjigfdbbdfhjkllkjhfTTTTTTTTTTTTTTTTTTTTTTTTTTTTTTTTTTTprstttsrpnkigdbabcdeefffffTTTTTTTdTTTTTTTTTTTkkkTTTTTTTTTTTTTeghijj
jjihgfeeTTTefghijklmmllkjhggffeeeeeeddTTTTTTTgTTTTTTTfeedddeffghiiiihgfedcbaaTTTTTTTTTTTiTTkkkkjihgedbaabbbbbbaaaaaaaaaaaTTTcdefghhijjjjihgecacegiklmmlkiTTTTTTTTTTTTTTTTTTTTTTTTTTTTTTTTTTTTTstuuutrpnkhecacefghhhhhhTTTTTTTfedTTTTTTTTTTlTTTTTTTTTTTTbceghijkk
kjihgfTTTTTTfgijkllmmllkjihggffffffeeTTTTTTTeffTTTTeeddcccddefghiiiihgfedcbaaTTTTTTTTTeghTTTkjjihgfecbaabbbbbaaaaaaaaaabbaTaabcdefghhiiihgfdbadfhjlmmmlkTTTTTTTTTTTTTTTTTTTTTTTTTTTTTTTTTTTTTTTuvvutrpmjgdacegijjjjjTTTTTTTTTgfedTTTTTTTTTTTTTTTTTTedbacefhijkll
lkjhgTTTTTTTghijkllmllkkjihhggggggffTTTTTTTTTeeeTdddccbbbbcdefghijiihgfedcbaaaTTTTTTacdfghTTTjiihgedbaabbbbbbaaaaaaabbbccccbbaabcdefghhhgfecabegikmnnnmTTTTTTTTTTTTTTTTTTTTTTTTTTTTTTTTTTTTTTTsuvvutrpmifbbehjkllllTTTTTTTTTTTfedTTTTTTTTTTTTTTTihfecabdfhikllml
mljiTTTTTTTTThijkllllkkjiihhhhhggggTTTTTTTTTTTccccbbbaaaabbcdfghiiiihgfecbbaaabTcTbaabdeghiTTiihgfdcbaabccbbaaaaabbbcccdddddccbaabdeffggfedbacfhjlmnnnmkTTTTTTTTTTTTTTTTTTTTTTTTTTTTTTTTTTTTpqstuuusrolheadgikmmnmmlTTTTTTTTTTgfTTTTTTTTTTTTTTjihgedbacegijlmnnm
nlTTTTTTTTTTTTijkkkkkjjiihhhhhhhhTTTTTTTTTTTTTTbaaaaaaaaaabcdeghiiiihgfdcbbaaabcccbbabcefghTTThgfedbaabccccbaaabbcccdddeeeeeeddcaabcdeeeedcabdfiklmnnnmkjTTTTTTTTTTTTTTTTTTTTTTTTTTTTTTTTTlmoqrstttrpnkgcaehkmnoonmlTTTTTTTTTTTTTTTTTTTTTTTTjjihgfdcabdfhjkmnoon
nTTTTTTTTTTTThijjkjjjiihhggghhhhTTTTTTTTTTTTTTTaaaabbbbbaaabcefghiihgfedcbaaaabbcccbaabdefghTTTfedbaabccdccbaabbcdddeeeffffffeedcaabcddddcaacegiklmnnmlkTTTTTTTTTTTTTTTTTTTTTTTTTTTTTTTTTjkmnpqrrrrqolifbcfilnoooomlkTTTTTTTTTTTTTTTTTTTTTiiihhgfecbacdfhjlmoooo
TTTTTTTTTTTTghiijjiihhggffgggghTTTTTTTTTTTTTTTTTbbbbbbbbbaaacdegghhhgfedcbaaaabbcccbbabcdefggTTedcaabcddddcbaabcddeefffgggggffedcbaabcccbaacdfhjklmmmmljTTTTTTTTTTTTTTTTTTTTTTTTTTTTTTThijklmnoopppomkhdadgjmnopoomlkiTTTTTTTTTTTTTTTTTTfgggggfeecbabcegijlnoppp
TTTTTTTTTTTgghhiihhggfeeeeeffgTTTTTTTTTTTTTTTTTbbccccccbbbaabcefggggfeddcbaaaabbccccbaabcdeeeTTTbaacdeeeeddbaabcdefggggggggggffedcbaabbbaabcegijklmmlkjihTTTTTTTTTTTTTTTTTTTTTTTTTTTThhiiijjkllmmmmlkifcaehkmooponmkjigTTTTTTTTTTdcbTTcddeeeeeedcbaabceghjlnoppT
oTTTTTTTTTggghhhhgffeddccddeeTTTTTTTTTTTTTTTTTTTbccccccbbbaabcdefffffedcbbaaaabbcccccbaabcddddTTTacdeffffedcaacdefgghhhhhhgggfeedcbaaaaaabcdfgijklllkjigfTTTTTTTTTTTTTTTTTTTTTTTTTTiiiiiihhiiiijjjjihfdacehkmnooonlkihgTTTTTTTTTddcbaaabccddddccbbaabcefhjkmnTTT
nTTTTTTTTgggggggffedcbbbbbcTTTTTTTTTTTTTTTTTTTTTTbbbbbbbbbbaabcdeeeeedccbaaaabbccddddcbaaabbbTTTTTdefggggfecaacdfghhiiiihhggffedcbbaaaaaabcdfgijjkkjihgfdcTTTTTTTTTTTTTTTTTTTTTTTTiiiiihhggffffggggffdbacfhklnnnnmkjhgfeTTTTTTedddccbaaabbbbbbbbaaaabcdfgiklmTTT
mmTTTTTgggggggffedcbaaaaaaTTTTTTTTcTTTTTTTTTTTTTTaabbbbbbbbaaabcddeeddcbbaaaabccdeeeeedcbbaaTTTTTTfgghhhgfecaacefghiiiiihhgffedcbbaaaaaaabcdfghiiiihgfecbaTTTTTTTTTTTTTTTTTTTTTTjjjjiihgffeddcccddddcbabdfhjlmmmmlkihgeeTTTTddddddccbbaaaaaaaaaaaaaabcdefhiklmTT
llTTTThggggfffeedcaabbcccTTTTTTTTbbaTTTTTTTTTTTTTTaaaaaabbbbaaabccdddccbaaaabccdeffggffeedcccTTTTTThhiihhfecaTcefghiiiiihggfedcbaaaabbaaabcdefghhhgfecbaabbTTTTTTTTTTTTTTTTTTTjjkkjjiigfedcbaaaaaaaaaabcefhikllllkjigfeddTcddddddddcccbbbbaaaaaaaaaaabbcefhiklTT
kkjTThggggfffedcbaabcdeeedTTTTTaaaaaTTTTTTTTTTTTTTTbaaaaabbbbaaabccccccbaaabcddefghiiihhgfeedTTTTTTTiiihhfeTTTTefghiiiiihgfecbaaabbcccbbaabcdeffffedbabcdddTTTTTTTTTTTTTTTTTTjjkkkkjihgedbabccdddcccbccdefghijjjjjihgfedddddddddddddccccccbbbaaaaaaaTTabcefhijkT
jjihhggggfffeedbaacdeffgffeTTTcbbbbccTTTTTTTTTTTTTTTbbaaabbbbbaaabcccccbaabbcefghijkkkkjihggffTTTTTTTihhTTTTTTTTfghiiiihgfecbaabcdddddccbaabcdddddcaaceffgfeTTTTTTTTTTTTTTTiijkkkkkjihfdbabdefffffeeddddeffghhiiihhgffedddddddddddddddddddcccbaaaaTTTTaabcdfgiiT
ihhhgggggfffedcaacdfghhhhggfTeddddddddTdTTTTTTTTTTTTTcbaabbcccbaabccdccbaabcdeghjklmmmmlljihggTTTTTTThhTTTTTTTTTfghhiihgfedbabcdeeeeeedccbaaabbbbaacdfhiiihgeTTTTTTTTTTTThiijkklllkjigecabdTghiihhgffeeeeeefffgggggffeeeddddeeeeeeeeeeeeeeedccbTTTTTTTTbaacdfghh
hhgggggggfffedbabdfghiiiihhgffeeedddddddTTTTTTTTTTTTTdcbabccccbbabcddddcbaacdfhikmnoopoonlkjhgfTTTTTTTfTTTTTTTTTTTghhhggedbabcdefffffeeddcbaaaaaabdegijklkjhfTTTTTTTTTTiiiijjkllllkjigebaTTTTjjjjjihgfeedddddeeeeeeeeeeeeeeeeeeeeeeefffffffedTTTTTTTTTTdcaacdfgg
gggggggggffeecbaceghijjjjihhgffeeeeeeeeeeTTTTTTTTTTTTTcbabccddcbabcdeeedcbacdfhjlnopqqqponljigfeTTTTTTTTTTTTTTTTTTfggggfdcaacdffgggggfeeddccbbbcdefhjlmnnnljgdTTTTTTTjjjiijjkkllllkjigdbTTTTTkllkkjihgeedccccccccdddeeeeeeffffffffffggggggTTTTTTTTTTTTTedcabceff
fffffgggggffdcabdfhijkkkjjihgffeeeeeeeeddeTTTTTTTTTTTTTcabcdddcbabcdeffedcabdfhkmoprrsrqpomkigedTTTTTTTTTTTTTTTTTefffffecbabdefghhhggffeeddccddefgikmopqqpnkhebceTTjkkkjjjjjkkllmlljigTTTTTTTTlllkjihgedcbbaaaaabbccddeeffffgggggggghhTTTTTTTTTTTTTTTTTTedbabdef
fffggggggggfdcabdghjkkkkkjihgffeeedddddddddTTTTTTTTTTTdcaacddddbabcefggfedbacfhkmoqrsssrqomjhfdcbTTTTTTTTTTTTTTcdeefffedcabcefghhhhggffeeddddefghjlnpqrssrpmifbcfhjkkkkkjjjjkkllmmlkTTTTTTTTTTlmllkihgedcaaabbbbaaabcdeeffgggghhhhhTTTTTTTTTTTTTTTTTTTTTfecaacde
ffgggghhhhgfecacegijkkkkjihggfeeddddccccccdTTTTTTTTTTTTcaacddddcabdegghhgedbbegjmoqrsssrpnljgecaaTTTTTTTTTTTTTccddeeeedcbabdegghhhggffeeedeeefghjlnprtuuusqnjfbbfhjkllkkjjijjkklmmlTTTTTTTTTTTTllkjihfecbabccddccbaacdeefggghhhhhTTTTTTTTTTTTTTTTTTTTTihgfdbabdT
ffgghhiiihhfecacegijkkkkjihgfeddcccccbbbbbccTTTTTTTTgTecaacdeedcabdeghiihgecacfilnprrsrqpnkifcabcdTTTTTTTTTTbbcccdeeeedcaacdfgghhggffeeeddeefghjlnprtvwwvurokgcbehjkllkjiiiiijkllTTTTTTTTTTTTTTkkjihgedbabcdeeeedcbabcdefggghhhhiTTTTTTTTTTTTTTTTTTThiiihfecaTTT
fgghiijjjihgecacegijkkkjihgfedccbbbbbaaaaaabbTTTTTTTfedcaacdeedcbacfgijjihgebadgjmopqqqpnljgdbbdefTTTTTTTTTTTbbccddeeedcabcefgggggffeeddddeefhikmoqtvwxxwvsplhcbehjklkjihhgghijkTTTTTTTTTTTTTTTTjihgfdcaacdeffffedcaacdeffggghhhhTTTTTTTTTTTTTTTTTeghiiihgeTTTTT
fghijjkkkjigecacegijjjjihgfedccbbaaaaaaaaaaTTTTTTTTTTedcaacdeedcbacegijkkjhfdacfhkmnooonljhebadfgTTTTTTTTTTTTTbccddeeddbabcefggggffeddddddefghjlnpsuwxyyxvtplhdaehjkkjihgffffghijTTTTTTTTTTTTTTTThgfdcbabdefggggfecbabcdeffggggghhTTTTTTTTTTTTTTabdfhiiihgTTTTTT
fgijkkllkkihfcaceghijjiihgfedcbaaaaaabbbccTTTTTTTTTTTdcbaacdeeedbacegijkkkjhfcadgiklmmmljhfcacfgiTTTTTTTTTTTTTTbccddddcbabceffgfffedddddddefgijloqtvxyzyxvtplhdaegijjihgeddddeghiTTTTTTTTTTTTTTTTTfdcbabcefgghhgfedbaacddeefffffgghTTTTTTTTTTTfdabdfhiiiTTTTTTTe
fhijkllmlkjhfcaceghiiiihgfedcbaaaabbbccdTTTTTTTTTTTTTTbaabcdeeedcabdgijlllkigebbegijkkjihfcacegijkTTkTTTTTTTTTTbbccdddcbabceeffffeeddddddeffhikmortvxyyyxvsplhdadghiihgedcbbcdeghiTTTTTTTTTTTTTTTfdcbabcefghhhhhgfdcbabccddddddeeffTTTTTTTTTTTfdabdfghTTTTTTTabd
fhiklmmmmljhfcaceghiiiihgfedcbaaabbbccTTTTTTTTTTTTTTTTTaabcdeeeecbadfijlmmlkifdaceghiihgecabegikllllkjTTTTTTTTTTabcccccbabcdefffeeedddddeefghjkmortvwxyxwurokgcadghhhgedbaaaabdefghTTTTTTTTTTTTgfdcbabdefgghhihhgfedbaaabbbbbbbcccdeTTTTTTTTTTecabdeTTTTTTTTTabT
egiklmmmmljhecacfgiiiiihgfedcbaaabbccTTTTTTTTTTTTTTTTTaabbcdeffedbacfhjlmmmkjgebacefgffecabegijllmllkjhgTTTTTTTTTabbccbbabcdeeffeeedddeeffghijlnorsuwwxwvtqmjfbbeghhgfdbabbbaabdeffTTTTTTTTTTggfedbabcefgghhiihhgTedcbaaaaaaaaaaaabbcTTTTTTTTTTcabTTTTTTTTTTTTTT
dghjklmmlkjgebadfhijjiihgfedcbaaabcTTTTTTTTTTTTTTTTTdcbbbcdeefffdcacehjlmmmljhfdabcdeedcabdfhjllmmlkjigfTTTTTTTTTTaabbbaabcdeeeeeeeeeeffgghijklnoqstuvvutrolheacegggfecaacccbaacdeeTTTTTTTTTgggfdcaacdfgghhhhhhTTTTdccbbbbccccddccbaabTTTTTTTTTbTTTTTTTTTTTTTTTT
cfhikllllkigdbbdghijjjihgfedcbaaabTTTTTTTTTTTTTTTTTfedcccddeffffecabegjkmmmlkigecabcccbabdfhjklmmmlkihfecTTTTTTTTTTaaaaaabcddeeeeeeeeffghhijjklnoprstttsromjfcadfgggfdbabccccaabcdddTTTTTTfgggfedbabdefghhhhhhTTTTTddcccddeeffffffedcbTTTTTTTTTTTTTTTTTTTTTTTTTT
beghjkllkjhfdabegijjjjiihgfedcbaTTTTTTTTTTTTTTTTTihgfeddddeffggfedbbdgiklmmlkjhecbabbbaacegijllmmlkjhfecbTTTTTTTTTTbaaaaabccdeeeeeeefgghiijjkllmnpqrrrrqomjgdacegghgfdbabcccbaabcdddTTTTdefgggfedbabdefghhhhTTTTTTTTddddeffghiiiiihgfedTTTTTTTTTTTTTTTTTTTTTTTTT
acegijjkjihfcacegijjjjjihgfeedcTTTTTTTTTTTTTTTTTjihgfeeddeefggggfdbadfiklmmlkjhfdbaaaaabcegijllllkjhgecbabTTTTTTTTTTbaaaabccddeeeeeffghijjkkllmmnooppppomkhebbdfhhhgfdbaabbbaabccddcbTacdefgggfedbabdefgggTTTTTTTTTTTcdefghijkklllkjihfeTTTTTTTTTTTTTTmmTmlkTTTT
abdfgiijiigecacegijjjjjiihgfeedTTTTTTTTTTTTTTTTjjihgfeeeeeffgghgfecacfhjklllkjhfdcaaaaabcegijklkkjigedbabceTTTTTTTTTbaaaabbcdddeeeefgghijkkllllmmnnnnnmljhfcadfhiiihfecbaaaaabccdddcbaacdefggffecbabdeffgTTTTTTTTTTTTTdefhijlmnnnnmmkjhgTTTTTTTTTTTjkmnoonmlTTTT
bacefghiihgecabefhijjjjiihhggfedTTTTTTTTTTTTTiiihhgffeedeefgghhgfecacegijkkkjihfdcaaaaaacefhijjjihgfdbabcdfTTTTTTTTTTbaaabbccddddeeffgijkkllllllllmmllkjhfdacegijjihgedbbaabccdeeeedcbabcdefffedcbabcdeTTTTTTTTTTTTTTTcefhjlmnoppponmljhgTTTTTTTTTTklnoppoTTTTTT
cabdefghhhgedabdfghiijiiiihhhggTTTTTTTTTTTTTfggggffeedddeefghhhhgecabdfhijjjjigfdcaaabaabcefhhihhTfdcabcdefgTTTTTTTTTTbaabbccdddddeefghijklllllkkkkkkjihfdbbdgijjjjigfedcccddeffffeecbaabddeeeedcbabcdTTTTTTTTTTTTTTTTTdfhjlnopqqqqpnmkihfTTTTTTTTTTnopppTTTTTTT
TaacdfghhhgfdbacdfghhiiiiiiiiTTTTTTTTTTTTTcddeeeedddcccddefghhhhgfdbacefhiiiihgedbaabbbaabceffgfTTTcaacdefghhTTTTTTTTTTbbbbccccccddefghijkkkkkkjjjjiihgfdbadfhjkkkjihgeeddeefgggggfedcbaabcddddccbabTTTTTTTTTTTTTdTTTTTTfhjmnpqrrrqpomljhgfTTTTTTTTTTppqTTTTTTTe
TaacdfghhhhgedbacdfgghhhiTjjTTTTTTTTTTTTTbaabbbbbbbbbbbcdefghhhhgfecabcefgghggfedbabccccbaabcddTTTTaabcefgghhhTTTTTTTTTbbbbccccccccdefghijjjjjjiihhhgfedcacegikkllkjhgfffffghhiihhgfedcbaabcccccbaTTTTTTTTTTTTTdeeTTTTTTThjmopqrrrqpomljigffTTTTTTTTTpTTTTTTTTge
TTacdfghhihhfecaacTTffgTTTTTTTTTTTTTTTTfedcbbaaaaaaaaaabcdeghhhhhgfdcaacdeefffedcbabcddddcbaabTTTTTTbcdefghhhhhTTTTTTTTTbbbccccbbbccdefghiiiiihhggffeedbabdfhjklllkjihgffgghiijjiihgfedcbaabbbbbbTTTTTTTTTTTTbceeffTTTTTThjlnpqrrqqpnmkjiggfTTTTTTTTTTTTTTTTjhfd
TTbcefghijiihfecaTTTTeTTTTTTTTTTTTTTTTihgffedddcccccbbaabdefhhiihhgfdcbabccddddcbaacdeefeedcTTTTTTTTTdeffghhhhgTTTTTTTTTTbccccbbbbbccdefghhhhhgffeeddcbaacegijllllkjihgggghiijjjjihhgfedcbaaabbTTTTTTTTTTTTTacdefggfTTTTTTjlnopqqqponlkjhggggTTTTTTTTTTTTTTjhgec
TTTdfghijjjjihfdcTTTTTTTTTTTTTTTTTTTTlkjihhgfffeeeeddcbabcefhiiiiihgfedcbaabcccbaabceffggffTTTTTTTTTTTefgghhhhggTTTTTTTTTTcccbbbaabbccdeffggffeedccbbaabcdfhikllmlkjihggghhiijjjjihhgffedcbaaTTTTTTTTTTTTTaabcdefggfeTTTTTTkmnoppoonmkjihgggghTTTTTTTTTTTljhgecb
TTTfghijkkkkjigfdcTTTTTTTTTTTTTTTTTponmlkjiihhggggffedcaacefhijjjjjihggedcbaaaaaaacdefghhTTTTTTTTTTTTTefghhhhhgffTTTTTTTTTcccbbaaaaabccdeeeeeddcbbaaabbcdeghjklmmlkjihgggghiiijiiihhgffeddcTTTTTTTTTTTTTTbaabcdefggfeTTTTTTTlmnnnnmlkjihhggghhTTTTTTTTTlkjhfecaa
TTfghijkllllkjigfedTTTTTTTTTTTTTTTqqponmlkkjiiihhhggfecbacefhijkkkkkjjihgfdcbaaaabcdfghhTTTTTTTTTTTTTTTfghhhhhgfeTTTTTTTTTTccbbaaaaaabbccddccbbaaabcccdeefhijklmmlkjihggggghhiiihhhggffeedTTTTTTTTTTTTTbbbaaacdeffffecTTTTTTklmmmlkkjihhggghhijTTTTTTTTTihfdbabc
TghijjkllmllkkjhgTTTTTTTTTTTTTTTrrrqpoonmlkkjjiiiihgfedbacdfhijkllmmllkjihfedcbbbccefgTTTTTTTTTTTTTTTTTTgghhhggfedTTTTTTTTcccbaaaaaaaaabbbbbaaabccddeeeffghikllmllkjihgffffgggggggggfffeTTTTTTTTTTTTTbbbbbaaabcdeffedcaTTTTTTkkkkjjihhgggghhijjkTTTTTTTThfTTacde
hijjkllmmmmllkjiTTTTTTTTTTTTTToqqqqqpoonmlkkjjjjiihhgfdbabdfhiklmmnnnnmlkjhgedccccdefTTTTTTTTTTTTTTTTTTTfgghggffeddTTTTTdddccbaaabbbbaaaaaaabccdefffgggghhijkllmllkjihgffeefffffffffffTTTTTTTTTTTTTTTTbbbbaaabcdeeeedbaTTTTTTTiiihhgggffgghhijkllTTTTTTTTTTTTefg
jkkllmmmmmmmllTTTTTTTTTTTTTTTTTopqqpponmmlkkjjjjiiihgfdbabdfhiklmnooooonmkjhfedcccdTTTTTTTTTTTTTTTTTTTTTTfgggffeddcTTTTddddccbaabbcccccbbcccdeffgghhhhhhhiijkllmllkjihgfeedddeeeeeeeeTTTTTTTTTTTTTTTTTbbbbaaabcddeedcbabTTTTTTTggfffeeeffgghijkllmTTTTTTTTTTeghi
lmmmmmmmmmmlTTTTTTTTTTTTTTTTTTTTooooonnmlkkjjiiiiihhgfdbabdfhiklmnopppponmkihfTdccTTTTTTTTTTTTTTTTTTTTTTeeffffeddcccTcddddddcbaabccddddddeeffghhiijjiiiiiijjkllmllkjihfeddcccccddddTTTTTTTTTTTTTTTTTTTTbbaaabbcdddddcbabcTTTTTTeedddddddefghijkllllTTTTTTTcegijk
mnnnnnnmmmmTTTTTTTTTTTTTTTTTTTTTTnnnnmmlkkjiiihhhhhggedcabdeghjkmnoppqqponljTTTTTTTTTTTTTTTTTTTTTTTTTTccddeeeddccccccdddeeddcbaacddeeffffgghhijjkkkkjjjiiijjklllllkjihfedccbbbbccTTTTTTTTTTTTTTTTTTTTTTTaaaabccdddddcbaabcTTTTTTcbbbbbbcdefghijklllTTTTTTTTfhjlm
noooonnmmTTTTTTTTTTTTTTTTTTTTTTTTlmmmllkjjihhhghhhggfedcaacdfhiklmoppqqppnmTTTTTTTTTTTTTTTTTTTTTTTTTTTbbcccccccbbbbbccdeeeedcbabcdefgghhhiijjkkllllkkjjiiiijjkllllkjihfedcbaaabbTTTTTTTTTTTTTTTTTTTTTTTTaaabbcddddddcbaaabTTTTTTTaaaaaabcdefghijkkkkTTTTTTTTikmn
oopooonmTTTTTTTTTTTllkTTTTTTTTTTTTllllkjjihggfffgggffedcbabdefhiklnopqqqpTTTTTTTTTTTTTTTTTTTTTTTTTTTTaaaabbbbbaaaaabccdeeeeedbabcefghijjjkkklllmmmllkjiihhiijjklllkjihfedbbaaaTTTTTTTTTTTTTTTTTTTTTTTTTTTabbccddeeddccbaaaaTTTTTTTcccbbaabcefghijjjjiTTTTTTTTlmn
opppooTTTTTTTTTTTTmmllTTTTTTTTTTTTTkkkjjihgffeeeffffeedcbaabdefhiklnopppTTTkTTTTTTTTTTTTTTTTTTTTTTTcbbbaaaaaaaaaaaaabcdefffedcabdegijkkllllmmmmmmmlkjiihggghiijkkkkjihfedbaaTTTTTTTTTTTTTTTTTTTTTTTTTTTTTTbccddeeeeedccbaTTTTTTTTTTdddcbaabcdfghiiiihTTTTTTTTlmn
opppTTTTTTTTTTTTkllllTTTTTTTTTTTTTTTkkjihgfeeddddeeeeedccbaabcefhikmnoTTTTmkiTTTTTTTTTTTTTTTTTTTTTddcccbbbbbbcccbbaabcdeffffecbadfhjklmmmmmnnnnmmllkjhggfffgghijjkjjihfedbaTTTTTTTTTTTTTTTTTTTTTTTTTTTTTTTbcddeefffeeddTTTTTTTTTTTTTeeedcbabcdefghhhgfTTTTTTTTmT
oopTTTTTTTTTTTTjkklTTTTTTTTTTTTTTTTTkTjihgfedccccdddddddccbaabcefhikTTTTnnlkigTTTTTTTTTTTTTTTTTTfeedddcccccdddddccbabcefggggfdbadfhjlmnnnnnnnnmmllkjhgfedddefghiijjihgfedTTTTTTTTTTTTTTTTTTTTTTTTTTTTTTTTTTcdeeffffffTTTTTTTTTTTTTTfffeedcbabcdefggggfdTTTTTTTTT
ooooTTTTTTTTThiijjTTTTTTTTTTTTTTTTTTTTTihgedcbbbbccddddddccbaabcdfhTTTTnTmljhfdTTTTTTTTTTTTTTTThgffeeddddddeeeeedcbabcefghhgfecacfhklmnnnnnnmmmllkjhgfdcccccdefghiiihgfTTTTTTTTTTTTTTTTTTTTTTTTTTTTTTTTTTTbcdeffggggTTTTTTTTTTTTTffggffeedcbabcdeffffedTTTTTTTTT
noTTTTTTTTTTTTghhTTTTTTTTTTTTTTTTTTTTTTThgedcbaabbccdddddddccbabcTTTTTTTTTkihTTTTTTTTTTTTTTTTjihhgfeeddddeeefffedcbabdeghiihgfcacfhklmnnnnmmmllkjihgedcbaaabcdefghhhggTTTTTTTTTTTTTTTTTTTTTTTTTTTTTTTTTTaabcdeffggTTTTTTTTTTTTTeeffggfffedcbaabcdeefeedcTTTTTTTT
TTTTTTTTTTTTTffTTTTTTTTTTTTTTTTTTTTTTTTTTgedbaaaabbcdddeeeddccbaTTTTTTTTTTjTTTTbTTTTTTTTTTTTjjiihgfeeeddeeeffffeecbabdfgiijihfdacfhjlmnnnmmlkkjjihgedbaaaaaabcdeffggTTTTTTTTTTTTTTTTTTTTTTTTTTTTTTTTTTbbaabcdeffTTTTTTTTTTTTTdddeefffffeedcbaabccdeeedcbaTTTTTTT
TTTTTTTTTTTffeTTTTTTTTTTTTTTTTTTTTTTTTTTTgedbaaaabbcddeeeeeedcTTTTTTTTTTTTTTTTTTTTTTTTTTTTjjjjihhgfeeddddeeffffedcbaceghijjjhgdbbehjklmmllkkjiihgfedbaabbbbaabcdefTTTTTTTTTTTTTTTTTTTTTTTTTTTTTTTTTTTbbbbaabcdTTTTTTTTTTTTTTccdddeeeeeeeddcbaaabcdddddcbabTTTTTT
TTTTTTTTTTgfeddTTTTTTTTTTTTTTTTTTTTTTTTTTTfdbaaaabbcdeeeeeeeeTTTTTTTTTTTTTTTedbaaTTTTTTTTiiiiihhgfeeddddddeeeeeedbabdegijjkjigebbegikkllkkjihhggfedcaabbccbbaabcdTTTTTTTTTTTTTTTTTTTTTTTTTTTTTTTTTTbbcccbbaabTTTTTTTTTTTTTddcccdddddddddccbbaabbcdddddcbabTTTTTT
TTTTTTkTihfedccbTTTTTTTTTTTTTTTTTTTTTTTTTTTdcbaaabcddeeffffeedTTTTTTTTTTTTTTTcbaabTTTTTfgghhhggffedddccccdddedddcbabdfhijkkjigebbdghjjkjjihggffeddcbaabcccbbaabTTTTTTTTTTTTTTTTTTTTTTTTTTTTTTTTTTaabcccccbaaacTTTTTTTTTTeedcccccccccccccbbaaabbccddddccbaacTTTTT
TTTTllkjhgfedcbaTTTTTTTTTTTTTTTTTTTTTTTTTTTdcbbbbcddefffffffeddTTTTTTTTTTTTTTbaaabTTTTddeeeeeeedddccbbbbbccccccbbabcefhijkkjigebadfhiiiihggfeeddccbaaabbbbbaaTTTTTTTTTTTTTTTTTTTTTTTTTTTTTTTTTTaaaabbcccccbaabTTTTTTTTTfeddccbbbbbbbbbbaaaaabbccdddddccbaabdTTTT
TTTTTkjihgfedcbaaTTTTTTTTTTTTTTTTTTTTTTTTTfeccbbccdeffgggfffeTTTTTTTTTTTTTTTTTaaabbTbbbbbbbbcbbbbbbaaaaaabbbbbbaaacdeghijjjjhgebacegghhggfedddccbbaaaaabaaaTTTTTTTTTTTTTTTTTTTTTTTTTTTTTTTTTTTaaaaaabbccccbbaaaTTTTTTffeedccbbaaaaaaaaaaaabbccdddeeeddcbaabcTTTT
TTTTTjiihgfedcTaaTTTTTTTTTTTTTTTTTTTTTTTTTTedcccddefgggggggfTTTTTTTTTTTTTTTTTaaaaaaaaabbbbbbaaaaaaaaaaaaaaaaaaaabbcdfghiijjihfdbacdffgffeddccbbbbaaaaaaaaaTTTTTTTTTTTTTTTTTTTTTTTTTTTTTTTTTTaaabbaaaaabbcccbbaaTTTTeefeedccbaaaaaaaaaabbbbccdddeeeeeeddcbaabcTTT
TTTTTTihhgfeTTTTTTTTTTTTTTTTTTTTTTTTTTTTTTTedccddefghhhhhggTTTTTTTTTTTTTTTTcbaaaaaabccdddeeeddddccccbbbbbbbbbbbbccdeefghhiihgfdbabdeeeeddccbbaaaaaaaaaaaTTTTTTTTTTTTTTTTTTTTTTTTTTTTTTTTTTdcbaabbbbaaaaabbbcbbaaTbcddeddccbaaaabbbbbbbcccccddeeffffffeedccbaabTT
TTTTTTThhgTTTTTTTTTTTTTTTTTTTTTTTTTTTTTTTTTTddddefghhiiiiTTTTTTTTTTTTTTTTTdcbaaaaabcdeffggggggfffeedddccccccccccdddeeffgggggfedbabcddddccbbaaaaaaaaaaaTTTTTTTTTTTTTTTTTTTTTTTTTTTTTTTTTTTfdcbaabbbcbbbaaabbbccbaaabccddcbbaabbbccccccccccdddeeffgggggffeeddcbaaT
TTTTTTThhTTTTTTTTTTTTTTTTTTTTTTTTTTTTTTTTTTTTddefghiijjjTTTTTTTTTTTTTTTTffedcbbabbcdfghhiijjiihhggfeeedddddddddddddddeeeffffedcbaabccccbbaaaaaaaaaaaaTTTTTTTTTTTTTTTTTTTTTTTTTTTTTTTTTTgfedcbaabbccccccbaaabcccbaaabbcbbaaabccdddddddddddddeeffghhhhhhgggffedcba
TTTTTTTTiTTTTTTTTTTTTTTTTTTTTTTTTTTTTTTTTTTTTdeefgiijkTTTTTTTTTTTTTTTTTggfeedcbbccdfghijkkkkkkjiihgffeeeeeefffeeedddddddddedddcbaabbbbbbaaaaaaaaaaaTTTTTTTTTTTTTTTTTTTTTTTTTTTTTTTTTTfffeedcbaabbcdddddcbaaabccbbaaaaaaaabbcddeeeeeedddddddeffghhiiiiiiiihhhgfec
TTTTTTTTiTTTTTTTTTTTTTTTTTTTTTTTTTTTTTTTTTTTTTefghijkTTTTTTTTTTTTTTTTTfgggfeedccddeghijklllllkkjihhgfffffffggfffeddccbbbccccccbbaaabbbaaaaaaaaaaaTTTTTTTTTTTTTTTTTTTTTTTTTTTTTTTTTTcdddeeddccbaabcdeeeedcbaaabbbbbaaaaaabcddeffffffeeeddddeeffghiijjjjkkkjjjihgf
TTTTTTTTTTTTTTTTTTTTTTTTTTTTTTTTTTeffTTTTTTTTTefhijkTTTTTTTTTTTTTTTTcefggggfeeddeefhijklmmmmllkjihhgffffgggggggfedcbbaaaaabbbbbbaaaaaaaaaaaaabbbTTTTTTTTTTTTTTTTTTTTTTTTTTTTTTTTTTaabccddddccTaabcdefffedcbaaabbbbbaaabbcdeefgggggffeeddddeefgghijjkklllllllkjig
TTTTTTTTTTTTTTTTTTTTTTTTTTTTTTTTTTefffTTTTTTTTTghiTTTTTTTTTTTTTTTTTacefghhggfeeeefghikllmmmmlkjjihggfffggghhhhgfedcbaabbaaaaaaaaaaaaaaaaaaaaabTTTTTTTTTTTTTTTTTTTTTTTTTTTTTTTTTTbbbaaabccddTTTTabcdeffffedcbaaabbbbbbbbcdeefgghhgggfeedddddefghhijkkllmmmmmmlkjh
TTTTTTTTTTTTTTTTTTTTTTTTTTTTTTTTTTffffTTTTTTTTTTiTTTTTTTTTTTTTTTTfcabdfghhggffeeffghjkllmmllkjjihgffffffghhhhhgfedbaabcccbbaaaaaaaaabbbaaaaaTTTTTTTTTTTTTTTTTTTTTTTTTTTTTTTTTTcccccbbaabbTTTTTTaabdefffffedcbaaaabbbbbccdefgghhhhggfeedddddeffghijkllmmnnnnmmlki
TTTTTTTTTTTTTTTTTTTTTTTTTTTTTTTTTTTggffTTTTTTTTTjTTTTTTTTTTTTTTTigdbbdegggggffeeffghijkllllkjihggfeeeeffghhiihgfedbabccddccbbaaaaabbbbbbaaaTTTTTTTTTTTTTTTTTTTTTTTTTTTTTTTTTTddeeeddcbaTTTTTTTTTabcdeffffeddcbaaaaabbbcddefgghhhggffeedddddeefghijkllmmnnnnmmlji
fTTTTTTTTTTTTTTTTTTTTTTTTTTTTTTTTThggTTTTTTTTTTTTTTTTTTTTTTTTTmljgebacefgggffeeeefghijkkkkkjihgfeeddddefgghhihgfecbabcdddddcbbbabbbbcccbbTTTTTTTTTTTTTTTTTTTTTTTTTTTTTTTTTTcdeefffeedTTTTTTTTTTTaabcdeeffeedcbbaaaaaabccdeffgggggffeedddcdddefghijkllmmmmmmllkih
eTTTTTTTTTTTTTTTTTTTTTTTTTTTTTTTThhhTTTTTTTTTTTTTTTTTTTTTTTTTonljhfcabdefffeeddddefghijjjjjihgfedcccccdefghhhhgfecbabcdeeeddccbbbbcccccTTTTTTTTTTTTTTTTTTTTTTTTTTTTTTTTTTcddeffggffTTTTTTTTTTTTTTaabcdeeeeeddccbbaaaaabccdeeffffffeedddccdddefghijjkllllllkkjihf
caTTTTTTTTTTTTTTTTTTTTTTTTTTTTTiiiiTTTTThTTTTTTTTTTTTTTTTTTTponmkifdbacTdedddccccdefghiiiiihgfedcbbbbbcdefghhhgfecbabcdeeeddcccbccccddTTTTTTTTTTTTTTTTTTTTTTTTTTTTTTTTTbcdeffggggTTTTTTTTTTTTTTTcbaabccddddddccccbbbaaTbbcddeeeeeeddddcccdddeffghijjkkkkjjiihgfe
aaTTTTTTTTTTTTTTTTTTTTTTTTTTTThijTTTTThhhhTTTTTTTTTTTTTTTTqpponmkigecTTTTcccbbbbbcdefghhhhhgfedcbbaaaabcdefggggfedbabcddeeeddcccccddTTTTTTTTTTTTTTTTTTTTTTTTTTTTTTTTTTbcdeffgggTTTTTTTTTTTTTTTdddcbaaabcccdddddddcccbTTTabbcccccccccccccddddeefghiijjjiihhgfeedc
abdTTTTTTTTTTTTTTTTTTTTTTTTTTghiTTTTThhhghhTTTTTTTTTTTTTTpppponmkigTTTTTTbaaaaaaabcdefgggggfeedcbaaaaaabcdefgggfedcaabcddddddcccccTTTTTTTTTTTTTTTTTTTTTTTTTTTTTTTTTTaabcdefggTTTTTTTTTTTTTTTddeeddccbaaabbccdddddddTTTTTbaaaaabbbbbccccdddddeefghhiiihhgfeddcbba
bcTTTTTTTTTTTTTTTTTTTTTTTTTdfgTTTTTThggggTTTTTTTTTTTTnToooooonnmkjTTTTTTaaaabbbbaaacdeffggffedcbaabbbbaabcdeffffedcbaabcdddddccccTTTTTTTTTTTTTTTTTTTTTTTTTTTTTTTTTdcbabdeffgTTTTTTTTTTTTTTTddeeeeeddccbaaabccddeeeTTTTTTTcbbbaaaaaabbccdddeeeffgghhhhgfedcbaaaab
cTTTTTTTTTTTTTTTTTTTTTTTTTaceTTTTThggfffTTTTTTTTTTTTmnnnnoonnnmlTTTTTTcbbTbccccccbabcdeffffeedcbaabcccbbaacdeeffeedcbaabcccccccccdTTTTTTTTTTTTTTTTTTTTTTTTTTTTTTTgedbabdefTTTTTTTTTTTTTTTbcdeeeffffeeddcbaabcdeefTTTTTTTTddccccbbaaabcddeeeeeffgggggffdcbaabbccc
TTTTTTTTTTTTTTTTTTTTTTTTTcacTTTTTgffeedTTTTTTTTTTTklllmmmmmmmmTTTTTTTedTTTTddeddcbaabceefffeedcbabccdddcbaabcdeeeeddcbaabbccccccddTTTTTTTTTTTTTTTTTTTTTTTTTTTTTjihfecabceTTTTTTTTTTTTTTTbcddeefffgggffedcbaabdeTTTTTTTTTTTeeddddcbaabcddeeffffffggffedcbabcddddd
TTTTTTTTTTTTTTTTTTTTTTTgecTTTTTeeeddcTTTTTTTTTTTiijjkklllllllTTTTTThgfTTTTTeeeeedcbabcdefffeedcaabcdeeeddbaabcdeeeeddcbaabbbccccddeTTTTTTTTTTTTTTTTTTTTTTTTTTlllkihfdaaTTTTTTTTTTTTTTTbccddeeffgghhhhggfecbabTTTTTTTTTTTTTfeeeeedcbaacdeeffffffffffedcbabdeeeeed
TTTTTTTTTTTTTTTTTTTTTTTTTTTTTTdddccbTTTTTTTTTTTTTThiijjjkkkTTTTTTjihgTTTTTTTfffedcbabcdefffeddcaabceeffeedcaabddeeeeddcbaaabbcccdefTTTTTTTTTTTTTTTTTTTTTTTTlmnnmlkigdTTTTTTTTTTTTTTTbbccdeeffgghhiiiiihgfecTTTTTTTTTTTTTTTTffffeedcaacdeffggggffffedcbabdefffeed
TTTTTTTTTTTTTTTTTTTTTTTTTTTTTbccbbaTTTTTTTTTTTTTTTTghhiiijTTTTTTTTiTTTTTTTTTfffedcbabceefffeedbaabdeffgffedbaacdefffeedcbaabbccdefghTTTTTTTTTTTTTTTTTTTTTTlnopponljhTTTTTTTTTTTTTTTbbcddeeffgghiijjjjjihgTTTTTTTTTTTTTTTTTTTffffedcbabdefgggggfffeedcaacdefffedd
TTTTTTTTTTTTTTTTTTTonlTTTTTaabbTaTTTTTTTTTTTcdTTTTeffgggTTTTTTTkTTTTTTTTTTTTTffedcaacdeffffeedbaacdefggggfecbabdeffffedcbaabbcddefhiTTTTTTTTTTTTTTTTTTTTjlnpqqqqomTTTTTTTTTTTTTTTaabccdeeffgghiijkkllkkjTTTTTTTTTTTTTTTTTTTTfffffecbabdefgggggfffedcbabcdefffedc
TTTTTTTTTTTTTTTTTTTTmkigecbaaTTTTTTTTTTTTTTbbccTddddeeTTTTTTTjjjTTTTTTTTTTTTTfeedbabcdeffffeedbaabdefggggfedcabceffgffedcaabccdefgijkTTTTTTTTTTTTTTTTThjlnpqsssrqTTTTTTTTTTTTTTTaaabccdeeffghhijkllmmmTTTTTTTTTTTTTTeTTTTTTTTffffedbabdefgggggffeedcbabcdeeeedca
TTTTTTTTTTeTTTTTTTTTTkifdcaTTTTTTTTTTTTTTTaabbbccccccTTTTTThiiTTTTTTTTTTTTTTTTedcbabdefgggffedcaabcdefgggffdcbacdffggfedcaabcdefghjklmTTTTTTTTTTTTTTThjlnpqstttTTTTTTTTTTTTTTTccbaaabcddeffghijkllmnTTTTTTTTTTTTTTcddTTTTTTTTfgffedcabcefgggggffeddcbaacdddddbaa
TTTTTTTTcabTTTTTTTTTTThfdbTTTTTTTTTTTTTTbaabbbbbbaabbTTTTefghTTTTTTTTTTTTTTTTddcbabcdffggggfedcbabcdeeffffeecbabdeffffedbabcdefhijklmmTTTTTTTTTTTTTfgikmoqrtuTTTTTTTTTTTTTTTeeddcbbaabccdefghijklmTTTTTTTTTTTTTTTbbcccTTTTTTTTggffecaacdfggggffeeddcbaabccccbabc
fTTTTThgecabTTTTTTTTTTgecaTTTTTTTTTTTTTbaabbbbbaaaaaaaTTcdeghiTTTTTTTTTTTTTddccbaabdefgghggfedcbaabcddeefeedcbabdefffedcbabdeghijklmnnnTTTTTTTTTTdefhjlnoqstTTTTTTTTTTTTTTfffffeedccbaabcdefghikTTTTTTTTTTTTTTTbaaaabbTTTTTTTTggffecbacdfggggffeeddccbaaabbaabce
hTTTTTTihfdaTTTTTTTTTTTdbabTTTTTTTTTTTbaabbbbbaaaaaaaaabcdefghTTTTTTTTTTTTccbbbTabcdfgghhggfedcbaaabccddeeddcbabcdeeeedbabceghijklmnnnnTTTTTTTTdddeghjlnoqsttTTTTTTTTTTTefghhhhggfedcbaabcdefhiTTTTTTTTTTTTTTfedcbaaaabTTTTTTTTggfecbacefggggffeedddccbbaaabbdeg
jkTTTTTkjhfdaTTTTTTTTTTTaTTTTTTTTTTTbbaaabccbbaaaabbaaabbdefghiTTTTTTTTTcbbaaTTTTcdefghhhhgfedcbbaaabbcccddccbabcdddddbaacefhiklmnnooonmTTTTTTddddeghjkmopqrssTTTTTTTTTdfghiijjiihgfedcbabcdeTTTTTTTTTTTTTTTigfeddcbaabTTTTTTTTTgfecabcefggggffeeeddddccbbccdegh
klmTTTTTljhfcaTTTTTTTTTTTTTTTTTTTTTbbaaabbccbbaaaabbaaabbdefghiTTTTTTTTcbaaTTTTTTTefgghhhggfedccbbaaaaabbccbbaaabccccbaacdfhiklmnooooonmTTTTedccddefgijlmopqqqTTTTTTTabdfhijkkkkkjihgfdcaabTTTTTTTTTTTTTTTlkjihgfedcbabcTTTTTTTTgfdcabdfghhhggfeeeeddddddddefghj
lmnTTTTTTljhfdTTTTTTTTTTTTTTTTTTTTaaaaaabbcbbaaaaabaaaabcTefghhiTTTTTdcbaaTTTTTTTTefghhhhggfedccbbbbaaaaaabbaaaabbcbbaabdfgiklmnopppoomljTgfdcccccdefhijkmnnoonTTTTfcabeghjklmmmmlkjhgedbTTTTTTTTTTTTTTTonmlkjihgfecbabcTTTTTTTTTfdbaceghiihhgfeeeeeeeeeeeefghik
mnooTTTTTmkjhfdTTTTTTTTTTTTTTTcTbaaaaaaabbbbbaaaaaaaaabTTTTfghhhTTTTedcaTTTTTTTTTTTgghhhhgffedcccbbbbbbaaaaaaaaabbbaaabdeghjkmnopppponmkjhfeccbbbccdefghijkllllkTigecabegiklmnoonmlkigfTTTTTTTTTTTTTTToooonmlkjihgedbabceTTTTTTTTecabdfhijjihgffeeeeeeeffffghijk
mnopTTTTTTmkihfeTTTTTTTTTTTTTdcbbaaaaaaaaaaaaaaaaaaaaTTTTTTfghhhhTgfedbTTTTTTTTTTTfgghhhggfeedcccbbbbbbbbbaaaabbbbaaabcefhiklmnopppoomljigedcbaaabbccdefghhiijiihgfecabegikmnoooonmkihTTTTTTTTTTTTTTnnoooonmllkjhgfdbabTTTTTTTTTTTcacegijjjjihgfeeeeeefffgghijkl
mnoppTTTTTTlkjhgTTTTTTTTTTTdddcbbaaaaaaaaaaaabbbaaaaTTTTTTTTghhhhggfecTTTTTTTTTTffggghhgggfeddccbbbbccccbbbbbbbbbaaabcdeghiklmnoopoonmkjhfdcbaaaaaaabbcddeffgggggfedcabegikmoppponmkTTTTTTTTTTTTTTTTTnnooonmmlkjigfdbTTTTTTTTTTTTTbbdgijkkkjihgfeddeeeffgghhijkl
mnooppTTTTTTlkjhgTTTTTTTTTTTddccbaaaabbbbTTbbbbbaaabTTTTTTTTghhgggfedcbTTTTTTTTggggggggggfeedccbbbbbcccccccccccbbaaabcdfghiklmnnoonnmljigedbaabbbbbbaaaabbcddeeeeedcbabegilnoppponTTTTTTTTTTTTTTTTTTTmnnnnnmllkjigfdTTTTTTTTTTTTTTTcehjklllkihgeedddeeffgghhijkl
lmnoopTTTTTTmljihTTTTTTTTTddddccbaaabbbTTTTTdccbaabcdTTTTTThhhgggfeedbaTTTTTTgggggggggggffeddcbbbbbbccccdddddcccbaaabcefghijklmmnmmmlkihfecbabbcccccccbbaaabbcccddccbacegjlnopqpoTTTTTTTTTTTTTTTTTTTTTmmnmmmlkjihgTTTTTTTTTTTTTTTTTTgiklmmlkjhgedddddeffgghhijkl
lmnnoooTTTTTTlkjihTTTTTTTTTddddcbaaabTTTTTTTedcbaacdeTTTThhhhggTfeedcbaaTTTTfgggggggggfffeedccbbbbbbcccddddddddccbaabcdefghijkkllllkjihgedbaabcddeeeeddccbbaaabbcccbaacehjlnppqTTTTTTTTTTTTTTTTTTTTTTTlmmlllkjiiTTTTTTTTTTTTTTTTTTTThjlmmmlkjhgedddddeefgghhijjk
llmnnoooTTTTTTkjihgTTTTTTTTddddcbbaaTTTTTTTTTedcabcefhTiiiihhTTTTddcbaabcTefgggggggggfffeeddccbbbbbbcccddeeeeeddcbaabcdefgghiijjjjjiihgfdcbabcdeffffffeeddcbbaaaabbbabcfhkmopqTTTTTTTTTTTTTTTTTTTTTTTTTkkkkjjiTTTTTTTTTTTTTTTTTTTTTTTklmnmlkjhgedddddeeffgghiijk
kllmnnnnTTTTTTjihgfTTTTddTTTddTccbaacTTTTTTTTedbabdfgijjjjiTTTTTTdcbbaabcdefgggggggffffeedddccbbbbbbccdddeeeeeedcbaabcddeffgghhhhhhhggfedbaacdefggggggffeddcbbaaaaaaabdfikmoTTTTTTTTTTTTTTTTTTTTTTTTTTTjjjiihTTTTTTTTTTTTTTTTfTTTTTTTTmmnmlkjhgedddddeeffgghhiij
jkllmmmmmTTTTTThhgfeTdcccTTTdTTTcbabcTTTTTTTTTdbacegijkkkkTTTTTTTTbbaabbcdefgggggfffeeeedddcccbbbbbcccddeeefffeedcbaabcddeeffffffffffeedcbabcdfgghhhhggfeedccbbaaaaabcegjlTTTTTTTTTTTTTTTTTTTTTTTTTTTTTThhgTTTTTTTTTTTTTTTTgfeTTTTTTTTmnnmlkjhgfeddddeefffgghhij
jjkklllllTTTTTTTffedccccccTTTTTTbaabceTTTTTTTTTbadfhjkllTTTTTTTTTTTaaabcddeffggfffeeeedddddccccccccccdddeefffffeddcaaabccdddeeeeedddddccbaabcefghhhhhhgfeddccbbbaabbcdfhjTTTTTTTTTTTTTTTTTTTTTTTTTTTTTTTgTTTTTTTTTTTTTTTTfffedcTTTTTTTTmmmlkjhgfeeddeeeefffggghi
hijjkkkkjjTTTTTTeddccbbbTTTTTTTTTaabdeTTTTTTTTTabegiklmTTTTTTTTTTTTaaabccdefffffeeedddddddddccccccccdddeefffggffedcbaaabccccccccccccbbbbaaacdefghhhhhgffedccbbbbbbbcdegTTTTTTTTTTTTTTTTTTTTTTTTTTTTTTTTTTTTTTTTTTTTTTTTTeffedcbTTTTTTTTTmmlkjhgffeeeeeeeeeffffgh
ghhiiiiiihhTTTTTTccbbaaTTTTTTTTTTTbcefgTTTTTTTTTcehjlTTTTTTTTTTTTTTTaabbcddeeeeedddccccccdddddddddddddeeeffgggggfedcbaaabbbbbbbbaaaaaaaaaabcdefgghhhgffedcbbaaabbbcdeTTTTTTTTTTTTTTTTTTTTTTTTTTTTTTTTTTTTTTTTTTTTTTTTTeeeeeedbabTTTTTTTTmllkjhggfeeeeeeeeeeeeeff
efgghhhhggfTTTTTbbaaaaTTTTTTTTTTTTTdeghiTTTTTTTTdfiTTTTTTTTTTTTTTTTbaaabccdddddcccbbbcccccdddddddddeeeeeffgghhhggfedcbaaaabbbaaaaaaaaaaaaabcdeefgggffedcbbaaaaabbcdeTTTTTTTTTTTTTTTTTTTTTTTTTTTTTTTTTTTTTTTTTTTTTTTTfffffeedcbacTTTTTTTTTlkjihggfeeeeeddddcccdde
ddeffffffeedTTbbaaaabbbTTTTTTTTTTTTefghiTTTTTTTTTTTTTTTTTTTTTTTTTeccbaaabbcccbbbaaaaabbbcccddddeeeeeeefffgghhhhhhgfedcbaaaaaaaaabbbbbbaaaabccdeeffeedcbaaaabaaaabcTTTTTTTTTTTTTTTTTTTTTTTTTTTTTTTTTTTTTTTTTTTTTTTThgggfffedcbabdeTTTTTTTTkjjihgffeeddddccbbbbbbc
bbcdddddddccbbaaaabbbccTTTTTTTTTTTTTghhiiTTTTTTTTTTTTTTTTTTTTTTTgfeccbaaaabaaaaaaaaaaaabbcccdddeeeeffffggghhiiiihhgfedcbaaaaaaabbccccbbbbbbbccdddddcbaabbcccbbaaTTTTTTTTTTTTTTTTkTTTTTTTTTTTTTTTTTTTTTTTTTTTTTTTTjjiihggfedcbabdeTTTTTTTTTjihgffedddcccbbaaaaaaa
aabbcccccbbbaaaabbccccddTTTTTTTTTTTTThiiiTTTTTTTTTTTTTTTTTTTTTljhgfedcbaaaaaabbccccbbaaabbbccdddeeffffgghhhiijjiihgfedcbaaaaaabbccccccbbbbbbbbbcbbaaabcddeedcbTTTTTTTTTTTTTTTTlkjTTTTTTTTTTTTTTTTTTTTTTTTTTTTTTmmllkjihgfedbaacdegTTTTTTTThhgffedccbbbaaabbcccbb
cbaaabbbbaaaaaabbccddddddTTTTTTTTTTTTiiihgTTTTTTTTTTTTTTTTTTTomljhgfedcbbbbccddeeeddcbaaaabbbccddeeffggghhiijjjjiihgfdcbaaaaabbccddddccbbaaaaaaaaabccdeffffeTTTTTTTTTTTTTTTTllkjihTTTTTTTTTTTTTTTTTTTTTTTTTTTnooonmlkjigfecbabcdTTTTTTTTTTTgfedcbbaaaabbccdddddc
dcbaaaaaaaaaabbbccddddeeedTTTTTTTTTTTTiihgfTTTTTTTTTTTTTTTTrqpomkjhgfedcccddeffffffedcbbaaaaabbcddeefgghhiijjjjjjihgfdcbaaaaabbcdddddccbbaaaaaabbcdefgghhhgTTTTTTTTTTTTTTTlkkjihgfTTTTTTTTTTTTTTTTTTTTTTTTTTTTppponmljigfdcaabTTTTTTTTTTTTTeedcbaabbccddeeefffee
dcbbaaaaaaaabbbcccddeeeeeeTTTTTTTTTTTTThhfeTTTTTTTTTTTTTTsssrqpnmkjhgfeddeeffghhhhgfeddcbbaaaaabbcdeefghhiijjjjjiihgedcbaaaaabbcddddddcbbaaaabbcdefghiijjTTTTTTTTTTTTTTTlkkjihhgfedTTTTTTTTTTTTTTTTTTTTTTTTTTTpppponljigedbaaTTTTTTTTTTTTTTTcbaabcdeeffffgggggTT
edcbaaaaaaaabbbccdddeeeeeedTTTTTTTTTTTThgfecTTTTTTTTTTTTrrssrqponlkihgfeeffghiijjiihgfedcccbbbaaabcdeefghhiijjjiihgfecbaaaaaabccddeeddcbaaaabccdefgijjkTTTTTTTTTTTTTTTTlkkjihgfeedcTTTTTTTTTTTTTTTTTTTTTTTTTTTTpppomljhfdcbTTTTTTTTTTTTTTTTTTabcdefgghhhhhhhTTTT
dcbbaaaaaaabbbbcccddddddddddTTTTTTTTTTTTgfecaTTTTTTTTTnopqrrrrqpnmkjhggffgghijkkkkTihgfeedddcccbbaabcdefghhiiiiihgfedcbaaaaaabccdeeeddcbaaabccdefgijklTTTTTTTTTTTTTTTklkkjihgfedcccbTTTTTTTTTTTTTTTTTTTTTTTTTTTooonlkigecTTTTTTTTTTTTTTTTTTTTbcefghijjjjiiiTTTTT
dcbaaaaaaaabbbbccccddddddddddTTTTTTTTTTTTfecbTTTTTTTTklmnopqqqqpomljihgggghijkklTTTTihgffeeeeeddcbaabcdeffgghhhhgffdcbaaabaaabcddeeedccbaabbcdefghjklmmTTTTTTTTTTTTijkkkjihgfddcbbbbTTTTTTTTTTTTTTTTTTTTTTTTTTTTmmlkigeTTTTTTTTTTTTTTTTTTTTTTTefhijkklkkjjihTTTT
TbbaaaaaaabbbbbbbcccccccccccdTTTTTTTTTTTTTedbaTTTTTTghiklmoppqppomlkihggghhijkTTTTTTjihhggfffffeedcbaabcdeffggggffedbaaabbbaabcddeeedcbbaabccdefhijlmnnTTTTTTTTTTThijjjjihgfeccbaaaabTTTTTTTTTTTTTTTTTTTTTTTTTTTkjjhgeTTTTTTTTTTTTTTTbTTTTTTTTfhiklmmmmlkjihTTTT
TbaaaaaaabbbbbbbbbbbbbbbbbbbccTTTTTTTTTTTTedcbTTTTTdefghjkmnopponmljihggghhiTTTTTTTTTjiihhgggggffeedcbabccdTefffeedcbaabbbbaabcdeeeddcbaabbcddeghiklmnonTTTTTTTTdeghiiiihgfedcbaaaaTTTTTTTTTTTTTTTTTTTTTTTTTTTTTTggfTTTTTTTTTTTTTTTddcTTTTTTTTTijlmnnnmlkjihgTTT
TTaaaaabbbbbbbaaaaaaaaaaaaTabTTTTTTTTTTTTTTedcbTTaabbcdfgijlmnonnmkjihggggTTTTTTTTTTTkjjihhhhhgggffedcbaaTTTTdeeedcbaaabbbbaabcdeeeddcbaabccdefghjkmnoooTTTTTTTTTdfghhhhgfedcbaaaTTTTTTTTTTTTTTTTTTTTTTTTTTTTTTTTdTTTTTTTTTTTTTTTdeeeddTTTTTTTTTklmnnnnmkjigfeTT
TTbbbbbbbbbbbaaaaaabbbbbTTTTTTTTTTTTTTTTTTfeddcbbbaaaabcefhjlmmmmlkihgffTTTTTTTTTTTTmlkjjiihhhhhgggfeTTTTTTTTcddddcbaaabbbaabcddeeedcbaabbccdefghjkmnooonTTTTTTTTcdefgggffedcbaaTTTTTTTTTTTTTTTTTTTTTTTTTTTTTTTTTTTTTTTTTTTTTTTTdefffeedTTTTTTTTklmnnnmlkjhgedTT
TbbbbcccbbbbaaaabbcccddTTTTTTTTTTTTTTTTThggfeddccccccbaabdfhjkllkjihgfeTTTTTTTTTTTnnmmlkjiihhhhhhggTTTTTTTTTbbcccccbaaabbbaabcdeeeedcbaabccddefghjkmnooonTTTTTTTTTcdeeeeeedcbaTTTTTTTTTTTTTTTTTTTTTTTTTTTTTTTTTTTTTTTTTTTTTTTTbdefgggfedTTTTTTTTTlmmnmmljigfedcT
cccccccccbbaaabbcddeeeTTTTTTTTTTTTTTTTThhggffeedddddddcbabdfhijjjihgfeddTTTTTTTTmmnnnmlkjiihhggggTTTTTTTTTbaabcccccbaaabbaaabdeeeeedcbaabccddefghiklnnoonmTTTTTTTTabcdddddcbTTTTTTTTTTTTTTTTTTTTTTTTTTTTTTTTTTTTTTTTTTTTTTTTTacefghhggfedTTTTTTTTTlllllkihgedccc
ccdddddccbbaabbcdeffgggTTTTTTTTTTTTTTThhhhggffeeeeeffeedbacefhhihhgfddcbTTTTTTTklmmnmmlkjihhggffTTTTTTTTdcbaabcccccbbaaaaaabcdeffeedcaabbccddefghiklmnonnmkTTTTTTTTabcccccTTTTTTTTTTTTTTTTTTTTTTTTTTTTTTTTTTTTTTTTTTTTTTTTTecadfgiiihgfedcTTTTTTTTjkkkjihgfedccc
ddddeddccbaabbcdefgghhhTTTTTTTTTTTTTghhhhhggfffeffffgffecbacefgggfedcbaaaTTTTfhiklmmmllTjihgffTTTTTTTTTTTcbaabccddTcbaaaaaacdeefffedcaabccdddeefgijlmnnnnmlTTTTTTTTaaabbbTTTTTTTTTTTTTTTfTTTTTTTTTTTTTTTTTTTTTTTTTTTTTTTTjhebbeghjjjigfeccTTTTTTTTTiiihgfeedcccc
ddeeeedcbaabbcdefghhiiiiTTTTTTTTTTTghhhhhgggffffffggggffdcabcdeeeddcbaabbbTacdfhikkllTTTThgfTTTTTTTTTdTTcbaaabcdTTTTbbaaaabcdeffffedbaabccddddefghjklmnnmmlkTTTTTTTTaaaTTTTTTTTTTTTTTTdeeTTTTTTTTTTTTTTTTTTTTTTTTTTTTTTTljgdacehijkjihfdcbaTTTTTTTTTggfeedcccccc
deeeeddcbaabcdefghhijjjiTTTTTTTTTTghhhhhhggfffffffgggggfecbabcdddcbaabcccccbabdfhijTTTTTTgTTTTTTTTTbccccbbaabcTTTTTTcbbbbbcdefgggfedbaabcccddddefgijklmmmllkTTTTTTTTaTTTTTTTTTTTTTTTbcddddTTTTTTTTTTTTTTTTTTTTTTTTTTTTomligdadfijkkkihfdbTTTTTTTTTTTdddccbbbbbcc
deeeedcbaabcdeffghiijjjihTTTTTTTfghhiihhggfffeefffgggggfecbaabccbbaabcTdeedcbabdfgTTTTTTTTTTTTTTTTTTabbbaaabTTTTTTTddcccccdefggggfedbaabccccccddefhijkllllkkjTTTTTTTTTTTTTTTTTTTTTTabbbccbTTTTTTTTTTTTTTTTTTTTTTTTTTTTTmkifcadgjkllkjheTTTTTTTTTTTTTTbbaaaaaabbc
