type octile
height 256
width 256
map
aaaaabbccddeeffggghhiTTTTTTTTTTTTTTTTTTTTTTTTTTTTTTTTTTTTTTTTTTTTTTTTTTTTTTTTTddddddccccccccddddddddcccccbbaTTTTTTTTTTTTTjkllmnoppqrrsssttttsssrTTTTTTTTTTTTTTTTTTTTTTaaaaabbcccddeeefffgggghhhhhhhhhgggffeedccbaaTTTTTTTTTTTTTTTTTTTjiiiiiihhhgggfTTTTTTTTTTTTT
aaaaabbccddeeffgghhiijTTTTTTTTTTTTTTTTTTTTTTTTTTTTTTTTTTTTTTTTTTTTTTTTTTTTTTTddddddddccddddddddddddddddddcTTTTTTTTTTTTTTTTjkklmnopqqrrssstttsssrrTTTTTTTTTTTTTTTTTTTTTTTTTabbbccdddeeeffgggghhhhhhhhhhgggfeeddcbaTTTTTTTTTTTTTTTTTTTTTjjiiiiihhhgggfTTTTTTTTTTTT
aaaabbccddeeffgghhiijjjkTTTTTTTTTTTTTTTTTTTTTTTTTTTTTTTTTTTTTTTTTTTTTTTTTTTeeddddddddddddddddeeeeeeeeeeeeTTTTTTTTTTTTTTTTTTijklmnopqqrrssssssssrrqTTTTTTTTTTTTTTTTTTTTTTTTTTbbbccdddeefffggghhhhhhhhhhhggffeedcTTTTTTTTTTTTTTTTTTTTTTjjjjiiiihhhgggffTTTTTTTTTTT
aaaabbccddeefgghhiijjjkkkTTTTTTTTTTTTTTTTTTTTTTTTTTTTTTTTTTTTTTTTTTTTTTTTTeedddddddcdddddddeeeeeffffffTffeTTTTTTTTTTTTTTTTTTjklmmnopqqrrsssssssrrqqTTTTTTTTTTTTTTTTTTTTTTTTTTbbbccddeeeffggghhhhhhhhhhhggffeedTTTTTTTTTTTTTTTTTTTTTjjjjjjjiiiihhhgggffTTTTTTTTTT
aaaabbccdeeffgghhiijjkkkklTTTTTTTTTTTTTTTTTTTTTTTTTTTTTTTTTTTTTTTTTTTTTTTeedddddcccccdddddeeeefffffggTTTgffTTTTTTcTTTTTTTTTTTjklmnnopqqrrssssssrrrqTTTTTTTTTTTTTTTTTTTTTTTTTTabbcccddeeffggghhhhhhhhhhhgggffeTTTTTTTTTTTTTTTTTTTTTTTjjjjjjiiiihhhhggfffTTTTTTTTT
aaaabbccdeeffghhiijjjkkklllTTTTTTTTTTTTTTTTTTTTTTTTTTTTTTTTTTTTTTTTTTTTeeeddddcccccccdddddeeefffggggTTTTTggTTTTTedcTTTTTTTTTTTjklmnoppqqrrsssssrrrqppoTTTTTTTTTTTTTTTTTTTTTTTTabbccddeeeffggghhhhhhhhhhhggfTTTTTTTTTTTTTTTTTTTTTTTTTTjjjjjjiiiihhhgggffeTTTTTTTT
aaaabbcddeefgghhiijjkkkkllllTTTTTTTTTTTTTTTTTTTTTTTTTTTTTTTTTTTTTTTTTTeedddddccccccccddddeeefffgggTTTTTTThhhTTTffeddTTTTTTTTTTTjklmnoppqrrrrssrrrrqqponnmlkkjTTTTTTTTTTTTTTTTTTabbccddeefffgghhhhhhhhhhhggTTTTTTTTTTTTTTTTTTTTTTTTTTTTjjjjjiiiihhhgggfffTTTTTTTT
aaaabbcddeefgghhiijjkkkllllllTTTTTTTTTTTTTTTTTTTTTTTTTTTTTTTTTTTTTTTeeeddddcccccccccccdddeeeffgghTTTTTTTTTiiiThggfeedTTTTTTTTTTTjklmnopqqrrrrrrrrrqqpoonmllkjiihggTTTTTTTTTTTTTTbbcccddeeffggghhhhhhhhhhgTTTTTTTTTTTTTTTTTTTTTTTTTTTTjTjjjjiiiihhhhggfffeTTTTTTT
aaaabbcddeffgghhiijjkkkkllllllTTTTTTTTTTTTTTTTTTTTTTTTTTTTTTTTTTTTTeeddddcccccccccccccdddeeffgggTTTTTTTTTTTjiiihhgffedTTTTTTTTTTTklmnoopqqrrrrrrrqqqpoonmllkjiihggffeeTTTTTTTTTTTbbccddeefffggghhhhhhhhhggTTTTTTTTTTTTTTTTTTTTTTTTTTiTTTjjiiiiihhhhgggffeeTTTTTT
aaaabbcddeffgghhiijjkkkkllllllkTTTTTTTTTTTTTTTTTTTTTTTTTTTTTTTTTTTeeddddcccccbbbbbccccdddeeffggTTTTTTTTTTTTTjjjiihggfedTTTTTTTTTTTklmnoppqqrrrrrrqqppoonmmlkjjihhgffeedTTTTTTTTTTTbbccddeefffggghhhhhhhhggfTTTTTTTTTTTTTTTTfTTTTTTTiTTTTTiiiiiiihhhgggffeedTTTTT
baaabbcddeffgghhiijjkkkkkkkkkkkkTTTTTTTTTTTTTTTTTTTTTTTTTTTTTTTTeeddddcccccbbbbbbbbcccdddeeffgghTTTTTTTTTTTkkkjjiihggfedTTTTTTTTTTjlmmnoppqqrrrrqqqppoonmmlkkjihhggffeedTTTTTTTTTTTbcccddeeffgggghhhhhhgggfTTTTTTTTTTTTTTTeffTTTThiTTTTTTTiiiiihhhhgggffeeedTTTT
baaabbcddeefgghhiijjjkkkkkkkkkkjjjTTTTTTTTTTTTTTTTTTTTTTTTTTTTTdddddcccccbbbbbbbbbbbcccddeefgghhiTTTTTTTTTlllkkkjjihgfedcTTTTTTTTTTklmnoopqqqqqqqqqppoonmmlkkjiihggffeeddTTTTTTTTTTTbccddeefffgggghhhhggggffTTTTTTTTTTTTTdeefTTThTTTTTTTTTiiiiihhhhgggfffeeddcTT
baaabbcddeefgghhiijjjjkkkkkkkkjjjiiTTTTTTTTTTTTTTTTTTTTTTTTTTdddddcccccbbbbbbbbbbbbbcccddeefgghhijTTTTTTTTTllllkkjjihgfedTTTTTTTTTTTklmnoppqqqqqqqqppoonmmlkkjiihhgffeeeddTTTTTTTTTTbbccddeefffgggggggggggfffTTTTTTTTTTTcddeffTgTTTTTTTTTTTiiiihhhhgggfffeeddccT
baaabbccdeefgghhiiijjjjkkkkjjjjjiiihTTTTTTTTTTTTTTTTTTTTTTTTdddccccccbbbbbbaaaaaabbbbccddeefgghhijjTTTTTTTTTmlllkkjiihgfedTTTTTTTTTTTlmnnoppqqqqqqpppoonmmlkkjiihhggffeedddTTTTTTTTTTbccddeeefffggggggggggfffeTTTTTTTTbbcddeeffTTTTTTTTTTTTTiiihhhhgggfffeeddccT
baaabbccdeeffgghhiiijjjjjjjjjjiiihhhgTTTTTTTTTTTTTTTTTTTTTcccccccccbbbbbaaaaaaaaaabbbccddeefgghiijjkTTTTTTTTmmmllkkjihgfedcTTTTTTTTTTTlmnoopppqqqpppoonnmmlkkjiihhggffeedddcTTTTTTTTTTTccddeefffggggggggggffeeeTTTTTTaabccdeefTTTTTTTTTTTTTTTihhhhhgggfffeeddccb
baaaabccddeffgghhiiiijjjjjjjiiiihhgggfTTTTTTTTTTTTTTTTTTTccccccbbbbbbbaaaaaaaaaaaabbbccddeTfgghiijjkTTTTTTTTTmmmllkjjihgfedbTTTTTTTTTTTmnnooppppppppoonnmllkkjiihhggffeeeddccTTTTTTTTTTTcddeeefffggggggggfffeeeTTTTTaaabbcddeefTTTTTTTTTTTTTTThhhhhggggffeeeddcc
bbaaabbcddeffgghhhiiiiiiiiiiiihhhggffeeTTTTTTTTTTTTTTTTTbbbbbbbbbbbbaaaaaaaaaaaaaaabbccdTTTTgghiijkklTTTTTTTTTmmmlkkjihgfedcbTTTTTTTTTTTmnnooppppppoonnmmllkjjiihhggffeeedddccTTTTTTTTTTTdddeeffffgggggggfffeeedTTTbaaabbccdeeffTTTTTTTTTTTTTTThhhhggggfffeeddcc
bbaaabbcddeeffgghhhiiiiiiiiihhhgggffeeddTTTTTTTTTTTTTTbbbbbbbbbbbbaaaaaaaaaaaaaaaaabbbcTTTTTgghiijkkllTTTTTTTTTmmllkjjihgfecbaTTTTTTTTTTmmnnooooooooonnmmllkjjiihhggffeeedddccbTTTTTTTTTTcddeeeffffggggggfffeeeddTcbaaaabccddeeffTTTTTTTTTTTTTTThhhhgggfffeeddcc
bbaaabbccdeeffggghhhiiiiiihhhhggfffeeddccTTTTTTTTTTTTaaaaaaaaaaaaaaaaaaaaaaaaaaaaaabbTTTTTTTTghiijkkllmTTTTTTTTTmmlkkjihgfedcaaTTTTTTTTTlmmnnooooooonnmmllkkjjiihhggffeeedddccbbTTTTTTTTTTddeeeffffgggggffffeeeddccbbaaabbcddeefffTTTTTTTTTTTTTThhhhgggfffeedddc
cbaaaabccddeeffgghhhhhhhhhhhgggffeeeddccbbbTTTTTTTTaaaaaaaaaaaaaaaaaaaaaaaaaaaaaaaabTTTTTTTTTghiijkkllmmTTTTTTTTmmllkjihgfedcbabTTTTTTTTllmnnnoooonnnnmmllkkjiihhggfffeeeddcccbbTTTTTTTTTTTddeefffffggggfffffeeddccbbaaabbccddeeffgTTTTTTTTTTTTTThhhggggfffeeddc
cbbaaabbcddeeffggghhhhhhhhhgggffeeddcccbbaaaTTTTTTaaaaaaaaaaaaaaaaaaaaaaaaaaaaaaaaaTTTTTTTTTTThiijjkllmmmTTTTTTTTmllkjjihgfdcbaaTTTTTTTTklmmnnnnnnnnnmmllkkjjiihhggfffeedddcccbbbTTTTTTTTTTTdeefffffggggfffffeeddccbbaaaabccddeefffTTTTTTTTTTTTTTThhhgggfffeeddc
cbbaaabbccddeeffgggghhhhhggggffeeddccbbbaaaaaTTTTbbbbaaaaaaaaaaaaaaaaaaaaaaaaaaaaaTTTTTTTTTTTghhijjkllmmmnTTTTTTTTllkkjihgfedbaabTTTTTTTkklmmmnnnnnmmmlllkjjiihhgggffeeedddcccbbaaTTTTTTTTTTTeefffffggggfffffeeeddccbaaaabbcddeeeffgTTTTTTTTTTTTTTThhggggffeeedd
ccbbaaabccddeefffggggggggggfffeeddccbbaaaaaabbTbbbbbbbbbbaaaaaaaaaaaaaaaaaaaaaaaTTTTTTTTTTTffghhijjkkllmmmnTTTTTTTTlkkjihgfedcaabTTTTTTTjkllmmmmmmmmmlllkkjjiihhggfffeedddcccbbbaaaTTTTTTTTTTTefffffgggggffffeeeddccbbaaabbccddeeffggTTTTTTTTTTTTTTThhgggfffeedd
ccbbaaabbccdeeeffgggggggggfffeeddTcbbaaaaabbbbbcccccbbbbbbbbaaaaaaaaaaaaaaaaaaTTTTTTTTTTTTeffghhijjkkllmmmnnTTTTTTTTkkjihgfedcbabTTTTTTTjjklllmmmmmmlllkkjjiihhggfffeeedddcccbbbaaaaTTTTTTTTTTeffffggggggfffffeeddccbbaaaabccddeefffggTTTTTTTTTTTTTTThhgggffeeed
dccbaaaabccddeefffgggggggfffeeeTTTTbbaaaabbbcccccccccccbbbbbbbaaaaaaaaaaaaaaaTTTTTTTTTTTTdeffghhijjkkllmmmmnnTTTTTTTkkjihgfedcbaaTTTTTTTijkklllllllllkkkjjiihhhggffeeedddcccbbbaaaaabTTTTTTTTTTffffgggggggffffeeeddccbaaaabbcddeefffgggTTTTTTTTTTTTTTThgggfffeed
dccbbaaabbcddeeeffffggggffffeeTTTTTTaaaabbbcccccccccccccbbbbbbbbbaaaaaaaaaaTTTTTTTTTTTTcddeffghhiijkklllmmmmnTTTTTTTTkjihhgfdcbaaTTTTTTTiijkkkllllllkkkjjiiihhggffeeedddcccbbbaaaaaabTTTTTTTTTTTffgggggggggfffeeeddccbbaaabbccddeeffggghTTTTTTTTTTTTTTThgggffeed
ddcbbaaabbccddeefffffffffffeeTTTTTTTTTabbbcccccddddcccccccbbbbbbbbbbbaaaaaTTTTTTTTTTTbccdeeffghhiijkklllmmmmmmTTTTTTTTjiihgfedcaaTTTTTTThijjjkkkkkkkkkjjiiihhggffeeedddcccbbbaaaaaabbcTTTTTTTTTTTgggggggggggfffeeddccbbaaabbccddeeffggghhTTTTTTTTTTTTTThhgggffee
ddccbaaaabccddeeefffffffffeTTTTTTTTTTTTbbccccddddddddccccccbbbbbbbbbbbbbaTTTTTTTTTTTbbccdeeffghhiijjkkllmmmmmmmTTTTTTkTiihgfedcbaTTTTTTThhijjjkkkkkkjjjiiihhggfffeedddcccbbbaaaaaabbbccTTTTTTTTTTTgggggggggggfffeeddccbaaaabccddeeffggghhhTTTTTTTTTTTTTThhggfffe
eddcbbaaabbcddeeefffffffffTTTTTTTTTTTTTTbcccddddddddddccccccbbbbbbbbbbbTTTTTTTTTTTabbccddeeffghhiijjkklllmmmmmmmTTTlkTTTihgfedcbaTTTTTTTghiiijjjjjjjjjiiihhggfffeedddcccbbbaaaaaabbbccddTTTTTTTTTTTghhhhhgggggffeeddccbbaaabbcddeeffggghhhiTTTTTTTTTTTTTThhggffe
eddccbaaabbccddeeffffffffTTTTTTTTTTTTTTTTcccdddddddddddccccccbbbbbbbbTTTTTTTTTTTTaabbccddeeffghhiijjkklllmmmmmmmmTllTTTTihgfedcbaTTTTTTTghhiiiijjjjiiiihhhggfffeedddcccbbbaaaaaabbbccdddeTTTTTTTTTThhhhhhhhgggfffeeddcbbaaabbccdeeffggghhhiiTTTTTTTTTTTTTThggffe
eedccbaaabbccddeeefffffTTTTTTTTTTTTTTTTTbcccdddddddddddccccccbbbbbbbTTTTTTTTTTTaaaabbccddeeffghhiijjkklllmmmmmmmmmllTTTTThgfeddcbTTTTTTTfghhhiiiiiiiiihhhggfffeedddcccbbbaaaaaabbbcccddeeeTTTTTTTTTThhhhhhhhgggffeeddccbaaaabccdeeffggghhiiiiTTTTTTTTTTTThhhggff
eeddcbbaaabccddeeeffffTTTTTTTTTTTTTTTTabbcccddddddddddddccccccbbbbbbbTTTTTTTTTaaaaabbccddeefgghhiijjkklllmmmmmmmmllTTTTTTTggfedcbTTTTTTTfgghhhhiiiihhhhgggfffeedddcccbbbaaaaaabbbccdddeeeffTTTTTTTTTTiiiihhhhgggffeeddcbbaaabccddeffgghhhiiiiTTTTTTTTTTTiihhggff
feddcbbaaabccddeeeffTTTTTTTTTTTTTTTTTaabbcccddddddddddddcccccccbbbbTTTTTTTTTaaaaaabbbccddeefgghhiijjkklllmmmmmmmmmllTTTTTThgfedcbTTTTTTTefggghhhhhhhhhgggfffeedddccbbbaaaaaaabbbccdddeeefffgTTTTTTTTTTiiiiihhhgggffeddccbaaabbcddeffgghhhiiijjTTTTTTTTTiiihhhgTT
TeedcbbaaabccddeeffTTTTTTTTTTTTTTTTaaaabbbcccdddddddddddccccccccbbbbTTTTTTTaaaaaaabbbccddeffgghhijjjkklllmmmmmmmmmlTTTTTTThgfedcbTTTTTTTeffgggghhhhggggfffeeedddccbbbaaaaaabbbbccdddeeefffgghTTTTTTTTTTiiiiihhhggffeeddcbbaabbcddeefgghhhiiijjjTTTTTTTjjiiihhTTT
TeedccbaaabccddeefTTTTTTTTTTTTTTTTbbaaaabbccccddddddddddccccccccccbbbTTTTTbbaaaaaabbbccdeeffgghiijjkkkTllmmmmmmmmmllTTTTTTTgfeedcTTTTTTTeefffgggggggggfffeeedddccbbbaaaaaabbbcccdddeeefffgghhhTTTTTTTTTTjiiiihhhggffeddcbbaaabccdeefgghhhiiijjjjTTTTTjjjiiihTTTT
TTedccbaaabccddeTTTTTTTTTTTTTTTTdccbbaaaabbcccccddddddddccccccccccccbTTTTbbbaaaaaabbccddeeffghhiTjjkkTTTmmmmmmmmmmmllTTTTThggfedcTTTTTTTTeeffffggggfffffeeedddccbbbaaaaaabbbcccdddeeefffgghhhiiTTTTTTTTTTjjiiihhhggfeedccbaaabccdeeffghhhiijjjjjjTTTjjjjjiiihTTT
TTTTccbaaabccdTTTTTTTTTTTTTTTTTeddccbbaaaabbbccccccddddcccccccccccccccTbbbbbbaaaaabbccddeefgghhTTTjTTTTTTmmmmmmmmmmllTTTjihhgfedcTTTTTTTTdeeefffffffffeeeedddccbbbaaaaaabbbccccddeeefffgghhhiiiiTTTTTTTTTTjjjTihhggffeddcbbaabbcdeeffghhhiijjjjjkkTkkjjjjiiihhTT
TTTTTTTaaabTTTTTTTTTTTTTTTTTTTfeeddccbbaaaabbbccccccccccccccccccccccccccbbbbbaaaaabbccddeffgghTTTTTTTTTTTTmmnnnmmmmmllTkjiihgfeedTTTTTTTTTdeeeefffffeeeeddddccbbbaaaaaabbbbcccdddeefffggghhiiiijjTTTTTTTTTTjTTTihhggfeedccbaaabcddeffgghhiijjjjkkkkkkjjjjiiiThgT
TTTTTTTTTTTTTTTTTTTTTTTTTTTTggffeeddccbbaaaabbbbcccccccccccccccccccccccccbbbbaaaaabbccddeffghTTTTTTTTTTTTTnnnnnnnmmmllkkjjihggTedTTTTTTTTTTdeeeeeeeeeeeddddcccbbaaaaaaabbbcccdddeeeffggghhhiiijjjkTTTTTTTTTTTTTiihhgffeddcbaaabcddeffgghhiijjjjkkkkkkjjjjjiTThTg
TTTTTTTTTTTTTTTTTTTTTTTTTTThhgggffeedccbbaaaaabbbbccccccccccccccccccccccccbbbbaaaabbccdeefggTTTTTTTTlTTTTTTnnnnnnnmmmllkkjiihTTeeTTTTTTTTTTTddeeeeeeeddddccccbbbaaaaaabbbcccdddeeefffgghhhiiijjjkkTTTTTTTTTTTTTTihhggfeedcbbaabccdeefgghhiijjjjjkkkkkjjjjiiTTTTT
TTTTTTTTTTTTTTTTTTTTTTTTTiiihhhggffeeddccbbaaaaabbbbcccccccccdddddddddcccccbbbaaaabbccdeefgTTTTTTTTllTTTTTTTnnnnnnnmmmllkjjiTTTTedTTTTTTTTTTTdddddddddddccccbbbaaaaaabbbbcccdddeeeffggghhiiijjjkkkkTTTTTTTTTTTTTTihhgffedccbaabbcdeefgghhiiijjjjjkkkjjjjjiiiTTTT
TTTTTTTTTTTTTTTTTTTTTTTTjjiiiihhhggfeeddccbbaaaaabbbbcccccccddddddddddddccccbbbaaabbccdeffTTTTTTTkllmmTTTTTTToooonnnmmllkkjTTTTfeedTTTTTTTTTTddddddddddccccbbbbaaaaaabbbccccdddeefffggghhiiijjjkkkklTTTTTTTTTTTTTTihggfeddcbaaabcddeffgghhiijjjjjjjjjjjjjiTTTTTT
TTTTTTTTTTTTTTTTTTTTTTjjjjjjjiiihhggffeeddcbbaaaaaTbbbccccccddddddddddddddcccbbaaaabccdefTTTTTTTkllmmnnnTTTTTToooonnnmmllkjjThggfedcTTTTTTTTTTcdddddddccccbbbbaaaaaaabbbccccdddeefffgghhhiijjjkkkklllTTTTTTTTTTTTTThhgfeedcbbaabccdeffgghhiiijjjjjjjjjjjiTTTTTTT
TTTTTTTTTTTTTTTTTTTTTTkkkkkkkjjjiihhggfeeddccbbaTTTTbbbccccddddddddddddddddccbbaaaabcddeTTTTTTTTTlmmmnnooTTTTppooooonnmmllkjiihgfeedcTTTTTTTTTTcccccccccccbbbbaaaaaaabbbccccdddeefffgghhhiijjjkkkllllTTTTTTTTTTTTTihhgffedccbaabbcdeeffghhhiiijjjjjjjjjiiiTTTTTT
TTTTTTTTTTTTTTTTTTTTTkkklllkkkkjjjiihhgffeedccbTTTTTTbbbcccdddddeeeeeeeedddcccbbaaabcddefTTTTTTTllmmnnoooTTTpppppTooonnmmlkkjihggfeddcTTTTTTTTTTcccccccccbbbbbaaaaaaabbbbcccdddeeeffggghhiijjjkkklllllTTTTTTTTTTTjiihggfeddcbaaabcddeffgghhhiiiijjjjjiiiiTTTTTTT
TTTTTTTTTTTTTTTTTTTkkklllllllllkkkjjihhggfeeddTTTTTTaTbbTccddddeeeeeeeeeedddccbbaaabcddefgTTTTTklmmnnoooppTpppppTTTooonnmllkjjihgffedccTTTTTTTTTTcccccccbbbbbbaaaaaaaabbbccccdddeefffgghhiijjjkkklllllTTTTTTTTTkjjiihhgfeedcbaaabccdeeffgghThiiiiiiiiiiiTTTTTTTT
dTTTTTTTTTTTTTTTTjkklllmmmmmmmmllkkjjiihhgffTTTTTTTaTTTTTTcdddeeeeeeeeeeeedddccbaaaTcddefgTTTjkllmnnooopppqqqqTTTTTTooonmmlkkjihhgfeddcTTTTTTTTTTTccccccbbbbbbaaaaaaaaabbbcccdddeeeffgghhiiijjkkklllllTTTTTTTTkkkjiihhgffedcbbaabbcddeffggTTThhiiiiiihhTTTTTTTTT
ccbaaTTTTTTTThhijkkllmmmnnnnnnmmmllkkjjihhgTTTTTTTbTTTTTTTTdddeeeeffffffeeeddccbbaTTTddefghTjjklmmnnooppqqqqqTTTTTTTToonnmmlkjjihgffedccTTTTTTTTTTTbcccbbbbbbbaaaaaaaaaabbbcccdddeefffgghhiijjjkklllllTTTTTTTlkkkjjihhgffedccbaaabccdeefTTTTTThhhhhhhTTTTTTTTTTT
cbbaabbcdefgghijjkllmmnnnnooonnnnmmllkkjiiTTTTTTTcTTTTTTTTTTddeeeffffffffeeeddcbbaTTTTdefghijkklmnnooppqqqqrrrTTTTTTTToonnmllkjihhgfeedccTTTTTTTTTTTbbbbbbbbbbbbaaaaaaaaabbbbcccddeeffgghhiiijjkkkllllTTTTTTTlkkkjjihhgffeddcbaaabbcddeTTTTTTgghhhhhTTTTTTTTTTTT
bbaaabcdeefghiijkllmmnnoooooooooonnmmllkTTTTTTTedTTTTTTTTTTTTeTeffffffffffeeddccbTTTTTTefghijkllmnooppqqqrrrrrTTTTTTTTToonnmlkkjihggfeddcbTTTTTTTTTTTbbbbbbbbbbbbbaaaaaaaaabbbcccddeeffgghhiijjjkkllllTTTTTTTlkkkjjihhggfeddcbbaabbccddeTTTTTTgggggTTTTTTTTTTTTc
baaabccdefgghijkklmmnnooppppppppooonnmlTTTTTTTgfTTTTTTTTTTTTdTTTfffgggggfffeeddcbTTTTTTTfghijklmmnoopqqqrrrrrssTTTTTTTTpoonmmlkjiihgfeedccbTTTTTTTTTTTbcccccbbbbbbbbbaaaaaaaabbbccddeeffgghhiijjkkkllllTTTTTTTkkjjjihhggfeedcbbaaabbccddeTTTTTfTffTTTTTTTTTTTTcb
aaabccdeffghijjkllmnnoopppqqqqqpppoonnmmTTTTThgTTTTTTTTTTTTddTTTTTgggggggfffeddcTTTTTTTTTghijklmnnoppqqrrrssssssTTTTTTTTponnmlkkjihggfeddcbbTTTTTTTTTTTcccccccccccbbbbbbaaaaaaabbccddeeffgghhiijjkkklllTTTTTTTkkjjiihhggfeedccbaaaabcccddeeTTTTTTffTTTTTTTTTccbb
aabbcdeefghhijkklmnnooppqqqqqqqqqqppoonmmTTTjiTTTTTTTTTTTTcdTTTTTTTgggggggffeedcbTTTTTTTTThijklmnoopqqrrrssssssssTTTTTTTTTonmmlkjiihgfeedccbbTTTTTTTTTTTcccccccccccccccbbbbaaaaaabbccddeffgghhiijjkkkklTTTTTTTkkjjiihhggfeedccbbaaabbcccddddTTTTTTTeTTTTTTTcbbaa
abbcddeffghijjklmmnooppqqqrrrrrrrqqppoonnmTTTTTTTTTTTTTTTbcdTTTTTTTTggggggffeedccbTTTTTTTTTjkklmnoppqqrrssssstttssTTTTTTTTTnnmlkkjihggfeddcbbaTTTTTTTTTTTccddddddddddccccccbbbaaaabbccddeffgghhiijjkkkkTTTTTTTkjjjiihhggfeeddcbbaaaabbbcccddTTTTTTTddTTTTTbbaaaa
bccddeffghhijkklmnnoopqqqrrrrrrrrTrqqpponmmTTTTTTTTTTTTTabcTTTTTTTTTThhhgggffeddcbaTTTTTTTTTkllmnoppqrrrssstttttttsTTTTTTTTTnmmlkjiihgfeedccbbaTTTTTTTTTTTddddddddddddddddccccbbaaaabbcddeffgghhiijjjkkTTTTTTTjjjiiihhgffeeddccbaaaTabbbbccccTTTTTTTccTTTbaaaaab
ccddeefgghiijkllmnnoppqqrrrssssTTTTrqqpponmmlTTTTTTTTTTaabTTTTTTTTTThhhhhggffeddcbaaTTTTTTTjklmmnoppqrrssstttttttttsTTTTTTTTnnmlkkjihgffeddcbbaaTTTTTTTTTTddeeeeeeeeeeeeeeddddccbbaaabbcddeffgghhiijjjkTTTTTTTjjjiihhggffeeddccbbTTTaaabbbbbbbTTTTTbbbaTaaaaabbb
dddeefgghhijjklmmnooppqqrrssssTTTTTTrqqpoonmlkTTTTTTTTbaaTTTTTTTTTThhhhhhgggfeedcbaabcTTTTTjklmmnopqqrrsstttttttttttsTTTTTTTTnmllkjihhgfeddcbbaaaTTTTTTTTTTeeefffffffffffffeeeddccbbaaabccdeffgghhiijjjTTTTTTTjjiihhhggffeeddccbTTTTTTaaaaaaaaaTTTaaaaaaaabbbbcc
deeeffghhiijkklmmnoopqqrrrsssTTTTTTTTrqqponnmlkTTTTTTdcbaTTTTTTTTTghhhhhhhggfeedcbaabcdTTTijklmnnopqqrrsstttttttttttssTTTTTTTTnmlkjiihgfeedccbaaaTTTTTTTTTTTfffggggggggggggfffeeddccbaaabccdeffgghhiiijTTTTTTTiiiihhgggffeeddcTTTTTTTTTaaaaaaaaaTaaaaabbbbbcccdd
eefffgghhijjkklmmnooppqrrrsTTTTTTTTTTTTqpponmlkjiTTTedcbTTTTTTTTTgghhhhhhhggffedcbaabcdeTghjklmnnopqqrrsstttttuutttttssTTTTTTTTmlkkjihgffedccbaaaaTTTTTTTTTTTggghhhhhhhhhhhhggffeeddcbaaabccdeefgghhiiiTTTTTTTiiihhhggffeeeddTTTTTTTTTTTaaaaaaabbbbbbbcccccdddde
fffggghhiijjkklmmnooppqqrrTTTTTTTTTTTTTTqponnmlkjiTfedcTTTTTTTTTfgghhhhhhhggffedcbaabcdefghjklmmnopqqrrssttttuuutttttssrTTTTTTTTllkjihggfeddcbaaabbTTTTTTTTTThhhiiiiiijiiiiihhhggfeedcbbaabccdeefgghhhiiTTTTTTThhhhggfffeeedddTTTTbTTTTTTbbbbbbbccccccddddddeeee
fgggghhhiijjkklmmnnoppqqrrsTTTTTTTTTTTTTTpponmlkjihgfecbTTTTTTTffgghhhhhhhggffedcbaabcdefghijllTnopqqrrssttttuuuuttttssrrTTTTTTTTlkjihhgfeddcbaaabbcTTTTTTTTTTiijjjjkkkkkjjjjiihhgffedccbaabccdeefggghhhTTTTTTThhhgggfffeeedddcTccccTTTTTcccccccddddddeeeeeeffff
ggghhhhiiijjkkllmnnooppqqrrsTTTTTTTTTTTTTTponmlkjihgfTTTTTTTTTeffgghhhhhhhggffedcbaabcdefghijkTTTTpqqrrsstttttuutttttsssrTTTTTTTTlkjiihgfeedcbaaabccdTTTTTTTTTTjkkkllllllllkkkjjihhgfeddcbaabccdeeffgghhTTTTTTTTggggfffeeeedddddcccccTTTTTddddddeeeeeefffffffgTT
hhhhhhiiiijjkkllmmnnoopqqrrrssTTTTTTTTTTTTTonmlkjihgTTTTTTTTTdeefgghhhhhhhggffedcbaabcdefghijTTTTTTpTrrssttttttttttttsssrrTTTTTTTTkjjihgfeedcbaaabcddeTTTTTTTTTTlllmmmmmmmmmllkkjiihgfeddcbaabccdeeffgggTTTTTTTTTggfffeeeeddddddddddddTTTTTeeeeeffffffgggggggTTT
hhhhhiiiiijjjkkllmmnnoopqqqrrssTTTTTTTTTTTponmmlkjhTTTTTTTTTcdeefggghhhhhhggffedcbaabcdefghiTTTTTTTTTTrssstttttttttttssrrqqTTTTTTTTjjihgfeedcbaaabcdeefTTTTTTTTTTTmnnnnnnnnnmmmlkkjihgfeddcbaabccdeefffgTTTTTTTTTTffffeeeeddddddddddddeTTTTTffffgggggghhhhhhTTTT
iiiiiiiiiijjjkkkllmmnnooppqqrrTTTTTTTTTTTpponmmlkjihTTTTTTTbcddeffggghhhhgggffTTcbaabcdefghijTTTTTTTTqrrssttttttttttsssrrqqpTTTTTTTTjihgfeedcbaabbcdefggTTTTTTTTTTToooppppooonnmllkjihgfedcbbaabccdeefffTTTTTTTTTTTffeeeeeddddddTddeeeeeTTTTTggghhhhhhhiiiiTTTTT
iiiiiiiiiiijjjjkkllmmnnooppqqTTTTTTTTTTTqpponmmlkjiTTTTTTTabccdeffgggghhggggTTTTTbaabcdefghijkTTTTTTTTrrssstttttttttsssrrqqppTTTTTTTTihgfeedcbaabccdefghiTTTTTTTTTTTpqqqqqqppoonnmlkjihgfedcbaaabccdeeeffTTTTTTTTTTeeeeeeedddddTTTeeeefffTTTghhhhiiiiiiiiiTTTTTT
jiiiiiiiiiiiijjjkkkllmmnnooppqTTTTTTTTTTppoonmllkjihTTTTTbaabcdeeffggggggggffTTTTTaabcdefghijklTTTTTTTTrrssstttttttssssrrqqppoTTTTTTTThgfeedcbaabcdefgghijTTTTTTTTTTqrrrrrrqqqpoonmlkjihgfedcbaaabccddeeeTTTTTTTTTTTeeeeeddddeTTTTTffffgggThhiiiijjjjjjjjTTTTTTT
jjjiiiiiiiiiiiijjjkkllmmmnnooppTTTTTTTTppponnmlkkjihgTTTcbaabcddefffgggggggfTTTTTTaabcdefghijkllTTTTTTTTTsssssttttssssrrrqqpoonTTTTTTThgfeedcbaabcdefghijklTTTTTTTTTTsssssssrrqqponmlkjihgfedcbaabbccddeeeTTTTTTTTTTTeeedddeeTTTTTTffggghhhiiijjjkkkkkkkkkTTTTTT
jjjiiiiiiihhiiiiijjjkkllmmmnnoooTTTTTTppooonmmlkjjihgfTdcbaabccdeefffgggggfTTTTTTTTabbcdfghiijklmTTTTTTTTTsssssssssssrrrqqppoonTTTTTTTTgfeedcbaabcdefghijklTTTTTTTTTTTttttttssrrqponmlkjihgedcbbaabbccddeeeTTTTTTTTTTTddddeeeeTTTTTTgghhhiijjjkkkklllllllllTTTTT
kjjjiiihhhhhhhhhhiiijjkkkllmmnnnooTTTooooonnmllkjiihTfedcbaabbcddeefffgggfTTTTTTTTTTbbcdefghijklmnTTTTTTTTTsssssssssrrrrqqpponnmTTTTTTTTfeddcbaabcdefhijklmnTTTTTTTTTTTuuuuuttsrrqponmlkjhgfedcbaaabbccdddeeTTTTTTTTTTTdddeeeeeTTTTTThhiiijjkkklllllmmmmllllTTTT
kjjjiiihhhhggggghhhhiiijjkkllmmmnnnTooonnnnmmlkkjihTTTedcbaaabcddeeffffffTTTTTTTTTTabTcdefghijklmmnTTTTTTTTTsTsssssrrrrqqppoonnmlTTTTTTTTedccbaabcefghijklmnoTTTTTTTTTTTTvvvuutssrqponlkjihgfedcbaaabcccdddddTTTTTTTTTTTddeeeeffTTTTTTiijjkkklllmmmmmmmmmmmllTTT
kjjjiihhhggggggggggghhhiijjkklllmmmmnnnnmmmmllkjjiTTTTTdcbaaabccddeeffffTTTTTTTTcTaaTTTdefghijkllmnoTTTTTTTTTTTssrrrrrqqqppoonnmllTTTTTTTTdcbbaacdefghijkmnTpqTTTTTTTTTTTTTvvuutsrqponmlkjhgfedcbaaabbcccdddddTTTTTTTTTTdeeeeeffTTTTTiijjkkllmmmmnnnnnnnnmmmmlTT
kjjiihhhggfffffffffffgghhhiijjkkllllmmmmmmlllkkjiTTTTTTTcbbaabbcddeeeefTTTTTTTTTbbaTTTTTefghijkklmnnopTTTTTTTrrrrrrrrqqqppponnmmlkkTTTTTTTTcbaabcdefghiklTTTpqrTTTTTTTTTTTTTTTuutsrqponlkjihgfedcbaaabbccccddddTTTTTTTTTTeeeefffgTTTiijjkkllmmnnnnTooonnnnnmmlTT
kjjiihhggffeeeeeeeeeefffgghhiijjjkkklllllllkkkjjTTTTTTTTTcbaaabccddeeeTTTTTTTTTcbbTTTTTTTfghijjklmmnoopTTTTTTTrrrrrrqqqqppoonnmmlkkjTTTTTTTTbaabcdefghikTTTTTqssTTTTTTTTTTTTTTTTTTTrponmlkihgfedcbaaaabbcccccddTTTTTTTTTTTeefffgghTiijjkkllmmnnnoTTTooooonnnmmlT
kjjihhggffeeddddddddddeeeffgghhiijjjkkkkkkkkjjjiiTTTTTTTTTbaaabbccddeTTTTTTTTTccbbaTTTTTTTghijjklmmnooppTTTTTTTrrrrqqqqpppoonnmllkjjiTTTTTTTTaabcdefghjklTToqrstuTTTTTTTTTTTTTTTTTTTTTTTlkjhgfedccbaaabbbcccccccTTTTTTTTTTTeffgghhiijjkklmmnnnooTTTTTpoooonnmmll
kjiihggffedddccccccccccddeeffggghhiiijjjjjjjjiiihTTTTTTTTTTaaabbccddTTTTTTTTTdccbaTTTTTTTTThiijkllmnnooppTTTTTTTrqqqqqpppoonnmmllkjjihTTTTTTTTabcdefghjklmnpqrstuTTTTTTTTTTTTTTTTTTTTTTTTTTTTgfedcbaaaabbbcccccccTTTTTTTTTTTffgghhijjkklmmnnnoTTTTTTTTpooonnmmll
kjihhgffeddccbbbbbbbbbbcccddeeffgghhhiiiiiiiiiihhTTTTTTTTTTTaaabbccTTTTTTTTTdccbbaaTTTTTTTTThijkllmnnoopppTTTTTTTqqqqqpppoonnmmlkkjiihgTTTTTTaabcdefghiklmnpqrstuvvTTTTTTTTTTTTTTTTTTTTTTTTTTTfedcbbaaabbbbcccccccdTTTTTTTTTTgghhiijkkllmnnooTTTTTTTTTTpooonmmlk
jjihgffeddcbbaaaaaaaaaaabbbccddeeffgghhhhThThhhhggTfTTTTTTTTTaabbbTTTTTTddTdcccbbaaaTcTTTTTTTijkklmmnoopppqTTTTTTTqqqTppoonnmmllkkjiihggTTTcbbaabdefghiklmnoqrstuvvwxxxyyTTTTTTTTTTTTTTTTTTTTTfedcbbaaaabbbbcccccccdTTTTTTTTTTghiijjkllmmnooTTTTTTTTTTTTpoonmmlk
jiihgfeddcbbaaaaabbbbbaaaaabbccddeefffggTTTTThggggfffTTTTTTTTTaabTTTTTTTdddcccbbbaaabcTTTTTTTTjkklmmnnoopppqTTTTTTTqTTTpoonnmmllkkjiihggfTdccbaabcdfghijkmnopqrstuTwwxxxyxxxxTTTTTTTTTTTTTTTTTTedccbaaaabbbbbccccccddTTTTTTTTTThijjkklmmnnTTTTTTTTTTTTTTToonmmlk
jihgfeddcbaaaabbcccccccbbbaaaabbccdeeefTTTTTTTgggfffeeTTTTTTTTTaabTTTTTTTcccccbbaaaabcdTTTTTTTTkklmmnnoopppqqTTTTTTTTTpooonnmmllkjjiihggfedccbaabcdefhijklnopqrsTTTTwwxxxxxxwwvvuTTTTTTTTTTTTTTTdccbaaaaabbbbccccccdddTTTTTTTThiijkklmmnnTTTTTTTTTTTTTTTTonnmllk
iihgfedcbaaabbccddddddddccbbbaaabbccddTTTTTTTTTffffeeedTTTTTTTTTabbTTTTTcccccbbbaaaabcddTfTTTTTTklmmnnooppppqqTTTTTTTppoonnnmmlkkjjiihggfeddcbaTTcdefghjklmnoqrTTTTvvwwxxxxwwvvuttsrqTTTTTTTTTTTTccbaaaaabbbbbcccccdddeTTTTTghhijjkllmmnTTTTTTTTTTTqTTTTTTnnmlkj
ihgfedcbaaabccddeeeeeeeeeddccbbaaabbccdTTTTTTTTTffeeeeddTTTTTTTTTabbTbTcccccbbbaaaabbcddefgTTTTTTlmmnnooppppqqqTTTTTTTpoonnmmllkkjjiihggfeedcbTTTTdefghijkmnopqrTtuuvvwwwwwwvvuutsrqponTTTTTTTTTTTcbaaaaabbbbbcccccdddeTTTTghhiijkklmmnTTTTTTTTTTqqTTTTTTTTmmlkj
ihfedcbaaabcddeefffffffffeeddccbbaaabbccTTTTTTTTTeeeeedddTTTTTTTaaabbbbbbbbbbbbaaaabbcddeTTTTTTTklTmnnooppppqqqqTTTTTTToonnmmllkkjjiihggfeedcTTTTTcdefghjklmnopqrsttuuvvvvvvvuutsrqponmlkTTTTTTTTTTbaaaaabbbbbccccddddeeTfgghhijjkllmnTTTTTTTqqTrrTTTTTTTTTTlkjj
hgfedcbaabcdeeffggghhhggggffeedTTbaaaabccTTTTTTTTTeeedddTTTTTTTaaaaaabbbbbbbbbaaaaabbcddefTTTTTTkTTTnnooppppqqqqqTTTTTTTTnnmmllkkjjiihggfeedTTTTTTTdefghijklmnopqrsttuuuuuuTuttsrrqponmlkTTTTTTTTTTTaaaaabbbbbccccdddeeeffghhiijkklmmTTTTTTqqqrrrrqTTTTTTTTTTkji
gfedcbaabcdeffgghhhiiiihhhggfTTTTcbbaaabbcTTTTTTTTTTdddddTTcTTbaaaaaaabbbbbbbaaaaaabbcddefggTiTjTTTTTnoopppqqqqqqqTTTTTTTTnmmTlkkjjiihggffeddTTTTTTTdefghijklnnopqrsstttttTTTssrqqponmlkjiTTTTTTTTTTTaaaabbbbbccccdddeeffgghhijjkllmTTTTTTTTqqrrrrqqTTTTTTTTTTih
gfdcbaabcdefgghhiijjjjjiiihTTTTTTdccbaaabbTTTTTTTTTTTddddcccTbbbaaaaaaaaaaaaaaaaaabbccdeefgghijTTTTTTToopppqqqqqqqqTTTTTTTTmTTTkkjjiihhgffeedccTTTTTTdefghiklmmnopqqrrsssTTTTTrqpponmlkjiihTTTTTTTTTTTaaabbbbccccdddeeeffgghiijkklmTTTTTTTTTTrrrrqqqqTTTTTTTTTTh
fedcaabcdefghhiijjjkkkkjjTTTTTTTTedccbaaaabTcTTTTTTTTTddddccccbbbaaaaaaaaaaaaaaaaabbccdeefgghijTTTTTTTToppqqqqqqqqqqTTTTTTTTTTlkkjjiihhggffeddcbTTTTTdefghijjklmnoppqqrTTTTTTTqpoonmlkkjihgfTTTTTTTTTTTaabbbbccccdddeeffgghhijjklTTTTTTTTTTTTTrrqTqqppTTTTTTTTTT
edcbaacdefghhijjkkkllllTTTTTTTTTTfedccbaaaabbcTTTTTTTTTddddccccbbbaaaaaaaaaaaaaaaabbccdeefghhiTTTTTTTTTTppqqqqqqqqqqppTTTTTTTmlkkjjiihhggffeedccTTTTTTdefghhijklmnnoopTTTTTTTTTonnmlkjjihgffeTTTTTTTTTTTbbbbbccccdddeeffgghiijkkTTTTTTTTTTTTTrrqTTTppooTTTTTTTTT
ecbaabcefghhijkklllmTTllTTTTTTTTTffedccbaaabbcTTTTTTTTTTTdddccccbbbbaaaaaaaaaaaaabbbcddeefghhiTTTTTTTTTppqqqqqrrqqqqqppTTTTTTTllkkjjiihhggffeedccTTTTTTdeffghijkllmnnTTTTTTTTTTTmTlkjiihgffeddTTTTTTTTTTTbbbccccdddeeefgghhijjkTTTTTTTTTTTTTqqqTTTTpponnTTTTTTTT
dcaabcdefghijkllmTTTTTmmTTTTTTTThgfeedcbbaaabbcTTTTTTTTTTTTddccccbbbbaaaaaaaaaaaabbccddeffghhTTTTTTTTToppqqqrrrrrrqqqqppTTTTTTTlkkjjiihhggffeeddccTTTTTTdeefghijjkllmmTTTTTTTTTTTTTjihhgffeddcbTTTTTTTTTTTbbccccdddeeffgghiijkklTTTTTTTTTTTqqqTTTTTToonmlTTTTTTT
cbabcdefghijkllTTTTTTTTTTTTTTTTihhgfedccbaaabbccTTTTTTTTTTTTddcccccbbbbaaaaaaaaabbbccddeffghTTTTTTTTToppqqqrrrrrrrrqqqpppTTTTTTTTkjjjiihhggffeeddccTTTTTTcdefgghijjkkllTTTTTTTTTTjiihggfeeddcbbbTTTTTTTTTTTcccccddeeeffghhijjkllTTTTTTTTTTqqqqqTTTToonmmlTTTTTTT
baabdefghijkllmTTTTTTTTTTTTTTTjjihgfeedcTbaaabbccTTTTTTTTTTTTdddccccbbbbbaaaaabbbbcccddeffgTTTTTTTTTooppqqrrrrrrrrrrqqqppoTTTTTTTTkjjiihhhggffeeddcTTTTTTTcdeefghhiijjjkTTTTTTTTTThhgffeTdccbbaaaTTTTTTTTTTTcccdddeeffgghiijjkllmTTTTTTTTTTqqqqqTpoonnmlkjTTTTTT
aabcdfghijkllmnnTTTTTTTTTTTTTlkjihhgfedTTTaaabbccddTTTTTTTTTeddddcTcccbbbbbbbbbbbbccddeefgTTTTTTTTTnoopqqqrrrrsssrrrrqqqppoTTTTTTTTkjTiihhhggfffeedcTTTTTTTcddeffgghhiiiiTTTTTTTTTTffeeTTTcbbaaaaaTTTTTTTTTTcccdddeeffghhiijkklmmnTTTTTTTTTqqqqppponnmlkjihTTTTT
abcdefgijkllmnnoTTTTTTTTTTTTmlkjjihgfeTTTTTaabbccdddTTTTTTTTeeeTdTTTTccbbbbbbbbbbcccddeefggTTTTTTTnnoppqqrrrsssssssrrrqqppooTTTTTTTTTTTiihhhgggffeeddTTTTTTTbcddeeffggghhTTTTTTTTTfeedTTTTTaaaaaaabTTTTTTTTTTcdddeeffgghhijjkllmnnoTTTTTTTTTqqpppoonmllkjihgTTTT
abcefghijklmnnoppTTTTTTTTTTnmlkkjihgfTTTTTTTabbccddeeTTTTTTeeeTTTTTTTTccccbbbbbbcccdddeffTTTTTTTTTnoopqqrrrsssssssssrrrqqppooTTTTTTTTTTjiihhhgggffeeedTTTTTTabbccddeefffffTTTTTTTedddTTTTTTTaaaabbbTTTTTTTTTccdddeeffgghiijkklmmnnooTTTTTTTTTpppoonmmlkjihgfeTTT
bcdeghijklmnnopppTTTTTTTToonmllkjihgfTTTTTTaabccdddeeTeTTTTffTTTTTTTTTTccccccccccccddeeTTTTTTTTTTmnoopqqrrsssstttssssrrrqqppooTTTTTTTTjjjiiihhhgggffeedTTTTTTaabbcccdddeeeeTTTTTdcccbbTTTTTTTbbbbbbbTTTTTTTccdddeeeffghhijjkllmmnooopTTTTTTTTTpoonmmlkjihgfedcTT
cdefghijklmnooppqTTTTTTTpoonmmlkjiTgTTTTTTTaabccddeeeefTTTffffTTTTTTTTTTTcccccccccdddeTTTTTTTTTTmmnoppqrrssstttttttsssrrqqppoonTTTTTTTTjjjiiiihhhgggffeeTTTTTTaaaabbbcccccccTTTccbbTaaTTTTTTTTbbbccccTTTTTcccdddeeffgghhijjkllmnnoopppTTTTTTTTTonnmlkkjihgfdcbaT
cdfghijklmnnoppqqqTTTTTppoonmmlkjTTTTTTTTTaabbccddeeefffTffffffTTTTTTTTTTTcccccccdddeeeTTTTTTTTlmnnopqqrrssttttttTTtsssrrqqppoonTTTTTTTTkjjjiiiihhhggfffeTTTTTTbaaaaaabbbbbbbTbbaaTTaTTTTTTTTTTcccccccTTTcccddddeeffgghiijkklmmnnooppppTTTTTTTTTnmllkjihgfedcaab
defghijklmnooppqqqTTTTqppoonmllkjiTTTTTTTTTabccddeeeffffgggggfffTTTTTTTTTTTddccdddddeefTTTTTTTklmnoopqqrssttttuuTTTTttssrrqqppoonTTTTTTTTTjjjjiiiihhhggfffTTTTcccbbbaaaaaaaaaaaaaTTTTTTTTTTTTTTTcccccccTcccddddeeeffghhijjkllmmnnoopppppTTTTTTTTTllkjihgfedcbabc
dfghijklmnnoppqqqqqTTqqppoonmlkjihggTeTTTTTTbccdeeefffggggggggggfTTTTTTTTTTTdddddddeeeffTTTTTkklmnoppqrrssttuuuTTTTTTttssrrqqppoonTTTTTTTTTkjjjjiiiihhhgggfTTeeddcccbbbbbbbbbbbbTTTTTTTTTTTTTTTTTcccccccccdddddeefTgghhijjkllmmnnoopppppTTTTTTTTTTkjiihgfdcbaabc
efghijklmnooppqqqqqTqqppponmmlkjihgfeTTTTTTbccddeefffgggggggggggggTTTTTTTTTdddddddeeeffggTTTjkllmnoppqrssttuuuTTTTTTTTttssrrqqppoonTTTTTTTTTkkkjjjjiiihhhggTTTfeeedddccccccccccccTTTTTTTTTTTTTTTTTdddccccddddddeeTTTghiijkkllmnnoooopppppTTTTTTTTkjjihgfedcbabcd
fghijkklmnooppqqqqqqqqppoonmlkkjihgfTTTTTTabcddeeffggggghhhhhhgggggTTTTTTTTTdddddeeeeffgghTijklmmnopqqrssttuuTTTTTTTTTTttssrrqqppoonTTTTTTTTTkkkkjjjjiiiihTTTTTfffeeeeddddddddddddTTTTTTTTTTTTTTTTTdddddddddddeeTTTTThiijkklmmnnoooopppoooTTTTTTkkjihgfedcbaabcd
fghijkllmnoopppqqqqqpppoonmmlkTihgfTTTTTTabccdeeffgggghhhhhhhhhhggggTTTTTTTTTeeeeeeeeffgThiijklmnnopqrrsttuuuTTTTTTTTTTTttssrrqqppooonTTTTTTTTllkkkkjjjjiTTTTTTTggffffeeeeeeeeeeeeeTTTTTTTTTTTTTTTTTddddddddddeeTTTTTTijjkklmmnnnooooooooonTTTlkkjihgfedcbaabTde
fghijklmmnnooTppppppppoonnmlkTTThgfTTTTTabbcddeffggghhhhhhhhhhhhhhgggTTTTTTTeeeeeeeefffTTTiijklmnnopqrrsttuuTTTTTTTTTTTutttssrrqqpppoonTTTTTTTTTlllkkkkjTTTTTTTTTgggggfffffffffffffTTTTTTTTTTTTTTTTdddddddddddeTTTTTTTTjjkllmmnnnooooooonnnmTllkjihhgfedcbaaTTTe
ghhijkllmnnTTTTpppppooonnmlkTTTTTfTTTTTaabcddeffggghhhhiiiiiiihhhhhgggTTTTTeeeeeeeeeffTTTTTjjklmnnopqrrsttuTTTTTTTTTTvvuutttssrrqqqppoooTTTTTTTTTllllkkkkTTTTTTTihhhhhggggggggggggggTTTTTTTTTTTTTTdddddddddddeTTTTTTTTTjjkllmmnnnnooooonnnmmllkjiihgfedcbaaTTTTf
ghiijkllmTTTTTToooooonnmmllTTTTTTTTTTTTabccdeefgggThhiiiTiiiiiiihhhhgggTTTfeeeeeeeeefTTTTTTTjklmnnopqrssttTTTTTTTTTTvvvvuuuttssrrqqqpppooTTTTTTTTTmlllllTTTTTTTjiiiiihhhhhhhhhgggggggTTTTTTTTTTTTeddddddddddTTTTTTTTTTTTjkllmmmnnnnnnnnnnmmlkkjiihgfedcbaaTTTTTT
ghiijkllmTTTTTTTooonnnmmlkTTTTTTTTTTTTabccdeeffggTTTTiiTTTiiiiiiihhhhgggTfffeTeeeeeeTTTTTTTTTklmnnopqrsstTTTTTTTTTTwwvvvvuuuttssrrrqqqpppoTTTTTTTmmmmmTTTTTTTTkjjjjjiiiiiiihhhhhhhhhhhTTTTTTTTTTeeeddddddddTTTTTTTTTTTTTTkllmmmnnnnnnnnmmmlkkjiihgfeddcbaTTTTTTf
ghiijkkTTTTTTTTTnnnnmmllkTTTTTTTTTTTTabbcdeeffggTTTTTTiTTTjjjiiiiihhhggggfffTTTeeeeefTTTTTTTTklmmnopqrrsTTTTTTTTTwwwwwwvvvuuuttsssrrqqqppppTTTTTnnnnmTTTTTTTlkkkkkjjjjjjjiiiiiiiiihhhhhTTTTTTTTeeeedddddddddTTTTTTTTTTTTTkkllmmmnnnnnmmmllkkjiihgfeedcbTTTTTTTfg
ghiTjTTTTTTTTTTTTmmmllkkTTTTTTTTTTTTaabcdeeffghTTTTTTTTTTTTjjjiiiiihhhgggffTTTTTeeeeffTTTTTTTTllmnopqrrsTTTTTTTTwwwwwwwwvvvuuuttsssrrrqqqpppTTTooonnnnTTTTTlllllkkkkkkjjjjjjjTjiiiiiihhhTTTTTTffeeeddddddddddTTTTTTTTTTTTTkllmmmmmmmmmmllkkjiihgfeedcbTTTTTTTefg
gTTTTTTTTTTTTTTlllllkkkjiTTTTTTdTTTaabcddeffghTTTTTTTTTTTTTTjjjiiiihhhgggTTTTTTeeeeefffTTTTTTTTlmnopqqrTTTTTTTTwwwwwwwwwvvvvuuutttssrrrrqqqppTpooooonnnTTTmmmmllllllkkkkkkkjTTTjjjiiiiihTTTTTfffeeeddddddddddeTTTTgTTTTTTTTlllmmmmmmmlllkjjiihgffedcbTTTTTTTeTfg
TTTTTTTTTTTTllllkkkkjjjihhTTTTdcbTaabcddeffghTTTTTTTTTTTTTTjjjjjiiihhhggTTTTTTTTeeeeefffTTTTTTTTmnoopqTTTTTTvTvwwwwwwwwwwvvvvuuutttsssrrrqqqqpppppoooonnTnnmmmmmmlllllllkkkkTTTTjjjjiiiihTTTgfffeeeddddddddddeeTffggTTTTTTTTllllllllllkkjjihhgfeedcbTTTTTTTdTTTg
TTTTTTTTjjjkkkkkjjjjiiihggfeTdcbaaabcddeffghTTTTTTTTTTTTTTkkjjjjiiihhhgTTTTTTTTTeeeeeeffgTTTTTTTTmnopTTTTTTTuvvwwwwwwwwwwwvvvvuuutttssssrrrqqqqpppppooooonnnnnmmmmmmmllllllTTTTTTjjjjiiihhTgggffeeeddddddddddeeeffggTTTTTTTTTlllllllkkkjjihhgfeedcbTTTTTTTdTTTTT
TTTTTTiiijjjjjjjiiiihhggffeddcbaaabcddeffghhTTTTTTTTTTTTTTkkkjjjiiihhhggTTTTTTTTTddeeeeffTTTTTTTTTnoppTTTTTTTvvvwwwwwwwwwwvvTvvuuuTtttsssrrrrqqqqpppppooooonnnnnnmmmmmmmllllTTTTTTkjjjiiihhgggffeeedddddddddddeefffggTTTTTTTTTkkkkkkkjjiihggfeedcbTTTTTTTdeeTTTT
TTTThhhiiiiiiiiihhhhggffeedccbaaabcddeffghhTTTTTTTTkTTTTTkkkkjjjiiihhgggfTTTTTTTTTdddeeeffTTTTTTTmmnopqTTTTTuuvvvwwwwwwwwwwTTTvvuTTTtttssssrrrrqqqqpppppooooonnnnnnnmmmmmmmmlTTTTTTkjjjiihhhggffeeedddddddddddeeeffgghTTTTTTTTTkkkkjjjihhggfeddcbaaTTTcTddTefTTT
TTgghhhhhhhhhhhgggggffeeddcbbaaabcddeffghhTTTTTTTTkllTTTkkkkkjjjiTihhggfffTTTTTTTTdTddeeefgTTTTTklmnoopqTsTttuuvvvvwwwwwwwTTTTTvTTTTTttttssssrrrrqqqqpppppoooooonnnnnnnnmmmmTTTTTTTTkjjiiihhggffeeedddddcddddddeeffgghhTTTTTTTTTjjjjiihhgffeddcbaaaTbcTTTTTTffTT
TggggggggggggggffffeeeddccbaaabbcddeffghhTTTTTTTTlllllTlllkkkkjjTTTThggffeeTTTTTTTTTTdddeefgTTTjkklmnoppqrssttuuvvvvvwwwwwTTTTTTTTTTTTttttssssrrrrqqqqqpppppooooooonnnnnnnmTTTTTTTTTTjjjiihhggffeeeddddccccddddeeeffgghhTTTTTTTTTiiihhggfeedccbaaabbccTTTTTTTTfT
fffffffffffffffeeeedddccbbaaabbcddeffghhTTTTTTTTllllllllllkkkkjTTTTTTgffeeedTTTTTTTTTccddeefgThijklmmnopqqrssttuuuvvvvvvvTTTTTTTTTTTTTTttttssssrrrrrqqqqppppppoooooooonnnnTTTTTTTTTTkkjjiihhggffeeddddccTcTcddddeefffgghhTTTTTTTTThhhgffeedcbbaaabccdTTTTTTTTTTf
fffffffeeeeeeedddddcccbbaaaabccddeffghhTTTTTTTTllllllllllllkkkTTTTTTTTffeeddcTTTTTTTTTTcddeefghhijklmmnopqqrsstttuuuvvvvvvTTTTTTTTTTTTTTttttsssssrrrrqqqqqpppppppooooooooTTTTTTTTTllkkjjiihhggffeedddcTTTTTTcddddeeffggghhTTTTTTTTTggffeddcbbaabbccddeTTTTTTTTTT
fffeeeeeddddddccccbbbbaaaabbccddeffghhiiTTTTTTTTmmmmmmmllllkkkTTTTTTTffeeddccbbTTTTTTTTTccdeefghhijklmnnopqqrrsstttuuuuvvvvTTTTTTTTTTTTTTTtttsssssrrrrqqqqqqppppppppooooTTTTTTTTTmllkkjjiihhggffeedddccTTTTTcTdddeeefffggTTTTTTTTTTffeedccbaaabbccddeeeTTTTTTTTT
eeeeeddddcccccbbbbaaaaaabbbccdeeffghhiijjTTTTTTTTmmmmmmmlllkkTTTTTTTgfeeddccbbbaTTTTTTTTTccddefghhijklmmnoppqrrssstttuuuuuuuTTTTTTuTTTTTTTTtttsssssrrrrqqqqqqqpppppppppooTTTTTTTmmlllkkjiihhggffeeddccTTTTTTTTTcdddeefffTTTTTTTTTTTTeddcbbaaabccddeeefffTTTTTTTT
eeedddccccbbbbaaaaaaaabbbccddeeffgghiijjkkTTTTTTTTmmmmmmlllkTTTTTTTgffeddccbbaaaaTTTTTTTTTbcddefghhijklmmnoopqqrrsssttttuuuuuTTTTTuuTTTTTTTTtttssssrrrrrrqqqqqqqqpppppppTTTTTTTnmmmllkkjjihhggfeedddcTTTTTTTTTTccdddeeeTTTTfTTTTTTTTTccbbaabbccddeefffffTTTTTTTT
edddcccbbbaaaaaaaaabbbcccdddeeffgghiijjkkTTTTTTTTnnnmmmmmllkkTTTTTTTfeedccbbaaaaaaTTTTTTTTTbcddefghhijkllmnooppqqrrsTstttttuuuTTTuuuuTTTTTTTTttsssssrrrrrrqqqqqqqqqqpppppTTTTTnnnmmllkkjjihhgffeeddcccTTTTTTTTTTccddddeeTTeffTTTTTTTTTbaaabbcddeefffgggggTTTTTTT
dddccbbbaaaaaaabbbbccccdddeeeffgghhiijjkTTTTTTTTnnnnnmmmmllkkjTTTTTTTeddcbbaaaabbbbTTTTTTTTTbccdefgghijkklmnnooppqqTTTsssttttttTuuuuuuTTTTTTTTtssssssrrrrrrrqqqqqqqqqqppppTpToonnmmmlkkjjihhgffeeddccbbTTTTTTTTTTcccdddddeeeeeTTTTTTTTTaabccddefffggggggggTTTTTT
ddccbbaaaaabbbbcccccddddeeefffgghhiijjkTTTTTTTTnnnnnnnmmmllkkjjTTTTTTTdcbbaaabbbccccTTTTTTTTTbbcdeffghijjklmmnnoppTTTTTTsssstttttttttttTTTTTTTTssssssrrrrrrrrqqqqqqTqqqqpppppooonnmmllkjjihhgffeddcccbbTTTTTTTTTTbbccccddddddddTTTTTTTTTbcddeeffggggghhggggTTTTT
dccbbaaaabbbccccddddddeeeefffgghhiijjkTTTTTTTTnnnnnnnnnmmllkkjTTTTTTTdccbaaabbcccddddTTTTTTTTTbbcdeefghiijkllmmnoTTTTTTTTrrsssssttttttttTTTTTTTTsssssrrrrrrrrrrrqqTTTqqqqqpppooonnmmllkjjThhgffeddccbbbaTTTTTTTTTTbbbbcccccccTTTTTTTTTTTTddefffgghhhhhhhgggfTTTT
ccbbaaabbbcccdTTddeeTTeeffffgghhhiijjkTTTTTTTnnnnnnnnnnTmllkkTTTTTTTedcbbaabbccdddddddTTTTTTTaaaTcdeefghhijkkllmnnTTTTTTTTrrrrsssssttttTTTTTTTTssssssrrrrrrrrrrrTTTTTTqqqqqpppoonnmmllkjTTThgfeeddcbbbaaaTTTTTTTTTTaabbbbbbbTTTTTTTTTTTTTTeffgghhhhhhhhhhggffTTT
cbbaaabbccTdTTTTeeTTTTffffgggghhiiijjTTTTTTTTnnnooonnnTTTmlkTTTTTTTTddcbaaabccddeeeeeeeTTTTTbbaTTTcddefgghijjkklmmnTTTTTTTTqqrrrrsssssTTTTTTTTssssssrrrrrrrrrrrTTTTTTTTqqqqqpppoonnmllTTTTTTgfeedccbbaaaaaTTTTTTTTTTaaaaaaaaaTTTaTTTTTTTTTTgTghhhiiiiihhhggffTTT
cbaaabbcTTTTTTTTTTTTTTTffgggghhhiijjTTTTTTTTnnnooooonTTTTTlTTTTTTTTedcbbaabccddeeefffffeTTTdccTTTTTccdeffghhijjkllmmTTTTTTppqqqrrrrrsTTTTTTTTsssssrrrrrrrrrrrrTTTTTTTTTTqqqqpppoonnmmTTTTTTTTfeddcbbaaaaaabTTTTTTTTTTaaaaaaaaaTTTTTTTTTTTTTTTThiiiiiiiihhggffeTT
TbaaabTTTTTTTTTTTTTTTTTgTggghhhiiijTTTTTTTTnnnooooooTTTTTTTTTTTTTTfedcbaaabTddeefffffffffTeedTTTTTTbbcdeefgghiijkklTTTTTToopppqqqqrrrrTTTTTTTTTrrrrrrrrrrrrrrrrTTTTTTTTrrqqqqppoonnmmlTTTTTTTfeddcbbaaaabbbbTTTTTTTTTTbbbbbbbbbcTTTTTTTTTTTTTTTiiijiiiihhggfeedT
TaaaTTTTTTTTTTTTTTTTTTTTTTghhhhiiijjTTTTTTmnnnooooooTTTTTTTTTTTTTgfedcbaabTTTTeffTggggggfffeTTTTTTTTbbcddefgghhijjTTTTTTnnnooppppqqqqrrTTTTTTTTTrrrrrrrrrrrrrrrrTTTTTTrrrrqqqpppoonmmlkTTTTTTTedccbaaaabbbccccTTTTTTTTTccccccccdTTTTTTTTTTTTTTTjjjjjjiihhggfeedc
TTTabTTTTTTTTTTgggTTTTTTTgghhhhiiijjkTTTTmmnnnoooooTTTTTTTTTTTTTgfeedcbaaTTTTTTfTTTgggggggfTTTTTTTTTabbcddeffgghiTTTTTTTTmnnnoooppppqqqqTTTTTTTTTrrrTrrrrrrrrrrrrTTTrrrrrrqqqqppooTmmlkjTTTTTTTdcbbaaabbcccddddTTTTTTTTTdddddddeeTeffTTTTTTTTTTTjjjjjiiihggfeddc
TTTbcTTTTTTTTgggggTTTTTTgghhhhhiiijjkTTTmmmnnnooooTTTTTTTTTTTTThgfedcbaaaTTTTTTTTTTThhhhgggfTTTTTTTTTaabccdeefgghhTTTTTTTTmmnnnooopppppqqTTTTTTTqqqTTTqqqqqrrrrrrrTrrrrrrrrqqqppoTTTmlkjjTTTTTTTcbaaabbccddddeeeTTTTTTTTTeeeeeeffffgghTTTTTTTTTTTkjjjjiihggfedcc
TTTTcdTTTTfgggggghhhTTTTghhhhhhiiijjkkTllmmnnnoooooTTTTnTTTTTTThgfedcbaaTTTTTTTTTTTTThhhhhggfTTTTTTTTTTabccdeeffgghTTTTTTTTTmmnnToooopppppTTTTTqqqTTTTTqqqqqqrrrrrrrrrrrrrrqqqppTTTTmlkjjiTTTTTTTbaabbccddeeeeeffTTTTTTTffffffffggghhhiTTTTTTTTTTTkjjjiihggfedcb
TTTTcdTTffgggghhhhhhTTTTThhhhhhiiijjkkkllmmnnnooooooTTTnmTTTTTihgfedcbaTTTTTTTTTTTTThihhhhhggfTTTTTTTTTTabccddeefgghTTTTTTTTTlmTTTnnoooooopTTTpppTTTTTTTqqqqqqqrrrrrrrrrrrrqqqpTTTTTTlkjjihTTTTTTTaabccddeefffffgTTTTTTTTggggggghhhhiiijTTTTTTTTTTTjjjiihgffedcb
TTTTTdeeffggghhhhhhhhTTTThhhhhhhiijjjkkllmmnnnoooooooTnnmmTTTjihgfedcbTTTTTTTTTTTTTiiiiihhhhggffTTTTTTTTTabbcddeeffggTTTTTTTTTlTTTTnnnnnooooToooTTTTTTTTTpqqqqqqrrrrrrrrrrrrqqTTTTTTTTkjjihgTTTTTTTbbcddeeffggggghTTTTTThhhhhhhhiiiijjjjkTTTTTTTTTTkjjiihgfeedcb
TTTTTdeffggghhhhhhhhhTTTTThhhhhhiiijjkkllmmnnnoToooooonnmmlTkjihgfedcbTTTTTTTTTTTThiiiiiihhhggffeTTTTTTTTTabbcddeeffggTTTTTTTTTTTTTTTmmnnnnnnnnTTTTTTTTTpppppqqqqqrrrrrrrrrrqTTTTTTTTlkjjihgTTTTTTTTcddeffggghhhhiiTTTTiiiiiiiiiijjjjjkkkkTTTTTTTTTTjjihhgfeddcb
TTTTddeffggghhhhhhhhhhTTTThhhhhhiiijjkkllmmmnnTTTooooonnmmllkjihgfedcTTTTTTTeTTTThhiiiiiihhhgggffeTTTTTTTTTabbcddeeffggTTTTTTTTTTTTTTTmmmmmmnnTTTTTTTTToooppppqqqqqrrrrrrrrrTTTTTTTTmlkjiihgfTTTTTTTTdeefgghhiiiiijjTjjjjjjjjjjjjjkkkkkklllTTTTTTTTTTjihhgfedcbb
TTbcdeeffgghhhhhhhhhhTTTTTTghhhhhiijjjkkllmmnTTTTToooonnmmllkjihgfedTTTTTTTdeffTghhhiiiiihhhgggffeeTTTTTTTTTbbccddeeffggTTTTTTTTTTTTTTTlllmmmmmTTTTTTTTTToooppppqqqqqrrrrrrTTTTTTTTnmlkjihgfedTTTTTTTTefgghhiijjjjkkkkkkkkkkkkkkkkkkllllllTTTTTTTTTTjjihhgfedcba
TbbcdeeffgghhhhhhhhhhhTTTTTgghhhhiiijjkkllmmTTTTTTTooonnmmllkjihgfeTTTTTTTTdeffgghhhhiihhhThgggffeedTTTTTTTTTbbccddeefffgTTTTTTTTTTTTTTTklllllllTTTTTTTTTTnoooppppqqqqqrrrTTTTTTTTnnmlkjihgfedcTTTTTTTTgghiijjjkkkklllllllllllllllllTllllllTTTTTTTTkjiihggfedcba
abbcdeeffgghhhhhhhhhhhTTTTTTgThhhiiijjkkllmTTTTTTTooonnnmmllkjihgfeTTTTTTTcdeefggghhhhhhhTTTTgfffeeddTTTTTTTTTTbccddeefffgTTTTTTTTTTTTTkkkkkkkkklTTTTTTTTmnnnooopppqqqqqqqqTTTTTTonnmlkjihgfedcbTTTTTTfghiijjkkllllmmmmmmTmmmmmmmmmTTTmmmmmmTTTTTkkjjiihggfedcba
abbcdeeffgghhhhhhhhhhhgTTTTTTTThhhiijjkkklTTTTTTToooonnnmmllkjihggTTTTTTTbcddeffggghhhhhTTTTTTffeeeddcTTTTTTTTTTccdddeeffggTTTTTiTTTTTjjjjjjjjjkTTTTTTTTlmmmnnnooppppqqqqqqqTTTpoonnmlkjihgfedcbaTTTefgThijkklllmmmmnnnnTTTnnnmmmTTTTTTmTmmmmTTTlkkjjiihgffedcba
abccdeeffgghhhhhhhhhhhgTTTTTTThhhhiiijjkkllTTTTTTToonnnnmmllkjihhTTTTTTTabccdeeffggggghTTTTTTTTfeedddccTTTTTTTTTTccddeeeffggTTThhhTTTiiiiiiiiijTTTTTTTTklllmmmnnooopppTqqqqqqTppoonmmlkjihgfedbaabTdefTTTjkkllmmnnnnnooTTTTTnnnnTTTTTTTTTTmmmlTllkkjjihhgfeedcba
abccdeeffggghhhhhhhhhhggTTTTTTThhhiiijjkkllTTTTTTTTnnnnnmmllkjiihgTTTTTTTTbcddeeffgggggTTTTTTTfeedddcccbTTTTTTTTTTcddeeefffggTghhhhThhhhhThhiiTTTTTTTTTjkkkllmmnnnoooTTTppqpppppoonmmlkjihgfecbaabcefTTTTTkllmnnnoooooTTTTTTTooTTTTTTTTTTTTmmlllkkkjiihhgfeddcba
abccdeeffggghhhhhhhTTgggTTTTTTThhhhiijjkklllTTTTTTTTnnnnmmllkjiihgfeTTTTTTTccddeefffffTTTTTTTTeedddcccbbaTTTTTTTTTcdddeeefffggggggghhhhhTTThhhTTTTTTTTiijjkkkllmmnnoTTTTpppppppoonnmllkjihgfdcbaacdefTTTTTTlmnnooopppTTTTTTTTTooTTTTTTTTTTTmmlllkkjjTihggfedccba
abccdeeffgggghhhhTTTTggggTTTTTTThhhiijjjkklTTTTTTTTnnnnmmmllkjiihgfTTTTTTTabccddeeeffTTTTTTTTeddddcccbbaaaTTTTTTTTTddeeeeffffggggggggggTTTTTgTTTTTTTThhhiijjkklllmmTTTTTTpppppooonnmlkkjihgedcbabcdeTTTTTTTTnnoopppqqqTTTTTTTTTpoTTTTTTTTTTTlllkkkjTTThgffedccba
abbcddefffggghhTTTTTTTgggTTTTTTThhhiiijjkklTTTTTTTnnnnnmmmllkjjihgTTTTTTTaabbccdddeeeeTTTTTTTTddcccbbbaaaaaTTTTTTTTTdeeeeffffffgggggggTTTTTTTTTTTTTTggghhhiijjkkllTTTTTTTToooooonnmmlkjjihfedcbabcdegTTTTTTTTooppqqqqrrTTTTTTTTTppTTTTTTTTTTTllkkjTTThhgffedcbba
abbcddeeffggggTTTTTTTTggggTTTTghhhhiiijjkkTTTTTTTnnnnnmmmlllkjjihTTTTTTTbaaabbccddddddddTTTTTTTccbbbaaaaaaabTTTTTTTTTTeefffffffffffffTTTTTTTTTTTTTTefffggghhiijjkTTTTTTTToooooonnnmllkjihgfedcaabcdfghTTTTTTTTppqqrrrrrrTTTTTTTpppoTTTTTTTTTllkkkTTTihggfeedcbba
abbcddeeffggTTTTTTTTggggggTTggghhhhiiijjjkkTTTTTmmnnnmmmmllkkjjihhTTTTTcbbaaabbccccddddTTTTTTTTTbbaaaaaaabbbccTTTTTTTTTfffffffffffffTTTTTTTTTTTTTTdeeeefffgghhiiTTTTTTTTnnnnnnnnnmmlkkjihgfedcaabcefghiTTTTTTTTqqrrrrsssTTTTTTTTpTTTTTTTTTTlllkkTTTihhggfeedcbba
aabccdeeffTTTTTTTThhggggggggggghhhhiiijjjkklTTTmmmmmmmmmmllkkjTihhgTTTdccbaaaabbbbccccTTTTTTTTTaaaaaaabbbbccccdTTTTTTTTTfffffffffffTTTTTTTTTTTTTTccddddeeeffgghTTTTTTTTmmmmnnTnmmmllkjjihgfedbaabdefgijkTTTTTTTTrrrssssssTTTTTTTTTTTTTTTTmlllkkjjTiihhgffeddcbba
aabccddeeffTTTTTTTThggggggggggghhhhiiiijjkkklTlmmmmmmmmmTllkkTTTihgfTeddcbbaaaaaTbbbbTTTTTTTTTaaaaaabbbccccddddeTTTTTTTTTffffffffffeTTTTTTTTTTTTTccccccdddeefTTTTTTTTTklllmmTTTmmllkkjihhgfdcbaacdefhijkTTTTTTTTrrssssssssTTTTTTTTTTTTTTmmllkkkjjiihhggffeddTbba
aabccddeeffTTTTgTghhhggggggggghhhhhiiiijjkkkllllmmmmmmmTTTTkTTTTThggfeeddcbbaaaTTTaaaTTTTTTTTaaaabbbccccddddeeeeeTTTTTTTTTgggffffffeeTTTTcTTTTTTbbbbbbbcccddTTTTTTTTTjjkkllTTTTTllkkjjihgfedcbabcdeghijklTTTTTTTTssssssssssTTTTTTTTTTTTmmlllkkjjiiihhggffedTTTba
aabbcddeeTTTTgggggghhhhhgggghhhhhhhiiiijjjkkkllllmmmmmTTTTTTTTTTTThgffeedccbbbTTTTTaTTTTTTTTabbbbccccddddeeeeeffffTTTTTTTTTggggfffeeeTTTcccTTTTaaaaaaaabbbcTTTTTTTTThijjjkTTTTTTTkkjjiihgfedcbabcdeghijklmTTTTTTTTsssssssssrTTTTTTTTTTTTlllkkjjjiihhggffeeTTTbba
aabbccdTTTTTTgggggghhhhhhhhhhhhhhhhiiiijjjkkklllllmmmTTTTTTTTTTTTTTggfeeddcccTTTTTTTTTTTTTTbbbccccddTdeeeeTffffggggTTTTTTTTTgggfffeeedTcccbbaTaaaaaaaaaaaaTTTTTTTTTgghiijTTTTTTTTTjjiihgffedcaabcdfghijklmnTTTTTTTTssssssssrrTTTTTTTTTTmllkkjjjiihhhggffeTTTccba
aaabccTTTTTTTTggggghhhhhhhhhhhhhhhhiiiijjjkkkklllllmTTTTTTTTTTTTTThhgffeedddcTTTTTTTTTTTTTccccddddeTTTTffTTTggggghhhTTTTTTTTTggTfffeeddccbbaaaaaabbbbbaaaTTTTTTTTeeffghhiiTTTTTTTTTiihhgfedcbaabcdfghijklmnoTTTTTTTTssssssrrrqTTTTTTTTmllkkjjjiihhhggfffTTTdccba
aaabbccTTTTTTTggggghhhhhhhhhhhhhhhhiiiijjjjkkklllllTTTTTTTTTTTTTTihhggffeeddTTTTTTTTTTTTTcdddddeeeTTTTTTgTTThhhhhhhiTTTTTTTThhTTTffeeddcbbaaaaabbbbbbbbbTTTTTTTTcddeefgghhhTTTTTTTTThhgffedcbaabcefghijklmnopTTTTTTTTssssrrrqqTTTTTTTmllkkjjjiihhhgggffeeTddccbT
aaaabccTTTTTTTggggghhhhhhhhhhhhhhhiiiiijjjjkkkkllllTTTTTTTTTTTTTTiihhggffeeTTTTTTTTTTTTTdddeeeeffTTTTTTTTTTTTiiiiiiiiTiTTTTihTTTTTfeeddcbbaaaabbbccccccTTTTTTTTabccddeffggghTTTTTTTTTTffedccbaacdefghijklmnoppTTTTTTTTssrrrqqppTTTTTmllkkjjiiihhhgggfffeeeddccTT
aaaabbccTTTTTTfgggghhhhhhhhhhhhhhhiiiiijjjjkkkklllTTTTTTTlTTTTTTjiihhgggffeeTTTTTdTTTTTeeeeeffffgTTTTTTTTTTTTTjjjjjjjjjjTTiiTTTTTTTTeddcbbaaabbccccdddTTTTTTTTaaabbccddefffggTTTTTTTTTTeedcbaabcdefghijklmnoopqTTTTTTTTrrrqqppooTTTmllkkjjiiihhhgggffffeeeddTTTT
baaaabccTTTTTTfgggghhhhhhhhhhhhhiiiiiiijjjjkkkkllTTTTTTTlllTTTTjjiiihhgggfffeeTTeeeTTTeeeffffgggTTTTTTTTTTTTTjjjkkkkkkkjTjjjTTTTTTTTTddcbbaaabbccddddddTTTTTTcbbaaabbccddeeffffTTTTTTTTTdccbaabcdefghijklmnnoppTTTTTTTTTTqqppoonnTmllkkjjiihhhggggffffeeeedTTTTT
bbaaabbccdTTTTffggghhhhhhhhhhhiiiiiiiiijjjjjkkkkTTTTTTTlllllkTkjjjiihhhgTgfffffeeeeeTfffffgggghTTTTTTTTTTTTTkkkkkkkkkkkkkkjTTTTTTTTTTTdcbaaabbccdddeeeeeTTTTdcccbaaaabbccddeeeefTTTTTTTTTcbaaabcdefghijklmmnooppTTTTTTTTTTppoonnmllkkjjiiihhhggggfffffeeeeTTTTTT
bbaaaabbccTTTTTfggghhhhhhhhiiiiTTiiiiiijjjjjkkkTTTTTTTTllllllkkkjjjiihhTTTgffffffffffffgggghhhTTTTTTTjTTTTTTllllllllllllkkTTTTTTTTTTTTTcbbaabbccddeeeeffTTTeeddccbbaaaabbccddddeeTTTTTTTTTbaabccdefghijkllmnnooppTTTTTTTTTTonnmmllkkjjiihhhggggffffffeeeeTTTTTTT
TbbaaaabccdTTTTfggghhhhhhiiiiTTTTiiiiiijjjjkkkTTTTTTTTlllllllkkkkjjiiiTTTTTgggfffffggggghhhhiTTTTTTTkkkTTTTlllmmmmmmmmllllkTTTTTTTTTTTdcbbaabbcddeeefffffTffeeeddccbbaaaabbccccdddTTTTTTTTTaabcdeefghijkklmmnnooppTTTTTTTTTTnmmlkkjjiihhhggggfffffffeeeeTTTTTTTT
TcbbaaabbccTTTTTfggghhhhhiTTTTTTTTiiiijjjjjkkkkTTTTTTlllllllllkkkjjjiTTTTTTTgggggggggghhhhiiTTTTTTTTlllllTmmmmmmmmmmTmmmmlllTTTTTTTTTedccbaabbcddeeffffgggffffeeeddccbbaaaaabbbccccTTTTTTTTTbccdeffghijjkllmnnnooooTTTTTTTTTTllkkjjiihhgggfffffffeeeeeeTTTTTTTTT
TcbbaaaabbcdTTTTfggghhhhTTTTTTTTTTiiTTjjjjjkkkklTTTTlmmmmmlllllkkkjjTTTTTTThhgggggghhhhhiiijTTTTTTTlllmmmmmnnnnnnnnTTTnmmmlllTTTTTTTTeddcbaabbcddeeffggggggggfffeeeddccbbaaaaaabbbbbTTTTTTTTTcddefgghijjkklmmmnnnnTTTTTTTTTTTTkjjiihhgggffffeeeeeeeeeeTTTTTTTTTT
TccbbaaaabcTTTTTTfgghhTTTTTTTTTTTTTTTTjjjjkkkkklllTlmmmmmmmlllllkkkTTTTTTTThhhhhhhhhhhiiijjTTTTTTTlmmmmmnnnnnnnoooTTTTTnnmmllkkTTTTTffedcbaabbcddefffgggggggggggffeeeddccbbbaaaaaaaaaTTTTTTTTTdeefgghiijkklllmmmmnTTTTTTTTTTTjjiihhgggfffeeeeeeeeeeeeTTTTTTTTTTT
TdccbbaaabbcTTTTTfggghTTTTTTTTTTTTTTTTTjjjkkkklllllmmmmmmmmmmlllkkTTTTTTTThhhhhhhhhhiiiijjTTTTTTTmmmmnnnnnoooooooTTTTTTTnnmmllkkTTThgfedcbaaabcddeffggghhhhhhhggggfffeeddcccbbbbaaaaaaTTTTTTTTTeffgghiijjkkllllmmTTTTTTTTTTTjiihhgggffeeeeeeddddeeeeTTTTTTTTTTTT
TTdccbbaaabbTTTTTTfgghhTTTTTTTTiiiTTTTTjTkkkkkllllmmmmmmmmmmmmlllkkTTTTTTTTThhhhhhiiiijjjjkTTTTTTTmnnnnoooooooppTTTTTTToonnmmllkjTihgfedcbaaabcddeffggghhhhhhhhhhgggfffeedddccccbbbbbbbTTTTTTTTTffgghiijjjkkklllTTTTTTTTTTTiihhggfffeeedddddddddddTTTTTTTTTTTTTe
TTddccbbaaabcTTTTTfgghhTTTTTTiiiijTTTTTTTkkkkllllmmmmmmmmmmmmmmlllkkkTTTTTTTTiiiiiiiijjjjkkkTTTTTTTnnooooooppppTTTTTTToooonnmmlkkjihgfeddcbaabcddeffgghhhhiiiihhhhhgggfffeeeddddcccccccccTTTTTTTTgghhhiijjjkkkkTTTTTTTTTTTihhggffeeedddddccccddddTTTTTTTTTTTTffe
TTTddccbaaabbTTTTTTfgghhTTTiiiiijjjTTTTTTTkkllllmmmmmnnnnnnmmmmmlllkTTTTTTTTiiiiiiiijjjjkkkllTTTTTTTooooppppppTTTTTTTpppoonnmmllkjihggfedcbTabccdeffgghhhiiiiiiiiihhhhgggfffeeeeddddddddddTTTTTTTTghhhiiijjjjjTTTTTTTTTTThhggffeeedddccccccccccdTTTTTTTTTTTTffff
TfeeddccbaaabbTTTTTfggghThiiiiiijjjTTTTTkkkllllmmmmnnnnnnnnnmmmmlllTTTTTTTTiiiiiiiijjjjkkklTTTTTTTTooooppppppqqTTTTTTTppooonnmllkjiihgfedcTTTbccdeffgghhhiiiiiiiiiiiihhhhgggffffeeeeeeeeeeeTTTTTTTTThhiiiijjjjTTTTTTTTTTgggffeedddccccbbbbbbcccTTTTTTTTTTTTfgfff
gffTeddccbaaabcTTTTTfgghhhhiiiiijjjjTTTTTkklllmmmmnnnnnnnnnnnnTmmllTTTTTTTiiiiiiiiijjjkkklTTTTTTTToooopppppqqqqqTTTTTTTppoonnmmlkjjihgfedTTTTTbcdeefgghhiiiijjjjjjjiiiiihhhhggggffffffffffffTTTTTTTTThiiiiiiiTTTTTTTTTTggffeeddcccbbbbbbbbbbbbTTTTTTTTTTTTgggggg
gTTTfeddcbbaaabTTTTTffgghhhiiiiijjjjTTTTTklllmmmmnnnnnnnnnnnnTTTTlTTTTTTTjjiiiiiiijjjjkkkllTTTTTToooopppppqqqqqqqTTTTTTTpooonmmlkkjihgfeTTTTTTTTdeefgghhiiijjjjjjjjjjjiiiiihhhhggggggffffffggTTTTTTTTTiiiiiiTTTTTTTTTTfffeeddcccbbbaaaaaaaaabbbTTTTTTTTTTggggggg
TTTTTfeddcbbaabbTTTTTfggghhhiiiiijjjjTTTTTlllmmmnnnnnoooooonTTTTTTTTTTTTjjjiiiiiiijjjjkkkllmTTTTnooopppppqqqqqqqTTTTTTTpppoonnmllkjihgfTTTTTTTTTTeefgghhiiijjjjjjjjjjjjjjjiiiihhhhhhggggggggggTTTTTTTTTiiiiihTTTTTTTTffeeddccbbbaaaaaaaaaaaaabbcTTTTTTTTTTghhhhh
TTTTTffeddcbaaabTTdeeffgghhhhiiiijjjjTTTTTllmmmnnnnooooooooTTTTTTTTTTTTTTjjiiiiiiijjjjkkkllmmmTnnooopppppTqqqqqTTTTTTTqpppoonnmllkjihgffTTTTTTTTTTefgghhiijjjjkkkkkkkkkkjjjjjiiiiihhhhhhhhhhhhhTTTTTTTTThhhhhhTTTTTTfeeddccbbaaaaaaaaaaaaaaaaabbcTTTTTTTTTThhhhh
TTTTTTffeddcbaaabccdeeffgghhhiiiijjjjkTTTTTlmmmnnnooooooooTTTTTTTTTTTTTTjjjiiiiiiiTjjjkTkllmmmnnnoooppppTTTqqqTTTTTTTTqpppoonnmllkjihggfeTTTTTTTTTTffghhiijjjkkkkkkkkkkkkkkkjjjjjiiiiiiihhhhhhhhTTTTTTTTThhhhgggTTTeeddccbbaaaaaabbbbbbbbaaaaabbcTTTTTTTTTTTiiii
TTTTTTgffedccbaaabcddeeffgghhhiiiijjjkTTTTTmmmnnnooooooooTTTTTTTTTTTTTTTjjiiiiiiiTTTTjTTTTlmmmnnnooopppTTTTTqTTTTTTTTqppppoonnmllkjihhgfedTTTTTTTTTffghhiijjjkkkkklllllllkkkkkkkjjjjjiiiiiiiiiiiiTTTTTTTTThhgggffTeeddccbbaaaabbbbbcccbbbbaaaabbcdTTTTTTTTTTiiii
TTTTTTTgffedccbaabbcddeeffgghhhiiijjjkkTTTTTmnnnoooooppppoTTTTTTTTTTTTTjjjiiiiiiTTTTTTTTTTTlmmnnnoooppTTTTTTTTTTTTTTqqpppooonnmllkjihhgfedcTTTTTTTTTfghhiijjjkkklTlllllllllllkkkkkkjjjjjjjjiiiiiiiiTTTTTTTTgggffeeeddcbbaaaabbbcccccccccbbbaaabbcddTTTTTTTTTTjjj
TTTTTTTTgffedcbbaabbcddeeffgghhhiiijjkkTTTTTmTnnooooppppppoTTTTnTTTTkTjjjiiiiiiTTTTTTTTTTTTTmmnnnoooopTTTTTTTTTTTTTqqppppooonmmllkjihggfedcbaTTTTTTffghhiijjkkklTTTllllllllllllllkkkkkkjjjjjjjjiiiiiTTTTTTgggfffeedccbbaaaabbccccdddddcccbbaaaabcddeTTTTTTTTTTjj
TTTTTTTThgffedcbbaabbcddeeffgghhhiijjjkkTTTTTTTnooopppppppooTTTnmmTlkkjjjiiiihTTTTTTTTTTTTllmmmnnnoooTTTTTTTTTTTTTqqpppppoonnmmlkkjihgffedcbaaTTTTTffghhiijTkkkTTTTTmmmmmmmmmmllllllkkkkkkkjjjjjjjiiiTTThhgggffeeddcbbaaaabbccdddddddddcccbbaaabcdeefTTTTTTTTTTk
TTTTTTTTThgfeedcbaaabbcddeeffgghhiiijjkkTTTTTTnoooopppppppoooTnnmmllkkjjiiihhTTTTTTTTTTTTklllmmnnnooTTTTTTTTTTTTTqppppppooonnmmlkkjihgfeedcbaabTTTeffghhiiTTTTlTTTTTTmmmmmmmmmmmmllllllkkkkkkjjjjjjiiiThhhggffeeddcbbaaabbcccdddeeeeedddccbbaaabcdeffgTTTTTTTTTT
TTTTTTTTThhgfeedcbaaabbcddeeffgghhiijjjkkTTTTTToooopppppppooonnmmllkkjjiiihhhTTTTThTTTTTjkkllmmmnnnooTTTTTTTTTTTTppppppooonnnmllkjjihgfeddcbaabcTdefgghhiTTTTTTTTTTTTTmmmnnmmmmmmmmmllllllkkkkkjjjjjiiihhhggffeedccbaaaabccdddeeeeeeeedddcbbaaabcdefgghTTTTTTTTl
TTTTTTTTTThhgfeddcbaaabbcddeeffgghhiijjkTTTTTTTnooopppppppooonnmmllkkjjiihhhTTTTThhhTTTTjkkkllmmmnnnooTTTTpTTTTTppppppoooonnmmTlkjiihgfedcbbaabcddefgghiTTTTTTTTTTTTTTTnnnnnnnnnmmmmmmllllllkkkTkjjjiiihhhggfeeddcbbaaabccdddeeeeffeeeeddccbaabbcdefghhTTTTTTTmm
TTTTTTTTTTihhgfeddcbaaabbcddeeffgghTTijjkTTTTTTToooopppppooonnnmllkkjjiihhhTTTTTgghhTTTijjkklllmmTnnnooTTTopTTTppppppoooonnnmTTTkjihhgfedcbaaabcdeefgghiiTTTTTTTTTTTTTTTnnnnnnnnnnmmmmmmlllllkTTTjjjjiihhggffeedccbaaabbccddeefffffffeeddccbaabccdefghijTTTTTmmm
TTTmTTTTTTTihhgfeddcbaaabbcddeeffTTTTijjkkTTTTTTooooopppoooonnmmllkjjiihhgTTTTTggggghTiiijjkklllTTTnnnnoTooooTopppoooooonnnmTTTTTjihggfedcbaabbcdeffghhiTTTTTTTTTTTTTTTTTnnnnnnnnnnnmmmmmmlllTTTTTjjjiihhggffeddcbbaaabccddeeffffffffeeedccbaabcdeffghijkTTTmmnn
TnnnTTTTTTTjihggfeddcbaaabbccdTTTTTTTTijjkTTTTmnnoooooooooonnmmllkkjiihhgTTTTTffffggghhiiijjkklTTTTTnnnnooooooooooooooonnnnTTTTTTTiTgfeedcbaabccdeffghhTTTTTTTTTTTTTTTTTnnnnnnnnnnnnnnmmmmmlTTTTTTTTjiihhggffeddcbaaabbcddeeffffffffffeedccbaabcdefghiijklTmmnnn
ooonnTTTTTTTjihggfeddcbbaaabcTTTTTTTTTiijjkTlmmnnnoooooooonnmmmlkkjjihhgTTTTTTTTfffggghhiiijjkTTTTTTTnnnnnoooooooooooonnTnTTTTTTTTTTTfedccbaabcddefgghTTTTTTTTTTTTTTTTTnnnooooonnnnnnnnmmmmmTTTTTTTTTiiihggffedccbaaabccdeeffffggggfffeedccbaabcdefghijkklmmnnno
oooTTTTTTTTkjjihggfeddcbbaaTTTTTTTTTTTTiijkkllmmnnnnnoonnnnmmmllkjjiihggfTTTTTTTTffffgghhiijjjTTTTTTTTnnnnnnnoooooooonnTTTmTTTTTTTTTTTedcbaaabcdeffghTTTTTTTTTTTTTTTTTnnooooooooonnnnnnnmmmTTTTTTTTTTTiihggfeedccbaaabcddeefffgggggfffeedcTbaabcdefghijkllmnnnoo
ooTTTTTTTTllkjjihggfeddcbbTTTTTTTTTTTgghiijkkllmmmnnnnnnnnmmmllkjjiihggfffeTTTTTTTefffgghhiijTTTTTTTTmmmnnnnnnnnnnnnnnTTTTTlTTTTTTTTTTedcbaabccdefgghhTTTTTTTTTTTTTTTnnnoooooooooonnnnnnnmTTTTTTTTTTTTTihggfeedcbbaabbcddefffgggggggffeedTTTaabcdeghiijklmmnnooo
pTTTTTTTTTmllkjiihggfeedccTTTTTTTTTeefgghiijkklllmmmmnnmmmmlllkjjiihhgffeeTTTTTTTeeefffgghhiTTTTTTTTlmmmmmnnnnnnnnnnnTTTTTTllTTTTTTTTTTccbaabcdeefgghiiTTTTTTTTTTTTTnnnoooooooooooonnnnnnTTTTTTTTTTTTTiihggfeedcbaaabccdeeffggggggggffeeTTTTTacdefghijkklmnnooop
pTTTTTTTTnmmlkkjiihggfeedccTTTTTTTTdeefgghiijjkklllmmmmmmmllkkjjiihhgffeeTTTTTTTdddeeeffgghhiTTTTTTlllmmmmmmnnnnnnnnTTTTTTTTkkTTTTTTTTTTbaaabcdeffghhijjTTTTTTTTTTTTnnnooooooooooooonnnnTTTTTTTTTTTTTjiihggfeedcbaaabcddeeffggggggggffeTTTTTTTcdefghijklmmnnoopp
TTTTTTTTonnmmlkkjiihggffeddTTTTTTbbcdeefgghhijjkkklllllllllkkjjiihhTffeeTTTTTTTccdddeeeffgghhiTTTTTTTlllmmmmmmnnnnnTTTTTTTTTTkjTTTTTTTTTbaabcddefgghiijjkTTTTTTTTTTnnnnooooooooooooonnnTTTTTTTTTTTTTjjiihggfeddcbaaabcddeffgggggggggffTTTTTTTTcdefghijklmmnooppp
TTTTTTTooonnmllkkjiihhgffeedTTTaaabbcddeffghhiijjkkkklllkkkkjjiihhTTTTeTTTTTTTcccccddeeeffgghhiTTTTTTTlllmmmmmmmmmmmTTTTTTTTTTjiTTTTTTTcbaabcdeefghhijjkkklTTTTTTTnnnnnooooooooooooonnTTTTTTTTTTTTTTjjiihggfeddcbaabbcdeeffgggghggggfTTTTTTTTTTdefghijklmnnooppp
TTTTTTTpoonnmmllkkjjihhggfeeTTTbbaaabccdeefgghiiijjjkkkkkjjjiiihhTTTTTTTTTTTTbbbccccddeeffgghhTTTTTTTklllllmmmmmmmmmmTTTTTTTTjjihTTTTTcbaaabcdefgghiijjkklllTTTTTnnnnnnooooooooooooonTTTTTTTTTTTTTTkjjiihggfeddcbaabbcdeeffggghhhgggTTTTTTTTTTTTefghijklmnnooppp
TTTTTTpppoonnmmllkkjjiihggTTTTTTcbaaabbcddeffghhiiijjjjjjjiiihhgTTTTTTTTTTTTTbbbbbcccddTeffggTTTTTTTkkkkllllmmmmTmmmmmTTTTTTTjiihgTTTdcbaabcddefghhijjkkkllmmTTTnnnnnnnnoooooooooooonTTTTTTTTTTTTTkkjjiihggfeddcbaabccdeeffggghhhggTTTTTTTTTTTTTTfgijjklmnnooppp
TTTTTppppooonnmTllkkjjiihhgTTTTTdcbbaaabccdeefgghhhiiiiiiiihhhgTTTTTTTTTTTTTbaabbbbcccTTTeffTTTTTTTjjkkkklllllmTTTmmmllTTTTTjjihhgfTddcbaabcdeffghiijjkklllmmmTnnnnnnnnnnnooooooooonTTTTTTTTTTTTTlkkjjiihggfedccbaabccdeffggghhhhhTTTTTTTTTTTTTTefhijjklmnnooppp
TTTTTppppooonnTTmllkkjjjiihTTTTTTdccbaaabbcddeffggghhhhhhhhhggTTTTTTTTTTTTTaaaaaabbbcTTTTTeTTTTTTTijjjkkkkllllTTTTTlllllTTTjjiihggfedcbaaabcdefgghiijkkkllmmmmmnnnnnnnnnnnnnnnnnnnnTTTTTTTTTTTTTllkkjjiihggfedccbaabcddeffggghhhhhTTTTTTTTTTTTTdefhijjklmnnooppp
TTTTqpppppooonTTTmlllkkjjiihTTTTTeddccbaaabccddeeffgggggggggfffTTTTTcTTTTTaaaaaaaaabTTTTTTTTTTTTThiijjjkkkkllTTTTTTlllllkTkjjiihgffedcbaabcddefghhijjkklllmmmmmnnnnnnnnnnnnnnnnnnnTTTTTTTTTTTTTmllkkkjiihggfedccbaabcddeffggghhhhTTTTTTTTTTTTTcdefghijklmnnooppp
pTTTppppppoooTTTTmmmllkkkjjiTTTTTTfeddcbbaaabccddeeffffffffffeeeTTTcbbTTTaaaaaaaaaaTTTTTTTTTTTTThhhiijjjkkkkTTTTTTTTlllkkkjjiihhgfeddcbaabcdeefghiijjkklllmmmmmnnnnnnnnnnnnnnnnnnTTTTTTTTTTTTTmmlllkkjiihggfedcbbaabcddeffgghhhhTTTTTTTTTTTTTbcdefghijklmmnooopp
ppTpppppppooTTTTTTmmmlllkkkjjTTTTTgfeedccbaaabbccTddeeeeeeeeeedddTcbbbaTaaaaaaaaaaTTTTTTTTTTTTTgghhiiijjjjkTTTTTTTTTTkkkkjjjiihggfedcbbaabcdefgghiijjkklllmmmmmnnnnnnnnnnnnnnnnnTTTTTTTTTTTTTmmmlllkkjjihggfedcbbaabcdeeffgghhTTTTTTTTTTTTTaabcdefghijkllmnnooop
ppppppppppoTTTTTTTTmmmmlllkkkTTTTTTggfeedccbTaaTTTccdddddddddddcccbbaaaaaaaaaaaaaaTTTTTTTTTTTTffgghhiiijjjTTTTTTTTTTTTkkjjjiihhgfeedcbaabbcdefgghiijkkklllmmmmmmmnnnnnnnnnnnnnnTTTTTTTTTTTTTTmmmlllkkjjihhgfedcbbaabcdeeffgghTTTTTTTTTTTTTbaabcdefghijkklmmnnooo
oopppppppooTTTTTTTTnnnmmmmlllkTTTTThhggfeeTTTTTTTTTbccccccccccccbbbaaaaaaabbbbbbaTTTTTTbTTTTTeffggghhiiijTTTTTTTTTTTTkkjjjiihhggfeddcbaabcddefghhijjkkklllmmmmmmmmmmmmmmmmmnnnTTTTTTTTTTTTTTmmmmlllkkjjihhgfedcbbaabcdeefgggTTTTTTTTTTTTTcbaabcdefghijjkllmnnnoo
ooooooooooTTTTTTTTTTnnnnnmmmmlTTTTTTihhgTTTTTTTTTTTaaTTbbbcbbbbbbaaaaaaabbbbbbbbTTTTTTabbTTTdeeffggghhiiTTTTTTTTTTTTjjjjjiiihggffedcbbaabcdeefghhijjkkklllmmmmmmmmmmmmmmmmmmmmTTTTTTTTTTTTTnmmmmlllkkjjihhgfedcbbaabcdeefggTTTTTTTTTTTTTdcbaabcdefgghijkklmmnnno
nooooooooTTTTTTTTTTTTonnnnnnmmmTTTTTjjiTTTTTTTTTTTTTTTTaabbbbaaaaaaaaaabbbbbbbbTTTTTTTabbbTcddeeffgghhhiiTTTTTTTTTTjjjjjiiihhgffeddcbaaabcdeffghhijjkkklTllmmmmmmmmmmmmmmmmmmTTTTTTTTTTTTTnmmmmmmllkkjjihhgfedccbaabcdeefgTTTTTTTTTTTTTTTccbaabcdefghijjkllmmnnn
nnnnoooooTTTTTTTTTTTTooooooonnnTTTTTTkjTTTTTTTTTTTTTTTTTaaaaaaaaaaaaabbbbbbbcbTTTTTTTaaabbccddeefffgghhhhiTTTTTTTTjjjiiiihhhggfeedccbaabbcdeffghhijjjkkTTTllllmmmmmmmmlmmmmmTTTTTTTTTTTTTnnmmmmmmllkkjjiihgfeddcbaabcdeefTTTTTTTTTTTTTTTddcbaabcdefghhijkkllmmmn
mnnnnnnnTTTTTToTTTTTTTppppooooooTTTTTlkkTTTTTTTTTedTTTTTbaTaaaaaaabbbbbbcccccTTTTTTTaaaaabbccddeefffggghhhiTTTTTTiiiiiiihhhggffeddcbaaabccdeffghhiijjkTTTTTTlllllllllllllllTTTTTTTTTTTTTmmmmmmmmmlllkkjiihgfeedcbaabcdeeTTTTTTTTTTTTTTTeedcbaabcdeefghiijkkllmmm
mmmnnnnnnTTTTooTTTTTTTppppppppppTTTTTTTlTTTTTThgffeTTTTTTTTbbbbbbbbbbbccccccccTTTTTTTaaaabbcccddeefffggghhhhhTTTTTiiihhhhgggffeedccbaaabcddeffghhiijjTTTTTTTTlllllllllllllllTTTTTTTTTTTmmmmmmmmmmlllkkjjihgffedcbaabcdeTTTTTTTTTTTTTTTffedcbaaabcdefghhijjkklllT
lmmmmmnTnnnTooooTTTTTTqqqqqqqqqppTTTTTTmmTTTjjihhgffTTTTTTTcccbbbccccccccccccccTTTTTTTaaaabbccdddeefffgggghhhhTTTTThhhhgggfffeedccbaaabbcddeffghhiijjTTTTTTTTTkkkkkkkkkkkkkklTTTTTTTTTmmmmmmmmmmmmllkkjjihggfedcbaabcdTTTTTTTTTTTTTTTgffedccbaabcdeefghhijjkkkTT
lllmmmTTTTnnnooTTTTTTTTqqqrrrrrqqTTTTTTTnTmlkkjiihggTTTTTTddccccccccccccccccccccTTTTTTTaaabbbccddeeeffffggggghhTTTTTgggggffeeeddcbbaaabccdeeffghhiiiTTTTTTTTTTTkkkkkkkkkkkkkkkTTTTTTTTmmmmmmmmmmmmlllkjjihhgfedcbaabTTTTTTTTTTTTTTThhggfeedcbaabbcdefgghiijjkTTT
kllllmTTTTTnnoooTTTTTTTrrrrrrrrrrrTTTTTpoonmmlkkjiihgTTTTTTdddddddddddddddddddcTTTTTTTaaaaabbcccddeeeeffffggggggTTTTTgffffeedddcbbaaabbccdeeffgghhiTTTTTTTTTTTTTjjjjjjjjjjjkkkkkTTTTTlmmmmmmmmmmmmlllkkjiihgfedcbaaTTTTTTTTTTTTTTThhhggffedcbbaabcdeefgghiijTTTT
kkkllTTTTTTTnoooTTTTTTrrrsssssssssTTTTTTpponnmllkjjihhTTTTTeeeddddddddddddddddTTTTTTTbbaaaaabbcccdddeeefffffffgggTTTffffeeeddccbbaaaabccddeeffgghhTTTTTTTTTTTTTTTTjjjjjjjjjjjjkkkTTTlllmmmmmmmmmmmmllkkjjihgfedcbaTTTTTTTTTTTTTTTiihhhgffeddcbaabbcdeTfgghhiiTTT
jkkkTTTTTTTnnnoopTTTqrrrsssttttttttTTTTTqqpponnmllkjjiTTTTTTfeeeeeeddddddddddTTTTTTTbbbaaaaaabbcccdddeeeeeffffffffTfeeeeedddccbbaaaabbccddeeffgghhhTTTTTTTTTTTTTTTTiiiiiiiiijjjjkkTkllllmmmmmmmmmmmlllkjjihgffedcTTTTTTTTTTTTTTTiiihhhggfeedcbaaabcdTTTfgghhiiTT
jjjkTTTTTTTmnnoopTqqrrrssttttuuuuutTTTTTTrqqpoonmmlkkjTTTTTTffffeeeeeeeeeeddTTTTTTTccbbbaaaaabbbcccddddeeeeeeeeeeeeeeedddcccbbbaaaabbccddeefffggghhhTTTTTTTTTTTTTTTThhhhiiiiiijjjjkkklllmmmmmmmmmmmmllkkjihhgfedTTTTTTTTTTTTTTTiiiiihhggffedccbaabTTTTTTfgghhiTT
ijjTTTTTTTmmnnooppqqrrsstttuuuuuuuuuTTTtssrrqpponnmlkkjTTTTTTgffffeeeeeeeeeTTTTTTTccccbbbaaaaabbbccccdddddddeeeedddddddcccbbbaaaaabbccdddeefffgggghhhhTTTTTTTTTTTTThhhhhhhhhiiiijjjkkklllmmmmmmmmmmmllkkjiihgfedcTTTTTTTTTTTTTiiiiiihhhgffeddcbaaTTTTTTTTfgghhiT
iiTTTTTTTTmmnnooppqqrsstttuuvvvvvvvvTuuuttssrqqpoonmllkTTTTTTgggfffffeeeeeTTTTTTTTdccccbbbaaaaaabbbcccccddddddddddcccccbbbbaaaaabbbccdddeeefffgggggghhhTTTTTTTTTTTgggggggghhhhiiijjjkkklllmmmmmmmmmmmllkjjihgfedcTTTTTTTTTTTThiiiiiihhhggfeedccbTTTTTTTTeffgghhh
hiTTTTTTTllmmnooppqrrssttuuvvvwwwwwwwvvvuuttsrrqpoonmmlkTTTTTTTgggffffffeTTTTTTTTdddcccbbbbaaaaaabbbbcccccccccccccccbbbbaaaaaabbbcccdddeeeeffffgggggggggTTTTTTTTTffffffgggggghhhiijjjkklllmmmmmmmmmmmllkkjihggfeTTTTTTTTTTTThhhiiiiihhhggffeddcbTTTTTTTdeeffgghh
hTTTTTTkkllmmnooppqrrsttuuTvvwwwwwwwwwwvvuuttsrrqpponmmlTTTTTTThggggffffffTTTTTTdddddcccbbbbaaaaaaabbbbbbbbbbbbbbbbbaaaaaaaabbbcccddddeeeeffffffgggggggggTTTTTTTTffffffffffggghhhiijjjkklllmmmmmnmmmmllkkjiihgfTTTTTTTTTTTTghhhiiiiiihhggffeedcTTTTTTTcddeeffggh
TTTTTTTkkllmmnnoppqrrsttTTTvwwwxxxxxxxwwwvvuutssrqpponmmlTTTTTTThggggffffffTTTTeeeddddcccbbbbaaaaaaaaabbbbbbbbbaaaaaaaaaabbbbcccddddeeeeefffffffffffffffffTTTTTTeeeeeeeeeffffggghhiijjkklllmmmmmnnmmmmllkjjihgTTTTTTTTTTTefgghhhiiiiihhhggfeedTTTTTTTbccddeeffgg
TTTTTTjjkklmmnnoppqrssTTTTTTwwxxxxxxxxxxwwvvuutssrqpoonmmTTTTTTihhhggggffffTTTeeeeeddddcccbbbbaaaaaaaaaaaaaaaaaaaaaaabbbbccccddddeeeeeffffffffffffffffffeeeeTTTedddddddeeeeefffgghhiijjkkllmmmmmnnmmmmllkkjihTTTTTTTTTTTdefgghhhiiiiihhhggffeTTTTTTTabbcddeefffg
TTTTTijjkkllmnnoppqrsTTTTTTTwxxxyyyyyyxxxwwvvuutsrrqpoonmlTTTTTiihhhggggffffTfeeeeeeddddccccbbbbaaaaaaaaaaaaaaaaabbbbbccccddddeeeeeffffffffffffffffffeeeeeeddTddddddddddddeeefffgghhiijkklllmmmmnnnmmmmllkjTTTTTTTTTTTTcdeffgghhhiiihhhhggffTTTTTTTaabbccddeefff
TTTThiijjkllmnnoppqrssTTTTTTTxxyyyyyyyyyxxwwvvuttsrqqponnmTTTTTTiihhhggggffffffeeeeeeddddccccbbbbbbaaaaaaaaabbbbbbccccddddeeeeeffffffffffffffffffffeeeeeedddddcccccccccccdddeeeffgghiijjkkllmmmmnnnmmmmllkTTTTTTTTTTTTbcdeefgghhhhhhhhhhggTTTTTTTTbaaabbccddeeff
TTTThiijjkllmmnoppqrssTTTTTTTxxyyyyyyyyyyxxwwvuutssrqppTnmmTTTTTiihhhhgggggffffffeeeeeddddccccccbbbbbbbbbbbbbcccccddddeeeeffffffggggggggggggffffffeeeeeddddcccccccbbbbcccccdddeeffghhiijkklllmmmnnnnmmmllTTTTTTTTTTTTTTccdeffgghhhhhhhhhgTTTTTTTcbbaaaabccddeeef
TTThhiijjkklmmnoppqrrstTTTTTTTxyyyyyyyyyyxxxwvvuttsrqTTTnnmTTTTTTiihhhhggggfffffffeeeeedddddccccccccccccccccccdddddeeeeffffggggggghhhhgggggggfffffeeeddddcccccbbbbbbbbbbbcccdddeefgghhijjkkllmmmmnnnmmmlTTTTTTTTTTTTTTabcdeefggghhhhhhhTTTTTTTTdccbaaaabbccddeef
TTTThhijjkklmmnoopqrrstTTTTTTTxyyyyyzyyyyyxxwwvuutsTTTTTTnmmTTTjjiiihhhgggggfffffffeeeeedddddddcccccccccccdddddeeeeffffgggghhhhhhhhhhhhhhhggggfffeeeedddcccbbbbbbaaaaaabbbbcccddeffgghiijkklllmmmmnnmmmTTTTTTTTTTTTTTaabcddeffggghhhhhTTTTTTTTedccbbaaabbccddeef
TTTghhiijkkllmnoopqqrsttTTTTTTTyyyyyyyyyyyxxwwvuuTTTTTTTTnmmTlkjjiiihhhhgggggfffffffeeeeeedddddddddddddddddeeeeefffgggghhhhhiiiiiiiiiiihhhhggggffeeedddcccbbbbaaaaaaaaaaabbbcccdeeffghhijjkkllmmmmmmmmTTTTTTTTTTTTTTbaaabcdeeffggghhhTTTTTTTTeeddcbbaaaabbccddee
TfgghhiijjkllmnnopqqrsstTTTTTTTxyyyyyyyyyxxxwwvTTTTTTTTTTTnmllkkjjiihhhhggggggfffffffeeeeeeeeddddddddddeeeeeffffgggghhhhiiiiijjjjjjjiiiiihhhgggfffeedddccbbbaaaaaaaaaaaaaaabbccddeefgghiijjklllmmmmmmmmTTTTTTTTTTTTdcbaabcddeeffggggggTTTTTTfeeddccbaaaabbccddee
TfgghhiijjkllmnnoppqrrsttTTTTTTTxyyyyyyyyxxxwTTTTTTTTTTTonnmllkkjjiihhhhggggggffffffffeeeeeeeeeeeeeeeeeeeffffgggghhhiiiijjjjjjkkkjjjjjjiiiihhggfffeeddcccbbaaaaaaaaaaaaaaaaabbccddeffghhijjkkllmmmmmmmmmTTTTTTTTTTedcbaabbcddefffggggggTTTTfeeeddccbbaaabbccddee
effgghhijjkklmmnoopqqrsstTTTTTTTxxxxyyyxxxxwwvTTTTTTTTpponmmllkjjjiihhhhggggggffffffffffeeeeeeeeeeeeefffffgggghhhiiiijjjkkkkkkkkkkkkkkjjjiiihhggffeeddccbbbaaaaaaaaaaaaaaaaaabbccdeefgghiijjkkllmmmmmmmmlTTTTTTTTfedccbaabccdeefffgggggTTTffeeeddccbbaaaabbccdde
effgghhiijkkllmnnoppqrrsttTTTTTTTxxxxxxxxxwwvvTTTTTTTTpoonmmlkkjjiiihhhgggggggfffffffffffffeeeeffffffffgggghhhhiiijjjkkkkllllllllllllkkkjjiihhggffeeddccbbaaaaaaabbbbbbbaaaaaabbcddeefghhiijkklllmmmmmmllTTTTTTTgffedcbaaabcddeefffffgffTfffeeeddccbbaaaabbccdde
effgghhiijjkllmmnoopqqrrstTTTTTTTwwwwwwwwwwvTTTTTTTTqqponnmllkkjjiihhhhggggggffffffffffffffffffffffffgggghhhiiijjjkkkkllllmmmmmmmmmllllkkjjiihhggffeddccbbaaaaaabbbbbbbbbaaaaaabccddeffghhijjkkllllmmmllllTTTTThggfedcbbaabbcddeeefffffffffeeedddccbbaaaabbccdde
effgghhiijjkkllmnnoopqqrrstTTTTTTTvwwwwwwvvvTutTTTrrqpoonmmllkjjiiihhhggggggffffffffffffffffffffffggggghhhiiijjjkkklllmmmmmnnnnnnnmmmmllkkjjiihhgffeedccbbaaaaabbbbbbbbbbbbaaaabbccdeefggTiijjkklllllllllkkTTTihggfeddcbaaabccddeeeeffffffeeeedddccbbaaaabbccdde
efffgghhiijkkllmmnnoppqqrrsTTTTTTTvvvvvvvvuuuttTTTrqpponnmllkkjiiihhhgggggffffffffffffffffffffffggggghhhiiijjjkkklllmmmnnnnnoooonnnnnmmlllkjjiihggfeedccbbaaaaabbbbccccbbbbbaaaabbcddeffTTTiijjkkklllllllkkkTiihhgfeedcbbaabbccdddeeeeeeeeeeeddTcccbbaaaabbccdde
eeffgghhiijjkkllmmnnoopqqrrrTTTTTTTuuuuuuuutttTTTTTpponnmllkkjjiihhgggggffffffffffffffffffffffggggghhhhiiijjjkklllmmmnnnoooooooooooonnnmmllkjjihhgffeddcbbaaaaabbbcccccccbbbaaaaabccddeTTTTTiijjkkkkklkkkkkjjiihhgffedccbaaabbccdddeeeeeeeeeddTTTccbbaaaabbcccdd
eeffgghhhiijjkkllmmnnooppqqrTTTTTTTttttttttssTTTTTTponnmllkkjjiihhggggfffffffffffffffffffffffggggghhhiiijjjkkkllmmmnnnoooppppppppppooonnmmllkjjihggfeedccbaaaaabbbccccccccbbbaaaabbccdTTTTTTTiijjjkkkkkkkkjjjiihhgffeddcbbaaabbcccdddddeeedddTTTTTbbbaaaabbbccdd
eefffgghhiijjjkkllmmnnnooppqqTTTTTTTsssssssrrrTTTTTTnTmllkkjiihhhgggfffffeeeeeeeeeeeffffffffggggghhhiiijjjkklllmmnnnoooppppqqqqqqppppoonnmmlkkjiihgffedccbbaaaabbbcccccccccbbbaaaabbcTTTTTTTTTiiijjjjkkkjjjjiiihhggfeedccbbaaTbbccccddddddddTTTTTTbbbaaaabbbccdd
eeeffgghhhiijjjkklllmmnnnooppTTTTTTTrrrrrrrqqqTTTTTTTTllkjjiihhgggfffeeeeeeeeeeeeeeeeeffffffgggghhhhiijjjkklllmmnnooopppqqqqqqqqqqqqpppoonmmlkkjihggfeddcbbaaaabbbccccccccccbbbaaaabTTTTTTTTTTThiiijjjjjjjjjiiihhggfeeddccbaTTTbbbccccdddddddTTTTTTbaaaaabbbccdT
deefffgghhhiiijjkkklllmmmnnnooTTTTTTTqqqqqppppoTTTTTTlkkjjihhgggfffeeeeeedddddeeeeeeeeefffffgggghhhiiijjkkkllmmnnoooppqqqqrrrrrrrrrqqqppoonmmlkjjihgffedccbaaaabbbccccccccccbbbaaaaaTTTTTTTTTTTThhiiiiijjiiiiihhhggffeedccbTTTTTabbbccccccccccTTTTTTaaaaabbbccTT
deeeffggghhhiiijjjjkkklllmmmnnTTTTTTToooooooonnTTTTlkkjjiihhggffeeeeddddddddddddddeeeeeefffffggghhhiijjjkkllmmnnoooppqqqrrrrrsssrrrrrqqppoonmllkjihhgfeddcbbaaabbbcccccccccccbbbaaaTTTTTTTTTTTTTThhhiiiiiiiiihhhgggffeeddTTTTTTTaaabbbbcccccccTTTTTTTaaaabbbTTTT
deeefffgggghhhiiiijjjjkkkllllmmTTTTTTTnnnnnnmmmmTlkkjjiihhggffeeedddddcccccccdddddddeeeeeffffggghhhiijjkkkllmmnnooppqqqrrrsssssssssrrrqqpponnmlkkjihgfeedcbbaaaabbccccccccccccbbbaTTTTTTTTTTTTTTTTghhhhhhhhhhhhhgggffeeeTTTTTTTTTaaaabbbbbbbbbbTTTTTTaaaabbTTTTT
ddeeeffffgggghhhhiiiiijjjjkkkklTTTTTTTmmmmmllllkkkjjiihhggffeeddddcccccccccccccccdddddeeeefffggghhhiijjkkllmmnnooppqqqrrrsssssttsssssrrqqpponnmlkjihhgfedccbaaaabbcccccccccccccbbTTTTTTTTTTTTTTTTfggggghhhhhhhgggggfffeTTTTTTTTTTTaaaaaabbbbbbbbTTTTTTaaabbbTTTT
dddeeefffffggggghhhhhhiiiiijjjjjTTTTTTTkkkkkkkjjjiiihhggffeedddccccbbbbbbbbbbbcccccdddddeeefffggghhiijjkkllmmnnooppqqrrrsssttttttttsssrrqqpponmllkjihgfeedcbbaaabbbcccccdddcccccTTTTTTTTTTTTTTTTeeffffggggggggggggffffTTTTTTTTTTTTTaaaaaaaaaaaaaTTTTTTTaabbbcTTT
ddddeeeeffffffgggggggghhhhhhiiiiTTTTTTTjjjjjjiiihhhggfffeeddcccbbbbbaaaaaaabbbbbbccccddddeeefffgghhiiijjkllmmnnooppqqrrssstttttttttttssrrqqpoonmlkjihhgfedccbaaaabbcccccddddcccTTTTTTTTTTTTTTTTddeeeeffffffgggggffffffeTTTTTTTTTTTTTaaaaaaaaaaaaaTTTTTTTabbbbcTT
cddddeeeeeeffffffffffffggggggghhhTTTTTTTiihhhhhhgggffeedddccbbbaaaaaaaaaaaaaaaabbbbccccdddeeeffggghhiijjkkllmnnooppqqrrssstttttuuuttttssrrqqponmmlkjihgfeedcbbaaabbcccccdddddccTTTTTTTTTTTTTTTcccdddeeeeeffffffffffffffeTTTTTTTTTTTTbbbaaaaaaaaaaaTTTTTTabbbbccT
ccdddddeeeeeeeeeeeeeeeeeeffffffffTTTTTTTggggggffffeeeddcccbbaaaaaaaaaaaaaaaaaaaaabbbbcccdddeeeffgghhiijjkkllmmnnoppqqrrsssttttuuuuuutttssrrqpponmlkjihhgfedccbaaabbbccccddddddTTTTTTTTTTTTTTTabbbcccddddeeeeefffffffffffeTTTTTTTTTTTTbbbbbaaaaaaaaTTTTTTTbbbbccc
cccdddddddddddddddddddddddddeeeeeeTTTTTTTfffeeeeedddcccbbaaaaaaabbbbbbbbbbaaaaaaaaabbbcccdddeeeffgghhiijjkkllmnnooppqqrrsstttuuuuuuuutttssrqqponnmlkjihgfeddcbaaaabbccccddddddTTTTTTTTTTTTTTTaaabbbbcccddddeeeeeefffffffffTTTTTTTTTTTTccbbbbbaaaaaaTTTTbbbbbbccc
ccccccdddddddddcccccccccccccccccddTTTTTTddddddddccccbbbaaaaaabbbbbcccccbbbbbbaaaaaaabbbbccdddeeeffgghhiijjkklmmnnoppqqrrsstttuuuuuuuuutttssrqpponmlkjihhgfedcbbaaabbbccccdddTTTTTTTTTTTTTTTTTTaaaaabbbbcccddddeeeeeffffffffTTTTTTTTTTTcccccbbbbbbbbbTbbbbbbbbbcc
cccccccccccccccccbbbbbbbbbbbbbbbbbbTTTcccccccccbbbbaaaaaabbbbccccccccccccccbbbbaaaaaaabbbcccddeeeffgghhiijjkllmmnooppqqrrsstttuuuuuuuuuttssrrqponnmlkjihgfeddcbaaaabbccccddTTTTTTTTTTTTTTTTTTbbaaaaaaabbbcccddddeeeefffffffTTTTTTTTTTTTddcccccbbbbbbbbbbbbbbbbcc
ccccccccccbbbbbbbbaaaaaaaaaaaaaaaaaTaabbbbbbbaaaaaaaaabbbbccccdddddddddddccccbbbbaaaaaabbbcccdddeeffgghhiijjkllmmnooppqrrsssttuuuuuuuuutttssrqqponmlkjihgffedcbbaaabbbcccdTTTTTTTTTTTTTTTTTTcccbbbaaaaaaabbcccdddeeeefffffffTTTTTTTTTTTTdddccccccbbbbbbbbbbbbbbc
bbbbbbbbbbbbbaaaaaaaaaaaabbbbbbaaaaaaaaaaaaaaaaaaaabbbccccdddddeeeeeeedddddccccbbbaaaaaaabbbcccddeefffgghiijjkllmmnooppqrrsstttuuuuuuuuuttssrrqponnmlkjihgfedccbaaaabbcccTTTTTTTTTTTTTTTTTTddcccccbbbaaaaaabbcccddeeeffffffggTTTTTTTTTTTeeddddccccccbbbbbbbbbbbb
bbbbbbbbbaaaaaaaaaabbbbbccccccccccbbbbbbbbbbbbbbbbcccccddddeeeeeeeeeeeeeeddddcccbbbbaaaaaabbbcccdddeeffgghhijjkklmmnooppqrrsstttuuuuuuuutttssrqpponmlkjihgfeedcbbaaabbbcccTTTTTTTTTTTTTTTTdddddddccccbbaaaaabbcccddeeeffffggggTTTTTTTTTTTeeeddddccccccccbbbbbbbb
bbbbbbaaaaaaaaabbbbcccccddTdddddddddcccccccccccccccddddeeeeeffffffffffeeeeedddcccbbbbaaaaaaabbbcccddeeeffghhiijkkllmnnoppqrrsstttuuuuuuuuttssrrqponmlkkjihgfedccbaaaabbccccTTTTTTTTTTTTeTeeeeeeeddddcccbbaaaabbccdddeefffggggggTTTTTTTTTTTeeeeddddccccccccbbbbbb
bbbbaaaaaaaaabbbccccddddeTTTTeeeeeeeeddddddddddddddeeeeeffffffffffffffffeeeedddccccbbbaaaaaaaabbbcccddeeffgghhijjkllmnnoppqrrsstttuuuuuuutttsrrqpoonmlkjihgfeedcbbaaaabbcccdTTTTTTTTTTTeeefeeeeeeeedddcccbbaaabbccddeefffggggghhTTTTTTTTTTTfeeeeddddcccccccbbbbb
bbbaaaaaaaabbbcccdddeeeefTTTTTfffffffeeeeeeeeeeeeeeeeffffffggggggggggffffeeeedddccccbbbbaaaaaaaabbbcccddeeffgghiijkklmmnoppqqrssstttuuuuutttssrqqponmlkjihhgfedccbaaaTbbbcccdTTTTTTTTTfffffffffffeeeedddccbbaaabbccddeeffggghhhTTTTTTTTTTTTTffeeeeddddccccccbbbb
bbaaaaaaabbbcccdddeeefffTTTTTTTTgggggffffffffffffffffffgggggggggggggggffffeeeddddccccbbbbbaaaaaaaaabbbccddeeffghhijjkllmnoopqqrssstttuuuutttssrrqponnmlkjihgfeddcbbaTTTbbccccdTTTTTTTfffffffffffffffeeeddccbbaaabbcddeeffggghhhhTTTTTTTTTTTTTffeeeeddddcccccbbbb
baaaaaaabbbccdddeefffggTTTTTTTTTThhhgggggggffffffffgggggggghhhhhhggggggfffeeeedddcccccbbbbbbbaaaaaaaaabbccddeeffghhijkklmnoopqqrrsstttttttttssrrqpponmlkjihggfedccbTTTTTbbcccddTTTTTefffffggggggTgffffeeddccbbaaabccdeeffggghhhhiTTTTTTTTTTTTgfffeeeddddcccccbbb
baaaaaabbbccddeeeffgggTTTTTTTTTTTTThhhhhhggggggggggggggghhhhhhhhhhhggggffffeeeddddccccccbbbbbbbbbaaaaaaabbbccdeefgghijjklmnnopqqrrssttttttttsssrqqponmlkjjihgfeddcTTTTTTTbbcccddTTTeeffffggggggTTTggfffeeddccbaaabbcddeffgghhhhiiiTTTTTTTTTTTTgfffeeeddddccccbbb
aaaaaabbbccddeefffgghhTTTTTTTTTTTTTTiiihhhhhhhggggghhhhhhhhhhhhhhhhggggffffeeedddddccccccccccbbbbbbbbaaaaaabbccdeefghhijklmmnopqqrrssttttttttssrrqponnmlkjihgffedTTTTTTTTTbbccdddTeeefffggggggTTTTTTggffeeddcbbaaabccdeefgghhhiiiiiTTTTTTTTTTTTgfffeeeddddcccbbb
aaaaaabbccddeeffggghhTTTTTTTTTTTTTTTTiiiiihhhhhhhhhhhhhhhhhhhhhhhhhggggffffeeedddddccccccccccccccccccbbbbaaaabbcddefgghijklmmnoppqrrssttttttsssrrqpponmlkjihhgfeTTTTTTTTTTTbcccdddeeefffgggghTTTTTTTTggffeeddcbaaabccdeeffghhhiiiiiiTTTTTTTTTTTTgfffeeedddcccbbb
