type octile
height 256
width 256
map
wvvvvuuutttsssrrrrqqqqpppppoooooooonnnnnnnnnnnnnnnnnnnnnnmmmmmmmlllllkkkjjTTTThhhggffeeeddccbbaaaaaTTcTTTTTTTggghhiijjjkklllmmnnnoopppqqqrrrrssssttttttuuTTTuuuutttttssssrrqTTTTTTTTTTTjjihggfedcTTTTbcdeefghijTTlmnTTTTTTTTTTTTTvvwwxxxxyyyyyyyyyyyyyTTTTTTTxTT
wvvvvuuutttsssrrrqqqqpppppoooooooonnnnnnnnnnnnnnnnnnnnnnmmmmmmmmllllkkkkjjjiiihhgggffeeddcccbbaaaTTTTTdTTTTTTTghhiijjjkkllmmmnnnoopppqqqrrrsssstttttuTTTTTTTuuuuuutttttsssrrTTTTTTTTTTTTjihhgfeddTTTTbccdefgTTTTTTmmnTTpqrTTTTtTTvvwwwxxxyyyyyyyyyyyyyyTTTTTTTTT
wvvvuuuttttsssrrrqqqqpppppooooooonnnnnnnnnnnnnnnnnnnnnnmmmmmmmmlllllkkkjjjjiihhhggffeeeddccbbaaTTTTTTTdeTTTTTThhiijjjkkllmmmnnoooTTpqTqrrrsssttttTTTTTTTTTTTTuuuuuuuttttssrrTTTTTTTTTTlkjjihgffedcTTTabcdTTTTTTTTTlmnoopqqTTsttuuvvwwwxxxxyyyyyyyyyyyyyTTTTTTTTT
wvvvuuutttssssrrrqqqqppppooooooonnnnnnnnnnnnnnnnnnnnnnmmmmmmmmmllllkkkkjjjiiihhgggffeeddccbbaaTTTTTTTddeTTTgghhiijjjkkllmmmnnooTTTTTTTTrrsssttttTTTTTTTTTTTTTvvvuuuuutttsssrrTTTTTTnmmlkkjihhgfedcTTaabTTTTTTTTTTTlmnnopqqrssttuuvvwwwxxxxyyyyyyyyyyyyyyTTxxxTTT
wvvvuuutttsssrrrrqqqpppppoooooonnnnnnnnnnnnnnnnnnnnnmmmmmmmmmmlllllkkkkjjjiiihhggfffeeddccbbTTTTTTTcddeeffgghhiiijjkkllmmmnTTTTTTTTTTTTrsssttttuTTTTTTTTTTTTvvvvvuuuuutttsssrTTTpoonnmllkjiihgfeddcbaTTTTTTTTTTTTTlmnnoppqrrsttuuvvvwwxxxxyyyyyyyyyyyyyyyxxxxTTw
wvvvuuutttsssrrrqqqqppppoooooonnnnnnnnnnnnnnnnnnnnmmmmmmmmmmmlllllkkkkjjjiiihhhggffeeddccbbaTTTTTccddeeffgghhhiijjkklllmmTTTTTTTTTTTTTTTssttttTTTTTTTTTTTTvvvvvvvvvuuuutttssrrqqppoonmmlkjjihgffedcbaTTTTTTTTTTTTTlmmnoppqrrssttuuvvwwwxxxxyyyyyyyyyyyyyxxxxxwww
wvvvuuutttsssrrrqqqpppppooooonnnnnnnnnnnnnnnnmmmmmmmmmmmmmmmmlllllkkkkjjjiiihhgggffeeddccbbaaTTbbccddeeffgghhiijjkklllmmnTTTTTTTTTTTTTTTstTTTTTTTTTTTTTvvvvvvvvvvvvvuuuuttsssrrqqpoonmmlkkjihhgfedcbbaTTTTTTTTTTjkllmnoopqqrssttuuvTTwwxxxxyyyyyyyyyyyyyxxxxxwww
vvvvuuutttssrrrrqqqppppooooonnnnnnnnnnnmmmmmmmmmmmmmmmmmmmmmllTTlkkkkjjjiiihhhggffeedddcbbaaaTTbccddeeffgghhiijjkkkllmmTTTTTTTTTTTTTTTTTTTTTTTTTTTTTTvvwwwwwwwwvvvvvvuuutttssrrqqpponnmllkjiihgfeddcbaTTTTTTTThijkklmnnopqqrssttuTTTTwwxxxxyyyyyyyyTTTTTxxxxxwww
vvvuuutttsssrrrqqqqpppooooonnnnnnnnnmmmmmmmmmmmmmmmmmmmmmmmllTTTTkkkkjjjiiihhgggffeeddccbbaaaabbccddeffgghhiiijjkkllTTTTTTTTTTTTTTTTTTTTTTTTTTTTTTTTvwwwwwwwwwwwvvvvvuuuuttsssrrqppoonmmlkjjihgfTedcbaaTTTTefghiijklmmnoppqrrsTTTTTTTTwwxxxxTTyyyyTTTTTTTxxxxwww
vvvuuutttsssrrrqqqppppooooonnnnnnnmmmmmmmmmmmmmmmmmmmmmmmlllllTTTkkkjjjjiihhhggfffeeddccbbaaabbccddeeffgghhiijjkTTTTTTTTTTTTTTTTTTTsTTTTtTTTTTTTTTTTTwwwwwwwwwwTTvvvvvuuutttssrrqqpoonmmlkkjiTTTTedcbaaTTcdefghhijklmmnoppqTTTTTTTTTTTwwxxxTTTTyTTTTTTTTTxxxwwww
vvvuuutttsssrrrqqqpppooooonnnnnnmmmmmmmmmmmmmmmmmmmmmmmllllllllkkkkkjjjiiihhhggffeeddccbbaaaabbccddeffgghTiiTTTTTTTTTTTTTTTTTTTTTrssTTtttTTTuTTTTTTTTwwwwwwwwwwTTTvvvvuuutttssrrqqpponnmlTkTTTTTTTdccbaabcdeffghijkllmnooTTTTTTTTTTTTTwwxxxTTTTyyTyTTTTxxxxxwwww
vvvuuutttssrrrqqqppppoooonnnnnnmmmmmmmmmmmmmmmmmmmmmllllllllllkkkkkjjjiiihhhggfffeeddccbbaaabbccddeeffTTTTTTTTTTTTTTTTTTTTTTTTTrrrssstttuuuuuvTTvvTTwwwwwwwwwwwwTwvvvvvuuuTTssrrqqpponnTTTTTTTTTTTddcbaabcddefghijkklmTTTTTTTTTTTTTTvwwwxxxxxyyyyyyTTTTxxxxxwwww
vvvuuuttsssrrrqqqpppoooonnnnnnmmmmmmmmmmmmmmmllllllllllllllllkkkkkjjjjiiihhhggffeeddccbbaaaabbccddeTTgTTTTTTTTTTTTTTTTTTTTpTTqrrrsssttttuuuuvvvvvwwwwwwwwwwwwwwwwwwvvvvuuuTTTssrrqppTTTTTTTTTTTTTTedcbaabbcdefghiijkTTTTTTTTTTTTtuuvvvwwwxxxTyyyyyTTTTTxTTxxwwww
vvvuutttsssrrrqqqpppoooonnnnnmmmmmmmmmllllllllllllllllllllllkkkkkjjjjiiihhhgggffeeddccbbaaaabbcdTTTTTgTTTTTTTTTTTTTTTToopppqqqrrrsssttttuuuuvvvvvwwwwwwwwwwwwwwwwwwvvvvuuuTTTssrrqqTTTTTTTTTTTTTTfedcbaaabcdefghhTTTTTTTTTTTTTsstuuuvvwwwxTTTTyyyyTTTTTTTTxxwwwv
vvuuutttsssrrqqqpppoooonnnnnmmmmmmmlllllllllllllllllllllllkkkkkkjjjjjiiihhhggffeeeddccbbaaabbcTTTTTTTghTTTTTTTTTTTTTnooopppqqrrrsssstttuuuuvvvvvvwwwwwwwwwwwwwwwwwwvvvvuuutTTssrTTTTTTTTTTTTTThhgfedcbbaabcdefTTTTTTTTTTTTpTTrssttuuTvwwTTTTTTyyyTTTTTTTTTTxwwwv
vvuuutttssrrrqqqpppooonnnnnmmmmmmllllllllllllllllllllllkkkkkkkkjjjjjiiihhhgggffeeddccbbaaaaTTTTTTTTTTThTTTTTTTTTTTmnnoooppqqqrrrsssttttuuuuvvvvvwwwwwwwwwwwwwwwwwwwvvvvTTTTTTsTTTTTTTTTTTTTTTiihgfeddcbaabcdTeTTTTTTTTTTTopqqrssttTTTTTTTTTTTTTyTTTTTxTTTTTwwwwv
vvuuuttsssrrrqqqppoooonnnnmmmmmllllllllllllllllllkkkkkkkkkkkkkjjjjjiiihhhgggfffeeddccbbaaTTTTTTTTTTTTThTTTTTTkllmmnnnoopppqqqrrrsssttttuuuuvvvvvvwwwwwwwwwwwwwwwwwwvTTTTTTTTTTTTTTTTTTnTTllkjiihgfeedcbaTTTTTefTTTTTTTTnnoppqrrstTTTTTTTTTTTTTTTyTTyyxTTTTTTwwwv
vvuuuttsssrrqqqpppooonnnnmmmmmlllllllllkkkkkkkkkkkkkkkkkkkkkjjjjjjiiiihhhgggffeeddccbbaaaTTTTTTTTTTTTThiTTTTklllmmnnooopppqTTrrrsssttttuuuuvvvvvvwwwwwwwwwwwwwwwwwTTTTTTTTTTTTTTTTTTToonmmlkjjihgffedcbTTTTTTTfTTTijklmmnoppqrrssTTTTTTTTTTTTTTTTyyyxxxTTTTTwwwv
vvuutttsssrrqqqpppooonnnmmmmmlllllllkkkkkkkkkkkkkkkkkkkkkkjjjjjjjiiiihhhgggfffeeddccbbaaaaTTTTTTTTTTTTTiijjkkllmmmnnoooppqqTTTrrsssttttuuuuvvvvvvwwwwwwwwwwwwwwwwwTTTTTTTTTTTTTTTTTTpoonmmlkkjihggfedcTTTTTTTTfgghijkllmnoopqrrsstTTTTTTTTTTTTTTTxxxxxxxTTTTwwwv
vuuutttssrrrqqpppooonnnmmmmllllllkkkkkkkkkkkkkkkkkkkkjjjjjjjjjjiiiiihhhgggfffeedddccbbaaaaTTTTTTTffgTTTiijjkkllmmnnnoooppqqqTTrssssttttuuuuuvvvvvvwwwwwwwwwwwTTwwTTTTTTTTTTTTTsTTrqppoonmmlkkjihhgfeTTTTTTTTTTffghijkklmnoopqqrsstTTTTTTwTTTTTTTTTxxxxxxxTTTTwvv
vuuutttssrrrqqpppooonnnmmmllllllkkkkkkkkkkkjjjjjjjjjjjjjjjjjjiiiiiihhhhgggffeeeddcTTbaaaabbTTddeeffggTTiijjkkllmmnnnoopppqqqrrrrsssttttuuuuuvvvvvvvwwwwwwwwwwTTTTTTTTTTTTTTttssrrrqppoonmmlkkjihhgfeTTTTTTTTddefghijkklmnTopqqrssttTTTvvwwTxTTTTTTxxxxxxTTTTTTvv
vuuuttsssrrqqqppooonnnmmmmllllkkkkkkkkjjjjjjjjjjjjjjjjjjjjjiiiiiihhhhhgggfffTTTTTTTTbaaaabbccddeffgghTTTjjkkkllmmnnnoopppqqqrrrrssstttttuuuuTvvvvvvvvwwwTTTTTTTTTTTTTTTTTutttssrrrqppoonnmllkjiiTTfeTTTTTTbccdefghijjklmTToppqrrsttTuvTTwwwTTTTTTTTxxxxxTTTTTTvv
vuuuttsssrrqqpppooonnmmmmllllkkkkkkjjjjjjjjjjjjjjjjjjjiiiiiiiiiihhhhggggfffTTTTTTTTTTaaabbTTddeeffgghTTTjjkklllmmnnnoopppqqqrrrrssssttttuuuTTTvvvvvvvvvvTTTTTTTTTTTTTTuuuutttssrrqqppoonnmllkjTTTTfeTTTTTTTbcdefghhijklmTTTppqrrssttuTTTTTTTTTTTTTTTxxxxTTTTTwTT
vuutttssrrrqqppooonnnmmmllllkkkkkjjjjjjjjjjjiiiiiiiiiiiiiiiiihhhhhhggggfffTTTTTTTTTTTaaaTTTTTdeeffgghhTTjjkklllmmnnnoopppqqqqrrrsssstttttTTTTuuvvvvvTTTvTTTTTTTTTTTTvTTuutttsssrrqqppoonnmllkjTTTTTfedcTTTTbcdefgghijkllmTTopqrrssttuuTTTTTTTTTTTTxTTxxxxTTwwTTT
uuutttssrrqqqppooonnmmmllllkkkkjjjjjjjiiiiiiiiiiiiiiiiiiiihhhhhhhhggggfTTTTTTTTTTTTTTaaaTTTTTdeeffgghhTTjjkklllmmnnnooopppqqqrrrrssssttTTTTTuuuuuvTTTTTTTTTTTTTTTTvvuTTuutttsssrrqqppoTnnmllkjjTTTTfTTcTTTTTcdeffghijkllmTTTTqqrssttuuTTTTTwxTTxTTTTTTxxxwwwwvTT
uuuttsssrrqqpppoonnnmmmlllkkkkjjjjjiiiiiiiiiiiiiiiiihhhhhhhhhhhhTTTTgTTTTTTTTTTTTTTaaaabTTTTTTeffgghhhTTTjkklllmmnnnooopppqqqqrrrsssssTTTTttuuuuuuTTTTTTTTTTTTTTvvuuuuuuttttsssrrqqpTTTnnmllkjjTTTTfTTTTTTTTTdeefghijkklmnTTTqqrssttuuvTTwwwwxTTTTTTTTxxxwwwwvvv
uuuttssrrrqqppooonnmmmlllkkkjjjjjiiiiiiiiihhhhhhhhhhhhhhhhhhhTTTTTTTfTTTTTTTTTTTTTbaaaabbTTTTTeffgghhiTTTjkklllmmnnnooopppqqqqrrrrsssTTTTttttuuuuuuTTTTTTTTTTTvvuuuuuuuttttsssrrrqTTTTTTnmllkjjiTTTTTTccTTTTTTdefghijjklmnTTTTqrrsttuuuvvwwwTTTTTTTTxxxxxwwwwvvT
uutttssrrqqqppoonnnmmlllkkkjjjjjiiiiiihhhhhhhhhhhhhhhhhhggggTTTTTTTTTTTTTTTTTTTTTTaaaaabbTTTTTeffgghhiiTTjkklllmmnnnoooppppqqqqrrrrsssTssttTTtTTuuuTTTTTTTTTuuuuuuuuuutttttsssrrTTTTTTTTnmllkjjihhTTTTdcbTTTccdefghiijklmmTTTTqrrssttuuvvTTTTTTTTTxxxxxxwwwwwTTT
uutttssrrqqpppoonnmmmllkkkjjjjiiiiihhhhhhhhhhhgggggggggggTTgTTTTTTTTTeTTTTTdcccTTTTaaabbcTTTTTTffgghhiiTjjkklllmmmnnnoooppppqqqqrrrrrssssTTTTTTTTtuuTTTTTTuuuuuuuuuuutttttssssrrTTTTTTTTnmllkkjihhgTTddcbaabbcdefghhijklmmnTTTqTTssttuuTTTTTTTTxxxxxxxxxwwwwTTTT
uuttsssrrqqppoonnnmmlllkkkjjjiiiihhhhhhhggggggggggggggggTTTffTTTTTfeeTTTdddcccbbbTTaaabbcTTTTTTffgghhiijjjkklllmmmnnnoooopppqqqqqrrrrrssTTTTTTTTTtttTTTuuuuuuuuuuuuttttttssssrrrqTTTTTTnnmllkkjiTTTTTedcbaaabcdefgghijkllmnTTTTTTTsttuTTTTTTTwxxxxxxxxxwwwwwTTTT
uuttssrrrqqppoonnmmmllkkkjjjiiiihhhhhgggggggggggggfffffTTTTTfTTfeeeeTTTdddcccbbbaTTaabbbccTTTTTffgghhiiijjkkkllmmmnnnnoooppppqqqqqrrrrrTTTTTTTTTTTttttttttttttttttttttttsssssrrrqTTpTTTTTmllkkjihTTTTTdcbaaabcdeffghijkllmnTTTTTTTsttTTTTTTwwwwxxxxxxxxwwwwwvTTT
uuttssrrqqpppoonnmmllkkkjjjiiihhhhhgggggggffffffffffffTTTTTTeeeeeeeedTdddcccbbbaaaTTabbcccTTTTTfggghhiiijjkkklllmmmnnnoooopppppqqqqqrTTTTTTTTTTTTTtttttttttttttttttttttsssssrrrqqqpppTTTTmllkkjiiTTTTTdcbaaTbcdeffghijkklmnnTTTTTrsttTTTTvvwwwwxxxxxxxxwwwwwvTTT
utttssrrqqppoonnmmmllkkjjjiiihhhhggggggffffffffffffffTTTTTTTeeeeeedTTTdccccbbbbaaaaTbbbccdTTTTTTggghhiiijTTkklllmmmnnnnoooopppppqqqqqTTTTTTTTTTTsssssssttttttttttttttssssssrrrrqqqppoTTTTTllkkjiihTTfedcbbTTTcdeefghijjklmnnoTTqrrssttTuvvvwwwwwxxxxxxwwwwwvvvTT
uttsssrrqqppoonnmmllkkkjjiiihhhhggggffffffffeeeeeeeeTTTTTTTTeedddTTTTTccccbbbbaaaaaTbbcTTTTTTTTTggghhiiTTTTkkllllmmmnnnnoooooTppppqqqqTTTTTTrrrrssssssssssssssssssssssssssrrrrqqqpppoTTTTTllkkjiihgffTTcbbTTTcddefghijjklmmnoppqrrssttuuvvvwwwwwwxxxxwwwwwwvvvuu
uttssrrqqqppoonnmmllkkjjjiihhhggggffffffeeeeeeeeeeeeTTTTTTTddddddTTTTTTcbbbbbaaaaaabbTTTTTTTTTffggghhTTTTTTTkklllTTTmnnnnooTTTpTTpppqqTTTTTrrrrrrrrrsssssssssssssTTsssssrrrrrqqqqpppooTTTTllkkjiihgTTTTccbaTbccdefghiijklmmnoppqrrssttuuvvvwwwwwwwxxwwwwwwwvvvuu
uttssrrqqppoonnmmllkkkjjiihhhggggffffeeeeeeeeeddddddTTTTTddddddccTTTTTTbbbbaaaaaaabbTTTTTTTTTfffgggTTTTTTTTTkTTTTTTTmmnnnnTTTTTTTTpppppTTqqqqqqrrrrrrrrrrrsssssTTTTTsrrrrrrrqqqqpppoooTTTTTlkkjiihgTTTTTcbaabccdefghhijklmmnoopqqrssttuuuvvvwwwwwwwwwwwwwwvvvvuu
tttssrrqqppoonnmmllkkjjiiihhggggffffeeeeeddddddddddddTddccccccccccTTTTbbbbaaaaaaaabbTTTTTTTTTfffgggTTTTTTTTTTTTTTTTTTmmnTTTTTTTTTTopppppppqqqqqqqqqrrrrrrrrrTTrTTTTTrrrrrrrqqqqqpppoooTTTTTlkjjiihgfTTTTcbaabbcdefghhijkllmnoopqqrssttuuuvvvwwwwwwwwwwwwwwvvvvuu
ttsssrrqqppoonmmllkkjjjiihhhggffffeeeeeddddddddcccccccccccccccccbbTTbbbbaaaaaaaaabbbTTTTTTTTTfffggghTTTTTTTTTTTTTTTTTmmTTTTTTTTTTTToooppppppppqqqqqqqqqqrrTTTTTrTTTTTrrrrqqqqqqpppooonnTTTTTkjjiihggTTTTcbaabbcdefgghijkllmnoopqqrrstttuuvvvwwwwwwwwwwwwwwvvvuuu
ttssrrqqppoonnmmllkkjjiihhhggffffeeeeddddddcccccccccccccccbbbbbbbbbbbaaaaaaaaaaabbbccTTTTdeeefffgggTTTTTTTTTTTTTTTTTTmmmTTTTTTTTTnoooooooopppppppppqqqqqqTTTTTTrTTTTTqqqqqqqqqppppooonnTTTTTkjjiihggTTTTTTaTTbcdeffghijkklmnnopqqrrssttuuvvvvwwwwwwwwwwwwvvvvuTu
ttssrrqqppoonnmmllkkjjiihhgggfffeeedddddccccccccbbbbbbbbbbbbbbbbbbaaaaaaaaaaaabbbbcccTTddeeeefffgggTTTTTTTTjTTTTTTlllllmTTTTTTnnnnnnnnoooooooopppppppppqqTTTTTTTqTTTqqqqqqqqpppppooonnnmTTTTTjjiihggTTTTTTaTTbcdeffghijkklmnnoppqrrssttuuuvvvwwwwwwwwwwwwvvvTTTt
ttssrrqqppoonmmllkkjjiihhgggfffeeeddddccccccbbbbbbbbbbbbbbbaaaaaaaaaaaaaaaaaabbbbbcccddddeeeffffggghTThiiijjjTTkkkkllllllTTmmmmmmnnnnnnnnnooooooooTTpppppTTTTTTTqTTqqqqqqqppppppoooonnnmTTTTTjjihhggTTTTTTTTabcdeefghijjklmnnoppqrrssttuuuvvvvwwwwwwwwwwvvTTTTTt
tsssrrqqpoonnmmllkkjjiihhggfffeeedddcccccbbbbbbbbbaaaaaaaaaaaaaaaaaaaaaaaaabbbbbbccccddddeeeffffggghhhhiiiijjjjjkkkkklllllllmmmmmmmmmnnnnnnnnnooTTTTooopppTTTTpppppppppppppppppoooonnnmmTTTTTTjihhggfTTTTTTTTbcdeefghijjklmmnoppqqrssttuuuvvvvwwwwwwwwwwTTTTTTut
tssrrqqppoonnmmlkkjjiihhggfffeeedddccccbbbbbbaaaaaaaaaaaaaaaaaaaaaaaaaaaabbbbbbcccccddddeeeeffffgggghhhhiiiijjjjjkkkkkkkllllllllmmmmmmmmmmnnnnTTTTTTToooooTTpppppppppppppppppooooonnnnmmTTTTTTjihhggfeTTTTTTTbcddefghiijklmmnoopqqrsstttuuvvvvvwwwwwwwwvTTTTuuut
tssrrqqppoonmmllkkjjiihhggffeeedddcccbbbbbaaaaaaaaaaaaaaaaaaaaaaaaaaaabbbbbbbbcccccdddddeeeeffffgggghhhhiiiiijjjjjjkkkkkkkklllllllllllmmmmmmmTTTTTTTTnnnooooooooooppppppppooooooonnnnmmmlTTTTTjihhgffeTTTTTTTTcddefghiijkllmnoopqqrrssTTuuuvvvvwwwwwwwvvTTvuuutt
sssrrqqpponnmmllkkjiihhggfffeedddcccbbbbaaaaaaaaaaaaaaaaaaaaaaaabbbbbbbbbbbbccccccdddddeeeefffffgggghhhhhiiiiiijjjjjjjkkkkkkkkkklllllllllllmmTTTTTTTnnnnTTTnoooooooooooooooooooonnnnnmmmlTTTTjTThhgffedTTTTTTTcddefghhijkllmnoopqqrTTTTTuuuvvvvvwwwwwvvvvvvuuutt
ssrTTTpTTTnnmmlkkjjiihhggffeedddcccbbbaaaaaaaaaaaaaaaabbbbbbbbbbbbbbbbbbbccccccccdddddeeeeefffffggggghhhhhiiiiiiijjjjjjjjjkkkkkkkkkkkklllllllTTTTTTmmmmmTTTnnnnnnooooooooooooonnnnnnmmmlTTTTTTTTThgffedTTTTTTbccdefghhijkklmnnoppqrTTTTTTuuuvvvvvvvvvvvvvvuuuutt
TTTTTTTTTTTTTTlkkjjihhggffeeeddcccbbbaaaaaaaaaaabbbbbbbbbbbbbbbbbbbbbccccccccccdddddddeeeeefffffgggggghhhhhhiiiiiiiijjjjjjjjjjjjkkkkkkkkkkkklTTTTTTlmmmmmTTmnnnnnnnnnnnooonnnnnnnnnmmmmlTTTTTTTTThgffedTTTTTTTccdefgghijkklmnnoppqTTTTTTTuuuvTvTTvvTTvvvvvuuuttt
TTTTTTTTTTTTTTlkkjiiThTTTTeeddcccbbbaaaaaaaaabbbbbbbbbbbbbcccccccccccccccccccddddddddeeeeeeffffffgggggghhhhhhhiiiiiiiiiiijjjjjjjjjjjjjjjkkkkkTTTTTllllTTTTTmmmmmnnnnnnnnnnnnnnnnnnmmmmlllTTTTTTTThgffedTTTTTTTccdefgghijkklmnnoppqTTTTTTtuTTTTTTTTTTTTvTTuuuutts
TTTTTTTTTTTTTTkkjjiiTTTTTTeeddccbbbaaaaaaaaTTTTTTbbcccccccccccccccccccccccddddddddddeeeeeeeffffffggggggghhhhhhhhhiiiiiiiiiiiiiiiijjjjjjjjjjjjjTTTTkkklTTTTTlmmmmmmmmnnnnnnnnnnnnmmmmmllllTTjjTTThhgffeddTTTTTTTcdeffghijjklmmnoopqqTTTTTtTTTTTTTTTTTTTTTTTTTttts
TTTTTTTTTTTTTlkkjjihTTTTTTTTTcccbbaaaaaaaabTTTTTTTTTTTTTTTTccccccccdddddddddddddddeeeeeeeeffffffffgggggggghhhhhhhhhhhhhiiiiiiiiiiiiiiiiiijjjjjjjTTkkkkTTTTTTlllmmTTmmmTTTTmmmmmmmmmmmlllkkkjTjiihggffeddcTTTTTTTdeffghijjklmmnoopqqTTTTtttTTTTTTTTTTTTTTTTTTttts
TTTTTTTTTTTTTlkkjiihTTTTTTTTTTTbbbaaaaaabbbTTTTTTTTTTTTTTTTTTTTTdddddddddddddddddeeeeeeeeefffffffffgggggggggghhhhhhhhhhhhhhhhhhhhhhiiiiiiiiiiiijjjjjjjTTTTTTlllTTTTTTTTTTTTmmmmmmmmlllllkkTTTTihhggffeddTTTTTTTTdeffghiijkllmnooppqrrssstTTTuuuTTTTTvvTTTTTTTtss
TTTTTTTonTTTTlkjjiihTTTTTTTTTTTbbaaaaaabbbbTTTTTTTTTTTTTTTTTTTTTTTTdddddddddddeeeeeeeeeeeeffffffffffggggggggggggggggghhhhhhhhhhhhhhhhhhhhhhiiiiiiiijjjjTTTTTkTTTTTTTTTTTTTTmmmmmmmlllllkkTTTTTihhggffeddTTTTTTTTTeefghiijkllmnnoppqqrrssttTTuuuTTTTTvvTTTTTTTtss
TTTTppoonnmmlkkjjihhTTTTTTTTTTTbaaaaaabbbbcTTTTTTTTTTTTTTTTTTTTTTTTddddeeeeeeeeTTeeeeeeeeefffffffffffffggggggggggggggggggggggggggggggghhhhhhhhhhiiiiiiiTTTjjkkTTTTTTTTTTTTTlllllllllllkkkTTTTTThhggffeddcTTTTTTTTeeTghhijkklmnnoppqqrrssttTTuuuuTTTTuuuTTTTTtsss
rrqqppoonnmllkkjjihhggfTTTTTTTTbaaaaaabbbccTTTTTTTTTTTTTTTTTTTTTTTTeeeeeeeeeeeeTTeeeTTeeeTffffffffffffffffffggggggggggggggggggggggggggggggggghhhhhhhiiiiiijjjjTTTTTkkTTTTTTTlllllllllkkkkTTTTTThhTgffeddcTTTTTTTdTTTTTTijkklmmnooTTTrrsssttTTuuuTTTTTuuTTTTTtssT
rrqqppoonmmllkkjiihhgffeedTTTTTbaaaaabbbcccTTTTTTTTdTTeeTTTTTTTTTTTeeeeeeTTeeTTTTTeeTTTTTTTTffffffTffffffffffffffffffffffffffffffffffffffgggggggghhhhhhiiiiijjjTTjkkkkTTTTTTlllllTllkkkkkjTTTTiTTTTffeddcbTTTTbcTTTTTTTTjjklmmnTTTTTTrrssttTTTuTTTTTTuuuTTTTTTTT
rqqppoonnmmllkjjiihggffeedTTTTTaaaaabbbbccccddTTddeeeeeeeeeTTTTTTTTeeeeeeTTTTTTTTTTTTTTTTTTTffffffTTTfffTTffffffffffffffffffffffffffffffffffffggggggghhhhhiiiiijjjjjkkTTTkkklllllTTkkkkkjjTTiiTTTTTffeddcbTTaabTTTTTTTTTjjkllmnTTTTTqrrsssttTTTTTTTTTTuuTTTTTTTT
rqqppoonnmmlkkjjihhggffeedTTTTTTaaaabbbccccdddddeeeeeeeeeeeeTeTTTTTeeeeeeeTTTTTTTTTTTTTTTTTTTTefTTTTTTTfTTffeTTTeeeeeeeeeeeeeeeeeeeeeeeeeeefffffffgggggghhhhiiiiijjjjjkkkkkkkkkkTTkkkkkkjjjiiiTTTTTTfeddcbbaaabTTTTTTTTTijkllmnnTTTTTrrrssstTTTTTTTTTTtttTTTTTTT
qqqppoonnmllkkjjihhggffedTTTTTTTaaaabbbcccdddddeeeeeeeeeffffffTTTTTffffffTTTTTTTTTTTTTTTTTTTTTeeTTTTTTTTTTTeeTTTeeeeeeeeeeeeeeddTTdeeeeeeeeeeeeffffffggggghhhhhiiiijjjjjjkkkkkkkTTkkTkkjjjjiiihTTTTTfeddccbaaabcTTTTTTTTTjkklmmnoTTTTqrrsssttTTTTTTTTTTttTTTTTTT
qqppoTTTTmllkkjiihhggfeedTTTTTTTaaabbbccccddddeeeeeeeeffffffffTTTTTfffffTTTTTTTTTTTTTTTTTTTTTeeeTTTTTTTTTTTTTTTTTeTTddddddddddddTTTTTdddddddeeeeeeefffffgggghhhhhiiiijjjjjjjkkkkkkkkTTTjjjjiiihTTTTTeeddccbaaaTTTdefTTTTTjkklmmnTTTTTTrrrsssttTTtttTTTTtttTTTrrT
qqTTTTTTTmllkjjiihhgffeeddTTTTTaaaabbbcccddddeeeeeeeffffffffffffffffffTTTTTTTfffffeTTTTTTTTTTeeeTTTTTTTTTTTTTTTTTTTTdddddddccccTTTTTTTTTddddddddeeeeeeffffgggghhhhiiiiijjjjjjjjjkkjTTTTjjjiiihhTTTTTTeddccbaTTTTcdeeTTTTTTjkllmnTTTTTTqrrrsssttttttTTTTTtssssrrq
TTTTTTTTTmlkkjjiihggffeedTTTTTTaaaabbbcccddddeeeeeefffffffffffffffffffTTTTTTTfffffeeeeeeeTTeeeeeTTTTTTTTTTTTTTTTTTTTcccccccccccTTTTTTTTTTTTccddddddeeeeeffffgggghhhhiiiiijjjjjjjjjjTTTTTjiTTThTTTTTTTeddccbaTTTTTdeefTTTTTjkllmnTTTTTTTrrrsssssttttTTTTTssssrrrq
TTTTTTTTTTlkkjjihhggffeedTTTTTTaaaabbccccddddeeeeeffffffffffffffffffffTTTTTTTfffffeeeeeeeeeeeeeeeedTTdTTTTTTTTTTTTTTTTTcccbbbbbbTTTTTTTTTTTTTTcccdddddeeeeffffgggghhhhiiiiijjjjjjjTTTTTTTiTTThTTTTTTeeddccbaTTTTTddefTTTTTTkklmmnTTTTTTqrrrssssssTTTTTTTTssrrrTq
TTTTTTTTTTTTTjiihhggffeedTTTTTTTaaabbccccdddeeeeeeffffffffffffffffffffTTTTTTffffffeeeeeeeeeeeeedddddddddddccTTTTTTTTTTTbbbbbbbbTTTTTTTTTTTTTTTTTTcccddddeeeeffffggghhhhhiiiiiijjjjjTTTTTTTTTTTTTTTTfeeddccbaTTTTTddeffTTTTTkkllmnnTTTTTTqrrrssssTTTTTTTTTsrrrTTq
TTTTTTTTTTTTTjiihhggffeedTTTTTTTaaabbcccddddeeeeeeffffffffffffffffffffTTTTTTTffffeeeeeeeeeeeeddddddddddcccccccccTTTTTTTbbbaaaaaTTTTTTTTTTTTTTTTTTTTcccddddeeeefffgggghhhhiiiiiiijjjjjTTTTTiTTThhTgffeeddccbbaTTTTTdeffgTTTTTkllmmnnTTTTqqqrrrrssTTTTTTTTTTrrrTTT
TTTTTTTTTTTTTTiihhggffeddTTTTTTaaaabbccccdddeeeeeefffffffffffffffffffTTTTTTTTffffeeeeeeeeeedddddddddccccccccbbbbTTTTTTaaaaaaaaaTTTTTTTTTTTTTTTTTTTTTTTccddddeeeffffggghhhhhiiiiiiiiiiiTTTiiTTThTTTffeeddccbbaTTTTTdeefgTTTTTkklmmnnTTppTTqqrrrrrsTTTsTTTTTrrqqTT
TooTTTmTTTTTTTiihhgffeeddTTTTTTaaaabbccccddddeeeeefffffffffffffffffffTTTTTTTTfffeeeeeeeeeeddddddddccccccccbbbbbbbTTTTTaaaaaaaaaTTTTTTTTTTTTTTTTTTTTTTTTTTcdddeeeffffgggghhhhiiiiiiiiiiiiTiihTTTTTTffeeddccbbaTTTbcdeefggTTTTTkllmmnnoTTTTTqqrrrrrrrrrrTTTTrqqqTp
poonnmmTTTTTTTiihggffeeddTTTTTTaaaabbbcccddddeeeeefffffffffffffffffffTTTTTTTfffeeeeeeeeeddddddddcccccccbbbbbbbaaaTTTTaaaaaaaaaaaTTTTTTTTTTTTTTTTTTTTTTTTTTTTddeeeefffgggghhhhhiiiiiiiiiiiiihTTTTTTTfeeTTccbbaaabbcddeffgTTTTTkklmmnnTTTTTTqqqrrrrrrrrrTTTTTqqqpp
ooonnmmlTTTTTiihhggffeedTTTTTTaaaaabbbcccddddeTTTTTTTfTTfffffffffffffTTTTTTTffeeeeeeeeedddddddcccccccbbbbbbaaaaaaaTaaaaaaabbbbbbTTTTTTTTTTTTTTTTTTTTTTTTTTTTTTTdeeefffgggghhhhhiiiiiiiiiiihhhTTTTTTfTTTTdcbbaaabbcddeffggTTTTkkllmmnTTTTTTTqqqqrrrrrrrTTTTTqqppp
oonnmmmlTTTTTiihhggffeedTTTTTTaaaaabbbcccdddddTTTTTTTTTTTTTTTffffffffffTTTTTfeeeeeeeeedddddddccccccbbbbbbaaaaaaaaaaaabbbbbbbbbbbTTTTTTTbbbbbTTTTTTTTTTTTTTTTTTTTTTeefffgggghhhhhhiiiiiiiihhhhTTTTTTTTTTTTccbaaaabccdeefggTTTTTkllmmnnTTTTTTpqqqqqqqqTTTTTTTTpppo
onnnmmllTTTTTTihhggffeedTTTTTTTaaaabbbccccddddTTTTTTTTTTTTTTTfffffffffTTTTTTeeeeeeeedddddddccccccbbbbbbaaaaaaaaaaabbbbbbbbccccccTTTTTTTccccbbbbbTaaTTTTTTTTTTTTTTTTTefffgggghhhhhhhiiiiihhhhhhTTTTTTTTTTTccbbaaabcTTdeffgTTTTTkkllmmnTTTTTTTTTqqqqqTTTTTTTTTppoT
nnnmmmllTTTTTTihhggffeedTTTTTTTaaaaabbbcccddddTTTTTTTTTTTTTTTffffffffTTTTTTTeeeeeeeddddddccccccbbbbbbaaaaaaaaaaabbbbbbccccccccccdTTTTcccccccccbbbbbaaaTTTTTTTTTTTTTeeefffgggghhhhhhhhhhhhhhhhhgggTTTTTTTTccbbaaaTTTTdeefggTTTTjkkllmmnTTTTTTTTTTqqqqTTTTTTTTpooo
nnnmmlllTTTTTTihhggffeedTTTTTTbaaaaabbbccccdddTTTTTTTTTTTTTTTfffffffffTTTTTeeeeeedddddddccccccbbbbbaaaaaaaaaabbbbbbcccccccdddddddTTTTTdddddccccccbbbbaaaTTTTTTTTTTTTTeefffgggghhhhhhhhhhhhhhhhgggTTTTTTTTTcbbaaTTTTTTeeffgTTTTjkkllmmmTTTTTTTTTppppppTpppTTTToTT
nnmmmllTTTTTTThhhggffeedTTTTTTbaaaaaabbbccccdTTTTTTTTTTTTTTTTffffffffTTTTTTeeeeedddddddcccccbbbbbaaaaaaaaaabbbbbccccccdddddddddddeTTTTddddddddccccbbbbaaaaTTTTTTTTTTdeeTTTfgggghhhhhhhhhhhhhhhggggTTTTTTTTcbbaaaTTTTTdeffgTTTTTjkkllmmmTTTTTTTTTpppppppppTTTTTTT
nmmmlllTTTTTTThhgggffeeeddcTTTbaaaaaabbbbccccTTTTTTTTTTTTTTTeeefeeeeeTTTTTTTeedddddddccccccbbbbbaaaaaaaaabbbbbcccccdddddddeeeeeeeeTTTTeeeeddddddccccbbbaaaaaTTTTTTTTdTTTTTffgggghhhhhhhhhhhhhhggggffTTTTTdccbbaaaTTTTdeefggTTTTjjkkllmmTTTTTTTTToppppppoooTToTTT
mmmlllkkTTTTTThhgggffeeeddcccbbbaaaaaabbbbcccTTTTTTTTTTTTTTTeeeeeeeeTTTTTTTTdddddddccccccbbbbbaaaaaaaaabbbbbcccccddddddeeTeeeeeeeeTTTTTeeeeeedddddcccbbbaaaaaabTTTTddTTTTTTffgggghhhhhhhhhhhhhggggfffTTTddccbbaaaTTccTdeffgTTTTTjkkkllmmTTTTTTTTooooooooooonnnTT
mmlllkkkTTTTTThhgggffeeeddcccbbbaaaaaaabbbbccTTTTTTTTTTTTTTTeeeeeeeeTTTTTTTdddddddccccccbbbbbaaaaaaaaabbbbcccccdddddeeeTTTTffffffffTTTTTfeeeeeeddddcccbbbaaaaaabbTTcddTTTTTffggggghhhhhhhhhhhhggggfffeeeddccbbaaaabTTTdeefgTTTTTjjkklllmTTTTTTTTToooooooonnnnnTm
mllllkkTTTTTThhhgggffeeedddcccbbbaaaaaaabbbbcccccTTTTTTTTTTTeeeeeeeeeTTTTTTdddddccccccbbbbbaaaaaaaaabbbbcccccddddeeeeTTTTTTTfffffffTTTTTTTffeeeeedddcccbbbaaaaabbbcccdTTTTTTffTTTgghhhhhhhhhhhgggggfffeedddccbbaaaTTTTddeffTTTTTTjjkkkllTTTTTTTTTTTnnnnnnnnnTmmm
llllkkkTTTTTThhhgggffeeeddTTTTTTbaaaaaaaabbbbccccccdddddTTTTdddddddddTTTTTTdddccccccbbbbbaaaaaaaaabbbbbccccddddeeeeTTTTTTTTfgggggggTTTTTTTTfffeeeedddcccbbbaaaaabbbccddTTTTTTTTTTTgghhhhhhhhhhgggggfffeeeddccbbaaaTTccddeeffTTTTTijjkkkllTTTTTTTTTnnnnnnnnTTTTTm
lllkkkTTTTTTThhhggfffeeedTTTTTTbbbaaaaaaaabbbbbccccccdddddddddddddddddddddddcccccccbbbbbaaaaaaaaabbbbccccddddeeeTTTTTTTTTTTTggggggggTTTTTTgffffeeeedddcccbbbaaaaabbcccdTTTTTTTTTTTTThhhhhhhhhhgggggfffeeeddccbbaaaabbTcddeffTTTTTTijjkkklTTTTTmmmmmnnnmmmTTTTTTT
llkkkjTTTTTTThhgggfffeeeeTTTTTTTbbbaaaaaaaabTTTTbTTccccccdddddddddddddddcccccccccbbbbbaaaTTTaaabbbbccccddddeeeTTTTTTTTTTTTTTgghhhhhhTTTTTTTggffffeeedddcccbbaaaaabbbccddTTTTTTTTTTTTThhhhhhhhhgggggffffeedddccbbaaaaTTTddeefTTTTTTiijjkkklTTTTTmmmmmmmmmmmTTTTTT
kkkkjjjjTTTTThhgggffffeeeTTTTTTTbbbbaaaaaaaaTTTTTTTTTTTTTcccccccccccccccccccccbbbbbbTTTTTTTTaabbbbccccddddTTeTTTTTTTTTTTTTTTThhhhhhhhTTTTTTTggffffeeedddccbbbaaaaabbcccddTTTTTTTTTTTTThhhhhhhhggggggfffeeeddccbbaaaTTTTcddeefTTTTTTiijjjkkTTTTTlllmmmmmTTTTTTTTl
kkkjjjjiTTTTThhgggffffeeeTTTTTTTcbbbbaaaaaaaTTTTTTTTTTTTTTTcccccccccccccccccbbbTTTTTTTTTTTTTbbbbccccddddeTTTTTTTTTTTTTTTTTTTThhhhhhhhTTTTTTTgggffffeeedddccbbaaaaabbbccddTTTTTTTTTTTTThTThhhhhhgggggfffeeeddcccbbaaTTTTTcddeeTTTTTTiiijjjkTTTTTTlllllTTTTTTTTlkk
kkjjjjiTTTTTTTTTTTTfffeeeTTTTTTTccbbbbaaaaaaTTTTTTTTTTTTTTTcccccccccccccbbbbbTTTTTTTTTTTTTTTTbbccccdddeeTTTTTTTTTTTTTTTTTTTTTTTiiiiiiiTTTTTTTgggffffeeeddcccbbaaaaabTTccddTTTTTTTTTTTTTTThhhhhhgggggffffeedddccbbaaTTTTTcddeeTTTTTThiiijjjjTTTTTklTTTTTTTTTkkkkk
jjjjjiiTTTTTTTTTTTTTTTTTTTTTTTcccccbbbbbaaaTTTTTTTTTTTTTTTTbbbbbbbbbbbbbbbbbbTTTTTTTTTTTTTTTTccccddddeTTTTTTTTTTTTTTTTTTTTTTTTTiiiiiiiTTTTTTTTTTgfffeeedddccbbaaaaaTTTTTddTTTTTTTTTTTTTTTThhhhhggggggfffeeeddcccbbaaTTbbccddeTTTTTTThhiiijjTTTTTTTTTTkTTTTTTkkkk
jjjiiiiiTTTTTTTTTTTTTTTTTTTTTTdcccccbbbbbaaTTTTTTTTTTTTTTTTbbbbbbbbbbbbbbbbaaTTTTTTTTTTTTTTTTccddddeeTTTTTTTTTTTTTTTTTTTTTTTTTTjjiiiiiiTTTTTTTTTggfffeeeddcccbbaaTTTTTTcdddTTTTTTTTTTTTTTThhhhhhgggggfffeeedddccbbaaaabbbccddeTTTTTThhhiiiiTTTTTTTTTTTTTTTTTjjjj
jiiiiiihTTTTTTTTTTTTTTTTTTTTTTddccccccbbbbbTTTTTTTTTTTTTTTaaaabbbbbbbaaaaaaaaaTTTTTTTTTTTTTcccddddeeeTTTTTTTTTTTTTTTTTTTTTTTTTTjjjjjjjiTTTTTTTTTTggfffeedddccbbTTTTTTTTTcddTTTTTfTTTTTTTTTThhhhhgggggffffeeeddcccbbaaaabbccdddTTTTTTghhhhiiiTTTTTTTTTTjTTTjjjjjj
iiiiiihhhhTTTTTTTTTTTTTTTTTTTddddccccccbbbbTTTTTTTTTTTTTTTaaaaaaaaaaaaaaaaaaaaTTTTTbbbbTTcccddddeeeefTTTTTTTTTTTTTTTTTTTTTTTTTTjjjjjjjjjTTTTTTTThgggffeTTddccbTTTTTTTTTccddeTTfffTTTTTTTTTThhhhTTgggggfffeeedddccbbaaaaabbccdddTTTTTTgghhhhiTTTTTTTTTjjjjjjjjjii
iiiihhhhhhgggTTTTTTTTTTTTTTTTddddddccccccbbbbTTTTTTTTTTTTTaaaaaaaaaaaaaaaaaaaaTTTTTbbbcccccddddeeefffTTTTTTTTTTTTiiijjTTTTTTTTTTkjjjjjjjTTTTTTTThgggfTTTTTdcccbTTTTTTbbccdddeeefffTTTggTThhhhTTTTTggggffffeeeddcccbbaaaaabbccddTTTTTTgggghhhhTTiiiTiiiiiiiiiiiii
hhhhhhhhhggggTTTTffTTTTTeTTeeedddddddcccccccbbbbbbbTTTTTTTaaaaaaaaaaaaaaaaaaaabbbbbbcccccddddeeeeffffTTTTTTTTTTTTijjjjjTTTTTTTTTTkkkkjjjjTTTTTThhhggTTTTTTddccbTTTTTabbccdddeeefffgggggghhhhhhTTTTTggggfffeeedddccbbbaaaabbbccdTTTTTTTfgggghhhhhiiiiiiiiiiiiiiii
hhhhhhhggggggggfffffffTTeeeeeeeddddddddccccccccbbbbbbbbbbaaaaaaaaaaaaaaaaabbbbbbbbcccccddddeeeeffffggTTTTTTTTTTTjjjjjkkTTTTTTTTTTkkkkkkjjTTjiiThhhgggTTTTTTdccbbTTaaabbccdddeeefffggggggTThhhTTTTTTTgggffffeeedddccbbaaaaabbbcTTTTTTTTfffgggghhhhhhhhhhhhhhhhhhh
hhhgggggggggggfffffffffeeeeeeeeeedddddddddcccccccccbbbbbbbbbbbbbbbbbbbbbbbbbbbbccccccdddddeeeeffffgggTTTTTiiTTjjjjjkkkkTTTTTTTTTTTkkkkkkjjjjjiiihhhggTTTTTTdcccbbaaaabbcccddeeeffffgggTTTTThhTTTTTTTggggfffeeedddcccbbaaaaabbbTTTTTTTTTffffgggggghhhhhhhhhhhhhhh
ggggggggggggffffffffffffeeeeeeeeeeeddddddddddccccccccccbbbbbbbbbbbbbbbbbbbbbcccccccdddddeeeeffffgggghTTTTiiijjjjjkkkkkkTTTTTTTTTTTlkkkkkkjjjjiiiihhgggTTTTTTdccbbaaaabbcccddeeeffffgTTTTTTThhhTTTTTTggggffffeeedddccbbbaaaaabbbTTTTTTTTefffffggggggggggghhhhgggT
gggggggggffffffffffffffffeeeeeeeeeeeeedddddddddddcccccccccccccccbbbbbcccccccccccddddddeeeefffffgggghhTTTiiijjjjkkkkkklllTTTTTTTTTTlllkkkkkjjjjiiihhhggfTTTTTdccbbaaaabbbccdddeeffffTTTTTTTTThhTTTTThgggggffffeeedddccbbbaaaaabbTTTTTTdeeeeeffffffggggggggggggTTT
ggffffffffffffffffffffffffeeeeeeeeeeeeeeeeddddddddddddcccccccccccccccccccccccdddddddeeeeeffffgggghhhhiiiijjjjkkkkkkllllllTTTTTTTTTTllllkkkkjjjjiihhhggffTTTTTccbbaaaaabbccdddeeefffgTTTTTTTThhhTThhhggTTggfffeeedddcccbbbaaaaabbTTccddddeeeeeffffffffffggggTTTTT
ffffffffffffffffffffffffffffeeeeeeeeeeeeeeeeeedddddddddddddddcccccccccccdddddddddeeeeeeffffgggThhhhiiiijjjjjkkkkkllllllllTTTTTTTTTTlllllkkkkjjjiiihhgggfTTTTdccbbaaaaabbccdddeeefffgTTTTTTThhhhhhhhhTTTTTgffffeeedddcccbbbaaaaabbbbcccddddeeeeeeeffffffffTTTTTTT
ffffffffffffffffffffffffffffffffffeeeeeeeeeeeeeeeeeeddddddddddddddddddddddddddeeeeeeefffffgTTTThhhiiiijjjjkkkkklllllllmmmmTTTTTTTTTTllllkkkkjjjiiihhhggffTeddcccbbaaaabbccdddeeefffggTTTTTTTTThhhhhhhTTTTTgfffeeeedddcccbbbaaaaaabbbccccdddddeeeeeeeeefTTTTTTTTT
eeeeeeeeeeeeeeeefffffffffffffffffffffffffeeeeeeeeeeeeeeeeeddddddddddddddddeeeeeeeeffffffggTTTTThiiiiijjjjkkkkllllllmmmmmmmTTTTTTTTTTlllllkkkkjjjiihhhggffeeeddccbbaaaabbcccddeeefffgggTTTTTTTThhhhhhhTTTTTTffffeeeddddcccbbbaaaaaabbbbccccdddddddeTTeeTTTTTTTTTe
eeeeeeeeeeeeeeeeeeeeffffffffffffffffffffffffffffeeeeeeeeeeeeeeeeeeeeeeeeeeeeeeeeffffffgggTTTTTTiiiijjTTTTTkklllllmmmmmmmmmTTTTTTTTTTTlllllkkkjjjiiihhggfffeeddccbbaaaabbcccddeeefffggggTTTTTTThhhhhhhhTTTTTgffffeeedddcccbbbbaaaaaaabbbbcccccddTTTTTTTTTTTTTTeee
eeeeeeeeeeeeeeeeeeeeeffffffffffffffffffffffffffffffffffeeeeeeeeeeeeeeeeeeeeeffffffffggggTTTTTTTiiijjjTTTTTlllllmmmmmmmmmnnnTTTTTTTTTTmllllkkkkjjiiihhgggffeeddccbbaaaabbcccddeeeffffgggTTTTTThhhhhhhhhTTTTTTgfffeeeedddcccbbbbaaaaaaabbbbbcccccTTTTTTTTTTTTTTdde
TTTTTTTTTTTTTTTTTeeeeefffffffffffffffffffffffffffffffffffffffffffffffffffffffffffgggggghTTTTTTTijjjjkTTTTTllllmmmmmmmnnnnnnnTTTTTTTTTmmllllkkkjjjiihhhggffeeddccbbaaaabbbccddeeeffffgggghhThhhhhhhhhhhhTTTTTgffffeeeedddccccbbbaaaaaaaabbbbbbTTcTTTTTTTTTTTTdddd
TTTTTTTTTTTTTTTTTeeeeeefffffffffffffggggggggggggggffffffffffffffffffffffffffffggggggghhTTTTTTTTjjjjkkTTTTTllmmmmmmnnnnnnnnnnTTTTTTTTTTmmlllkkkjjjiihhhggffeeddccbbaaaabbbccdddeeffffgggghhhhhhhhhhhhhhhTTTTgggffffeeeedddccccbbbaaaaaaaaabbTTTTTTTTTTcTTTTccdddd
TTTTTTTTTTTTTTTTTTTTeeeffffffffffggggggggggggggggggggggggggfffffffffffffffggggggggghhhhTTTTTTTTjjjkkkTTTTTlmmmmmnnnnnnnnnnnnTTTTTTTTTTmmllllkkkjjiiihhggffeeddccbbaaaaabbccdddeeffffgggghhhhhhhhhhhhhhhhhgTTTggffffeeeddddccccbbbbaaaaaaTTTTTTTTbTTbcccTcccccccc
TTTTTTTTTTTTTTTTTTTTeeefffffffffgggggggggggggggggggggggggggggggggggggggggggggggghhhhhhTTTTTTTTTjkkkkkTTTTTmmmmmnnnnnnnnnnnnnTTTTTTTTTTTmmlllkkkjjiiihhggffeeddccbbaaaaabbccdddeeefffggggghhhhhhhTThhhhTTTTTTTTgffffeeeeddddccccbbbbaaaaTTTTTTTTTTbbbbbbbbbcccccc
TTTTTTTTTTTTTTTTTTTTeeeefffffffggggggggggggggghhhgggggggggggggggggggggggggggghhhhhhhhiTTTTTTTTTkkkklllTTTTmmmnnnnnnnnoooooooTTTTTTTTTTTmmlllkkkjjjiihhggffeeddccbbaaaaabbccdddeeefffggggghhhhhTTTThhhhTTTTTTTTggffffeeeeddddcccccbbbbaaTTTTTTTTTaaabbbbbbbbbbbbc
TTTTTTTTTTTTTTTTTTTTeeeeffffffgggggggggghhhhhhhhhhhhhhhhhhhhhhggggggggghhhhhhhhhhhhiiiTTTTTTTTTkkkllllTTTTmmnnnnnnnoooooooooTTTTTTTTTTTmmllllkkjjjiihhggffeeeddccbbaaaabbccdddeeefffggggghhhhTTTTTThhhTTTTTTTggggffffeeeedddddccccbbbbbTTTTTTTTaaaaaaaaabbbbbbbb
TTTTTTTTTTTTTTTTTTTeeeeeffffffgggggggTTTTThhhhhhhhhhhhhhhhhhhhhhhhhhhhhhhhhhhhhhiiiiiiTTTTTTTTkkkllllmTTTTnnnnnnnooooooooTTTTTTTTTTTTTmmmmlllkkjjjiihhgggffeeddccbbaaaabbccdddeeefffggggghhTTTTTTTThhhhTTThhgggggfffffeeeedddddcccccbbbbTTTTTaaaaaaaaaaaaaaaabbb
TTTTTTTTTTTTTTTTTTTeeeeeffffffgggggghTTTTTTThhhhhhhhhhhhhhhhhhhhhhhhhhhhhhhhhiiiiiiiijTTTTTTTTklllllmmTTTTnnnnnoooooooooTTTTTTTTTTTTnnmmmmlllkkkjjiihhhggffeeddccbbaaaabbcccddeeeffffgggghTTTTTTTTTThhhhhhhhggggggfffffeeeedddddccccccbbbTTTTaaaaaaaaaaaaaaaaaaa
TTTTTTTTTTTTTTTTTTddeeeeefffffgggggghhTTTTTTThiiiiiiiiiiiiiiihhhhhhhhhhiiiiiiiiiiiijjjTTTTTTTTlllllmmmTTTTnnnnooooooooooTTTTTTTTTTTnnnnmmmlllkkkjjiihhhggffeeddccbbaaaabbcccddeeeffffgggghTTTTTTTTTThhhhhhhhhggggggfffffeeeeedddddccccccbbbbbbbbaaaaaaaaaaaaaaaa
TTTTTTbbbTTTTcccdddddeeeefffffggggghhhTTTTTTTTTiiiiiiiiiiiiiiiiiiiiiiiiiiiiiiiiiijjjjjTTTTTTTTllllmmmmmnnnnnoooooooooopTTTTTTTTTTTTnnnnmmmmllkkkjjiiihhggffeeddccbbaaaabbcccddeeeffffggggghTTTTTTThhhhhhhhhhhggggggffffffeeeeeddddddcccccccbbbbbbbbbaaaaaaaaaaaa
TTTTTTabbbbbbccccddddeeeefffffggggghhhhTTTTTTTTTiiiiiiiiiiiiiiiiiiiiiiiiiiiiiijjjjjjjjTTTTTTTTlllmmmmmnnnnnoooooooopppTTTTTTTTTTTTTnnnnnmmmlllkkjjjiihhggffeeddccbbaaaabbbccdddeeefffggggghTTTTThhhhhhhhhhhhhhggggggfffTffeeeeedddddddccccccccbbbbbbbbbbbaaaaaaa
TTTTTTaaabbbbcccccddddeeefffffgggghhhhhTTTTTTTTTTiiiiiiiiiiiiiiiiiiiiiiiiijjjjjjjjjjkkTTTTTTTTllmmmmnnnnnnoooooooppppTTTTTTTTTTTTToonnnnmmmlllkkjjjiihhggffeeddccbbaaaabbbccdddeeefffggggghhTThhhhhhhhhhhhhhhhgggggggTTTTffeeeeeedddddddccccccccccbbbbbbbTTbaaaa
TTTTTTaaaabbbbccccddddeeeeffffgggghhhhhhTTTTTTTTTijjjjjjjjjjjjjjjjjjjjjjjjjjjjjjjjjkkkTTTTTTTTmmmmmnnnnnnooooooopppppTTTTTTTTTTToooonnnnmmmlllkkjjjiihhggffeeddccbbaaaaabbccdddeeefffggggghhhhhhhhhhhhhhhhhhhhhgggggTTTTTTffeeeeeeeddddddddcccccccccccbTTTTTbbba
TTTTTTTaaaabbbbccccdddeeeeffffgggghhhhhiTTTTTTTTTTjjjjjjjjjjjjjjjjjjjjjjjjjjjjjjjkkkkkTTTTTTTTmmmmmnnnnnooooooppppppppTTTTTTTTTpooooonnnmmmlllkkkjjiihhggffeeddccbbaaaaabbccdddeeeffffggggghhhhhhhhhhhhhhhhhhhhggggTTTTTTTTffeeeeeeeeddddddddddTccccccTTTTTTbbbb
TTTTTTTTaaaabbbbcccddddeeeffffgggghhhhhiiTTTTTTTTTjjjjjjjjjjjjjjjjjjjjjjjjjjjjkkkkkkkkTTTTTTTTmmmmnnnnnoooooopppppppppTTTTTTTTppooooonnnnmmmllkkkjjiihhggffeeddccbbaaaaabbcccddeeeffffggggghhhhhhhhhhhhhhhhhhhhhggggTTTTTTfTfffeeeeeeeeddddddddTTdccccTTTTTTTbbb
TTTTTTTTaaaaabbbccccdddeeeffffgggghhhhiiiTTTTTTTTTTjjjjjjjjjjjjjjjjjjjjjjjjkkkkkkkkkklTTTTTTTTmmmnnnnnoooooopppppppppppTTTTTTTpppoooonnnnmmmllkkkjjiihhggffeeddcccbbaaaabbcccddeeeefffggggghhhhhhhhhhThhhhhhhhhhggggggTTTfTTTfffeeeeeeeeeeddddddTdddddcTTTTTTccb
TTTTTTTTaaaaaabbbcccdddeeeefffgggghhhhiiiiTTTTTTTTTjjjjjjjjjjjjjjjjjjjjkkkkkkkkkkkkkllTTTTTTTTmmnnnnnooooooppppppppppppTTTTTTppppooooonnnmmmlllkkjjiihhhggffeeddccbbaaaabbcccdddeeefffgggggghhhhhTTTTTThhhhhhhhhgggggggTgTTTTTTfffeeeeeeeeeeeddddddddddTTTTTTTcc
TTTTTTTTaaTTaabbbbcccdddeeefffgggghhhhiiiiTTTTTTTTTTjjjkkkkkkkkkkkkkkkkkkkkkkkkkkkklllTTTTTTTTmnnnnnooooooppppppppppqqqqTTTTppppppoooonnnmmmlllkkjjiiihhggffeeddccbbaaaabbbccdddeeeffffggggghhhTTTTTTTThhhhhhhhhhgggggggTTTTTTTTffffeeeeeeeeeeeeedddddddTTTTTTcc
TTTTTTTTTTTTTTTTTTcccdddeeefffgggghhhhiiiiiTTTTTTTTTkkkkkkkkkkkkkkkkkkkkkkkkkkkkkllllTTTTTTTTTnnnnnnooooooppppppppqqqqqqTTTpppppppoooonnnnmmlllkkjjjiihhggffeeddccbbaaaabbbccdddeeeffffgggggghhhTTTTTThhhhhhhhhhhggggggTTTTTTTTfffffffeeeeeeeeeeeeeeddddTTTTTTTc
TTTTTTTTTTTTTTTTTTTTTTTTeeeffffggghhhhiiiiiTTTTTTTTTTkkkkkkkkkkkkkkkkkkkkkkkkkkklllllTTTTTTTTTnnnnnooooooppppppppqqqqqqqqTqqpppppppoooonnnmmmllkkkjjiihhggffeeddccbbaaaaabbccdddeeeffffgggggghhhTTTTTThhhhhhhhhhhgggggggTTTTTTfffffffffffeeeeeeeeeeeeeedTTTTTTTc
TTTTTTTTTTTTTTTTTTTTTTTTTTeefffggghhhhiiiiiTTTTTTTTTTkkkkkkkkkkkkkkkkkkkkkkkkklllllllTTTTTTTTTnnnnooooooppppppppqqqqqqqqqqqqqppppppoooonnnmmmllkkkjjiihhggffeeddccbbaaaaabbcccddeeeeffffgggggghhhTTThhhhhhhhhhThThgggggggTTTTTfTTfffTTfffffffeeeeeeeeeeeeTTTTTTT
TTTTTTTTTTTTTTTTTTTTTTTTTTeefffggghhhhiiiijjTTTTTTTTTkkkkkkkkkkkkkkkkkkkkkkklllllllllTTTTTTTTTnnnnoooooopppTTTTqqqqqqqqqqqqqqqpppppoooonnnmmmlllkkjjiihhggffeeddccbbaaaaabbcccdddeeeffffgggggghhhhhhhhhhhhhhhTTTThggggggggTTTTTTTTTTTTTfffffffffeeeeeeeeeeTTTTTT
TTTTTTTTTTTTTTTTTTTTTTTTTeeefffggghhhhiiiijjTTTTTTTTTTkkkkkkkkkkkkkkkkkkkkkllllllllllTTTTTTTTnnnnoooooopppTTTTTqqqqqqqqqqqqqqqppppppooonnnnmmlllkkjjiihhggffeeddcccbbaaaabbcccdddeeeffffggggggghhhhhhhhhhhhTTTTTThgggggggggTTTTTTTTTTTTTfffffffffffeeeeeeeTTTTdT
TTTTTTTTTTTTTTTTTTTTTTTTTdeefffggghhhhiiiijjjTTTTTTTTTkkkkkkkkkkkkkkkkkkkllllllllllllTTTTTTTTnnnnooooooppTTTTTTTqqqqqqqqqqqqqqqpppppoooonnnmmmllkkjjiiihhggffeeddccbbaaaabbbccdddeeeeffffggggggghhhhhhhhhhTTTTTTTTgggggggggTTTTTTTTTTTTTffffffffffffffeeeeeeeedT
ddddTTTTTTTTTTTTTTTTTTTTTdeeeffgggghhhiiiijjjjTTTTTTTTTkkkkkkkkkkkkkkkklllllllllllllmTTTTTTTTnnnnoooooppTTTTTTTTqqqqqqqqqqqqqqqpppppoooonnnmmmllkkjjjiihhggffeeddccbbaaaabbbcccddeeeeffffggggggghhhhhhhhhTTTTTTTTTTggggggggTTTTTTTTTTTTTffffffffffffffffeeeeeeed
dddddccccTTTTTTTTTTTTTTTTdeeefffggghhhiiiiijjjTTTTTTTTTTkkkkkkkkkkkkklllllllllllllllmTTTTTTTTnnnooooooppTTTTTTTTqqqqqqqqqqqqqqqqpppppooonnnmmmllkkkjjiihhggffeeddccbbaaaaabbcccdddeeefffffggggggghhhhhhTTTTTTTTTThggggggggTTTTTTTTTTTTTgffffffffffffffffffeeeeee
edddddcccbbbTTTTTTTTTTTTTdeeefffggghhhhiiiijjjjTTTTTTTTTkkkkkkkkkkkllllllllllllllllmmTTTTTTTTnnnooooooppTTTTTTTTqqqqqqqqqqqqqqqqpppppoooonnnmmlllkkjjiihhggffeeddccbbaaaaabbcccdddeeeeffffgggggggghhhhTTTTTTTTThhgggggggggTTTTTggTTTTTgggggffffffffffffffffeeeee
eeddddccccbbbaaaaaabTTTTTdeeefffggghhhhiiiijjjjTTTTTTTTTTkkkkkkkkklllllllllllllllllmTTTTTTTTnnnnoooooppTTTTTTTTTqqqqqqqqqqqqqqqqqppppoooonnnmmlllkkjjiihhggffeeddccbbbaaaabbbccdddeeeefffffgggggggghhTTTTTTTTThhhggggggggggTTgggggTTTgggggggggffffffffffffffeeee
eeddddccccbbbaaaaaabbcccdddeefffggghhhhiiiijjjjjTTTTTTTTTkkkkkkkkklllllllllllllllllmTTTTTTTTnnnnoooooppTTTTTTTTTqqqqqqqqqqqqqqqqqpppppooonnnmmmllkkjjjiihhggffeeddccbbaaaabbbcccdddeeefffffgggggggggghTTTTTThhhhgggggggggggggggggggTgggggggggggggffffffffffffeee
eeeddddcccbbbaaaaaabbbccdddeeefffTTghhhiiiijjjjjTTTTTTTTTkkkkkkkklllllllllllllllllmmTTTTTTTTnnnoooooopTTTTTTTTTTqqqqqqqqqqqqqqqqqqppppoooonnmmmllkkkjjiihhggffeeddccbbaaaaabbcccddTeeeefffffggggggggggTTTTThhhhgggggggggggggggggggggggggggggggggggfffffffffffeee
eeeddddccccbbbaaaaabbbccdddeeeffTTTTThhiiiiijjjjjTTTTTTTTTkkkkkkkkllllllllllllllllmmTTTTTTTTnnnoooooopTTTTTTTTTTqqqqrrrrrrqqqqqqqqpppppooonnnmmlllkkjjiihhggffeeddccbbaaaaabbcccTTTTeeefffffgggggggggggTTThgggggggggggggggggggggggggggggggggggTggggfffffffffffee
eeeddddccccbbbaaaaabbbcccddeeeffTTTTTThhiiiijjjjjTTTTTTTTTkkkkkkkkllllllllllllllllmmTTTTTTTTnnnooooooTTTTTTTTTTqqqqrrrrrrrrqqqqqqqqppppooonnnmmmllkkjjiihhggffeeddccbbbaaaabbbcTTTTTTeeffffffgggggggggggTggggggggggggggggggggggggggggggggggggTTTggggffffffffffee
eeeddddccccbbbaaaaaabbcccddeeeffTTTTTTThiiiijjjjjjTTTTTTTTTkkkkkkkklllllllllllllllmmTTTTTTTTnnnooooopTTTTTTTTTTqqqqrrrrrrrrrqqqqqqqppppoooonnmmmllkkjTjiihhggffeeddccbbaaaabbbTTTTTTTeeefffffggggggggggggggTTgggggggggggggggggggggggggggggggTTTTTggggfffffffffee
eeeeddddcccbbbaaaaaabbcccdddeeffTTTTTTTTiiiiijjjjjjTTTTTTTTkkkkkkkkkllllllllllllllmmTTTTTTTTnnnooooopTTTTTTTTTTqqqrrrrrrrrrrrqqqqqqqppppooonnnmmlllkTTTiihhggffeeddccbbaaaaaTTTTTTTTTTeeffffffgggggggggggggTTTTggggggggggggggggggggggggggggTTTTTTTgggfffffffffee
eeeeddddcccbbbaaaaaabbcccdddeeefTTTTTTTTiiiiijjjjjjTTTTTTTTTkkkkkkkkklllllllllllllmmTTTTTTTTnnnooooopTTTTTTTTTTqqqrrrrrrrrrrrrqqqqqqppppooonnnmmmlTTTTTiihhggffeeddccbbaaaaTTTTTTTTTTTTeffffffggggggggggggggTTggggggggggggggggggggggggggggggTTTTTTTggfffffffffee
eeedddddcccbbbaaaaaabbcccdddeeefTTTTTTTTTiiiijjjjjjTTTTTTTTTTkkkkkkkkklllllllllllllmTTTTTTTTnnnooooopTTTTTTTTTTqqrrrrrrrrrrrrrrqqqqqqppppooonnmmmTTTTTTTiihggffeeddccbbbaTTTTTTTTTTTTTTTeffffffgggggggggggggggggggggggggggggggggggggggggggggggTTTTggffffffffffee
eeeddddccccbbbaaaaaabbbccdddeeefTTTTTTTTTiiiiijjjjjjTTTTTTTTTkkkkkkkkkkllllllllllllTTTTTTTTTnnnooooopTTTTTTTTTqqqrrrrrrrrrrrrrrrqqqqqppppooonnnmTTTTTTTTTihhggffeeddccbbTTTTTTTTTTTTTTTTTffffffggggggggggggggggggggggTggggggggggggggggggggggggggTggffffTffffffee
eeeddddccccbbbaaaaaabbbccdddeeefTTTTTTTTTTiiiijjjjjjTTTTTTTTTTkkkkkkkkkklllllllllllTTTTTTTTTnnnooooopTTTTTTTTTqqrrrrrrrrrrrrrrrrrqqqqqppppooonTTTTTTTTTTTThhggffeeddccbTTTTTTTTTTTTTTTTTTTffffffgggggggggggggggggggTTTTgggggggggggggggggggTggggggfffffTTTffffeee
eeeddddccccbbbaaaaaabbbccdddeeeffTTTTTTTTTiiiiijjjjjjTTTTTTTTTkkkkkkkkkkkllllllllllTTTTTTTTTnnnooooopTTTTTTTTqqqrrrrrrrrrrrrrrrrrqqqqqppppoooTTTTTTTTTTTTTThggffeeddcTTTTTTTTTTTTTTTTTTTTTfffffffgggggggggggggggggTTTTTgggggggggTggggggggTTTggfffffffTTTTffffeee
eedddddcccbbbbaaaaaabbbccdddeeeffTTTTTTTTTTiiiijjjjjjTTTTTTTTTkkkkkkkkkkkklllllllllTTTTTTTTnnnnooooopTTTTTTTTqqqrrrrrrrrrrrrrrrrrrqqqqqppppoTTTTTTTTTTTTTTThhggffeedTTTTTTTTTTTTTTTTTTTTTTTfffffffgggggggggggggggggTTTTTggggggggTTggfffffTTTTfffffffTTTTTTffeeee
eeddddccccbbbbaaaaaabbcccdddeeefffTTTTTTTTTiiiiijjjjjjTTTTTTTTTkkkkkkkkkkkkllllllllTTTTTTTTnnnnooooopTTTTTTTqqqqrrrrrrrrrrrrrrrrrrrqqqqqpppooTTTTTTTTTTTTTTThggffeeTTTTTTTTTTTTTTTTTTTTTTTTTfffffffgggggggggggggggggTTTgggggffffTfffffffTTTTTTfffffffTTTTTTTeeee
edddddccccbbbaaaaaabbbcccdddeeefffTTTTTTTTTTiiiijjjjjjTTTTTTTTTTkkkkkkkkkkkklllllllTTTTTTTTnnnnooooopTTTTTTTqqqrrrrrrrrrrrrrrrrrrrrrqqqqppppoTTTTTTTTTTTTTTThggffTTTTTTTTTTTTTTTTTTTTTTTTTTTTfffffffggggggggggggggTgTTggfffffffffffffTTTTTTTTfffffffffTTTTTTTeee
dddddccccbbbbaaaaaabbbcccdddeeefffTTTTTTTTTTiiiiijjjjjjTTTTTTTTTTkkkkkkkkkkklllllllTTTTTTTnnnnnnoooopTTTTTTqqqqrrrrrrrrrrTTTTrrrrrrrqqqqqpppooTTTTTTTTTTTTTTThggTTTTTTTTTTTTTTTTbTTTTTTTTTTTTTTffffffgggggggggggTTTTTTffffffffffffffTTTTTTTTfffffffffffTeTTTTeee
dddddccccbbbaaaaaaabbbcccdddeeeffffTTTTTTTTTTiiiiijjjjjjTTTTTTTTTkkkkkkkkkkkklllllTTTTTTTTmnnnnnoooopTTTTTTqqqqrrrrrrrrTTTTTTTTrrrrrrqqqqppppoTTTTTTTTTTTTTTThggfTTTTTTTTTTTTTabbccTTTTTTTTTTTTTfffffffggggggggTTTTTTTfffffffffffffTTTTTTTTfffffffffffeeeeeTTTTd
ddddccccbbbbaaaaaaabbbcccdddeeeffffTTTTTTTTTTiiiiijjjjjjTTTTTTTTTTkkkkkkkkkkklllllTTTTTTTTmnnnnnooooppTTTTqqqqqrrrrrrTTTTTTTTTTTTrrrrrqqqqpppooTTTTTTTTTTTTTTTggfTTTTTTTTTTTTaabbbccTTTTTTTTTTTTTfffffffffffffffTTTTTfffffffffffffTTTTTTTTTfffffffeeeeeeeeTTTTTT
dddccccbbbbaaaaaaabbbbcccdddeeeffffgTTTTTTTTTiiiiiijjjjjjTTTTTTTTTTkkkkkkkkkkkllllTTTTTTTTmnnnnnoooopppTTqqqqqrrrrrrTTTTTTTTTTTTTrrrrrrqqqppppooTTTTTTTTTTTTTThggfTTTTTTTTTTaaabbbcccdTTTTTTTTTTTTfffffffffffffffTTffffffffffffffffTTTTTTTfffeeeeeeeeeeeeTTTTTTT
ddcccccbbbbaaaaaaabbbcccddddeeeffffggTTTTTTTTiiiiiiijjjjjjTTTTTTTTTkkkkkkkkkkkllllTTTTTTTTmnnnnnoooopppppqqqqqrrrrrTTTTTTTTTTTTTTrrrrrrqqqqpppooTTTTTTTTTTTTTTTggffTTTTTTTbaaaaabbcccTTTTTTTTTTTTTTffffffffffffffffffffffffffffffTTTTTTTTeeeeeeeeeeeeTeeeedTTTTT
cccccTTTTbaaaaTTabbbbcccddddeeeffffggTTTTTTTTTiiiiiijjjjjjTTTTTTTTTjkkkkkkkkkkklllTTTTTTTTmnnnnnoooopppppqqqqqrrrrTTTTTTTTTTTTTTTsrrrrrrqqqqpppooTTTTTTTTTTTTThhgffeTTTTTbbaaaaabbbccTTTTTTTTTTTTTTTTffffffffffffffffffffffffffeTTTTTTTTeeeeeeeeeeeeTTTTddddTTTT
ccccbTTTTTTTTTTTabbbccccdddeeeeffffgggTTTTTTTTiiiiiiijjjjjjTTTTTTTTTjkkkkkkkkkklllTTTTTTTTmnnnnnoooopppppqqqqqrrrTTTTTTTTTTTTTsTTssrrrrrrqqqpppoooTTTTTTTTTTiihhggffTTTTccbbaaaaabbcTTTTTTTTTTTTTTTTTTfffffffffffffffffffffeeeeTTTTTTTTeeeeeeeeeeeTTTTTTTddddTTT
cccbbTTTTTTTTTTTbbbbcccddddeeeeffffgggTTTTTTTTiiiiiiiijjjjjjTTTTTTTTjjkkkkkkkkkklTTTTTTTTTmnnnnnoooopppppqqqqqrrTTTTTTTTTTTTTTssssssrrrrrqqqqpppoonTTTTTTTTjjihhggffeTddccbbaaaaabbTTTTTTTTTTTTTTTTTTTTffffffffffffffffeeeeeeeTTTTTTTTTTeeeeeeeddTTTTTTTddddccTT
cbbbbTTTTTTTTTTTbbbccccddddeeefffffggggTTTTTTTiiiiiiiiijjjjjTTTTTTTTTjjkkkkkkkkklTTTTTTTTTmnnnnnoooopppppqqqqqrTTTTTTTTTTTTTTssssssssrrrrrqqqpppoooTTTTTTkkjjiihhggffeddccbbbaaaabbTTTTTTTTTTTTTTTTTTTTTffffffffffffeeeeTeeeeeTTTTTTTTTeedddddddTTTTTTTdddcccccT
bbbbbTTTTTTTTTTTbbbcccddddeeeeffffggggghTTTTTTiiiiiiiiiijjjjjTTTTTTTTTjkkkkkkkkklTTTTTTTTTmnnnnnoooopppppqqqqrTTTTTTTTTTTTTTTsssssssssrrrrrqqqpppoonTTTTllkkjiihhggffeeddccbbaaaaaTTTTTTTTTTTTTTTTTTTTTTTTfffffffeeeeeeTTTTeeTTTTTTTTTddddddddddTTTTTTcccccccccb
bbbbaTTTTTTTTTTTbbccccddddeeeeffffggggghhhTTThiiiiiiiiiiijjjjTTTTTTTTTTjkkkkkkkkkTTTTTTTTTmmnnnnoooopppppqqqqTTTTTTTTTTTTTTTsssssssssssrrrrqqqpppooonTmmllkkjjiihhgffeeddccbbaaaaTTTTTTTTTTTTTTeTTTTTTTTTTTfeeeeeeeeeeeTTTTTeeTTTTTTTTdddddddddTTTTTTTTccccccbbb
bbaaaTTTTTTTTTTTbccccddddeeeefffffggggghhhhThhiiiiiiiiiiiijjjTTTTTTTTTTjkkkkkkkkkTTTTTTTTTmmnnnnoooopppppqqqqTTTTTTTTTTTTTTTtttsssssssssrrrrqqqpppoonnmmllkkjjiihhggffeeddccbbaaaTTTTTTTTTTTTTTeeTTTTTTTTTTTeeeeeeeeeeTTTTTTTddTTTTdTdddddddccTTTTTTTTTcccbbbbbb
aaaaaTTTTTTTTTTTccccddddeeeeefffffggggghhhhhhhiiiiiiiiiiiiijjjTTTTTTTTTTjkkkkkkkTTTTTTTTTTmmnnnnooooppppqqqqTTTTTTTTTTTTTTTttttttssssssssrrrrqqqppooonnmmllkkjjiihggffeeddccbbaaTTTTTTTTTTTTTTdeeeTTTTTTTTTTTeeeeeeeeeeeTTTTTdddTddddddcccccccTTTTTTTTbbbbbbbbbb
aaaaaTTTTTTTTTTTcccdddddeeeefffffgggggghhhhhhhhiiiiiiiiiiiiijjTTTTTTTTTTTkkkkkkTTTTTTTTTTmmmnnnnooooppppqqTqTTTTTTTTTTTTTTtttttttttssssssrrrrqqqpppoonnmmllkkjjiihhggffeeddccbbaaTTTTTTTTTTTTTddeeeeTTTTTTTTTTTeeeeeeddTTTTTTTdddddccccccccccTTTTTTTTTbbbbbbbaaa
aaaaaTTTTTTTTTTTccdddddeeeeffffffgggggghhhhhhhhiiiiiiiiiiiiiijTTTTTTTTTTTTkkkTTTTTTTTTTTTmmmnnnnooooppppqqTTTTTTTTTTTTTTTtttttttttttssssssrrrrqqqppooonnmmllkkjjihhggffeeddccbbaaaTTTTTTTTTTTdddddeeeTTTTTTTTTTTeeedddddTTTTTddcccccccccccccTbTTTTTTTbbbbaaaaaaa
aaaaaTTTTTTTTTTTcdddddeeeeefffffgggggghhhhhhhhhiiiiiiiiiiiiiijjTTTTTTTTTTTTTTTTTTTTTTTTTTmmmnnnnooooppppqqTTTTTTTTTTTTTTtttttttttttttssssssrrrqqqpppoonnmmllkkjjiihhggfeeddcccbbaaaaTTTTTTTTcdddddddeeTTTTTTTTTTTddddddddTTTccccccccccccbbbTTTTTTTTTbaaaaaaaaaaa
aaaabTTTTTTTTTTTdddddeeeeefffffggggggghhhhhhhhhiiiiiiiiiiiiiiijjTTTTTTTTTTTTTTTTTTTTTTTTTmmmnnnnooooppppqqTTTTTTTTTTTTTtttttttttttttttsssssrrrrqqqppoonnnmmllkkjiihhggffeeddccbbaaaaaTTTTTTTccdddddddTTTTTTTTTTTTTdddddddcTcccccccccbbbbbbTTTTTTTTTaaaaaaaaaaaaa
abbbbTTTTTTTTTTTdddeeeeeefffffggggggghhhhhhhhhiiiiiiiiiiiiiiiijjTTTTTTTTTTTTTTTTTTTTTTTTmmmmnnnnooooppppqqTTTTTTTTTTTssttttttttttttttttsssssrrrqqqpppoonnmmllkkjjiihhgffeeddcccbbaaaaaTTTTTccccddddddTTTTTTTTTTTTTTdddccccccccccbbbbbbbbTTTTTTTTaTaaaaaaaaaaaaaa
bbbbbTTTTTTTTTTTddeeeeeffffffggggggghhhhhhhhhhiiiiTTTTiiiiiiiiijjTTTTTTTTTTTTTTTTTTTTTTTmmmmnnnnooooppppqqTTTTTTTTTTssttttttttttttttttttsssssrrrqqqppoonnnmmlkkjjiihhggffeeddccbbaaaaaabTTTcccccddddTTTTTTTTTTTTTTTTTccccccccbbbbbbbbbbbTTTTTTTaaaaaaaaaaaaaabbb
bbcccTTTTTTTTTTTeeeeeeffffffgggggggghhhhhhhhTTTTTTTTTTTTiiiiiiijjjTTTTTTTTTTTTTTTTTTTTTmmmmmnnnnoooTppppqqqqrTTTsssssstttttttttttttttttttssssrrrqqqpppoonnmmllkkjjiihggffeeddcccbbaaaaaabTbbccccccdTTTTTTTTTTTTTTTTTTTcccccbbbbbbbbbaaaTTTTTTTaaaaaaaaaaabbbbbbb
cccccTTTTTTTTTTTeeeefffffffgggggggghhhhhhhTTTTTTTTTTTTTTiiiiiiijjjjTTTTTTTTTTTTTTTTTTTlmmmmnnnnnoTTTTTppqqqqrrrrssssssttttttttttttttttttttssssrrrqqqppoonnmmllkkjjiihhggffeeddccbbbaaaaaabbbbccccccTTTTTTTTTTTTTTTTTTTTcbbbbbbbbbaaaaaaTTTTTTaaaaaaaabbbbbbbbbbc
ccccdTTTTTTTTTTTeefffffffgggggggghhhhhhhTTTTTTTTTTTTTTTTiiiiiiijjjjjTTTTTTTTTTTTTTTTTllmmmmnnnnnTTTTTTppqqqqrrrrssssstttttttttttttttttttttssssrrrqqqpppoonnmmllkkjjihhggffeedddccbbaaaaaaabbbbbcccTTTTTTTTTTTTTTTTTTTTbbbbbbbbaaaaaaaaTTTTTaaaaabbbbbbbbbbbccccc
ddddddTTTTTTTTTTffffffffgggggggghhhhhhhTTTTTTTTTTTTTTTTTiiiiiiijjjjjjjTTTTTTTTTTTTTllllmmmmnnnnTTTTTTTTpqqqqrrrrssssstttttttTTTTTTTTTTtttttssssrrrqqqppoonnmmllkkjjiihhggffeeddccbbbaaaaaaabbbbbcTTTTTTTTTTTTTTTTTTTTbbbbbbaaaaaaaaaaaaTTTaabbbbbbbbbbcccccccccc
dddddeTTTTTTTTTTffffffgggggggghhhhhhhTTTTTTTTTTTTTTTTTTTiiiiiiijjjjjjjjjTTTTTTTTTTlllllmmmmnnnnTTTTTTTTTqqqqrrrrsssssttttTTTTTTTTTTTTTTTTTTTsssrrrqqqppooonnmmllkkjjihhggffeedddccbbbaaaaaaabbbbTTTTTTTTTTTTTTTbTTTTTbbbaaaaaaaaaaaaaaaabTbbbbbbbbccccccccccdddd
deeeeeTTTTTTTTTTfffggggggggghhhhhhTTTTTTTTTTTTTTTTTTTTTiiiiiiijjjjjjjjjjjjkkkkkkkllllllmmmmnnnTTTTTTTTTTTqqrrrrrsssssttTTTTTTTTTTTTTTTTTTTTTTTssrrrqqqppoonnmmllkkjjiihhggffeeddcccbbbaaaaaaaabbTTTTTTTTTTTTTTTbbTTTbaaaaaaaaaaaaaaaabbbbbbbbccccccccccddddddddd
eeeeeeTTTTTTTTTTgggggggggghhhhhhhhTTTTTTTTTTTTTTTTTTTTiiiiiiiijjjjjjjjjjjjkkkkkkklllllmmmmmnnnTTTTTTTTTTTTqrrrrrsssssttTTTTTTTTTTTTTTTTTTTTTTTTTrrrqqqppooonnmmllkkjiihhggffeeeddcccbbbaaaaaaaaTTTTTTTTTTTTTTTbbbbTaaaaaaaaaaaaaaabbbbbbbbcccccccccddddddddddeee
eeefffTTTTTTTTTTggggggghhhhhhhhhhhTTTTTTTTTTTTTTTTTTTiiiiiiiijjjjjjjjjjjjjkkkkkkklllllmmmmmnnnTTTTTTTTTTTTqrrrrrsssstttTTTTTTTTTTTTTTTTTTTTTTTTTTrrrqqpppoonnmmllkkjjiihhggffeedddTTbbbbaaaaaaaaTTTTTTTTTTTTTbbaaaaaaaaaaaaaaaabbbbbbbccccccccddddddddddeeeeeeee
ffffffTTTTTTTTTTgggghhhhhhhhhhhhhTTTTTTTTTTTTTTTTTTiiiiiiiiijjjjjjjjjjjjjkkkkkkkklllllmmmmmnnnTTTTTTTTTTTTqrrrrrsssstttTTTTTTTTTTTTTTTTTTTTTTTTTTrrrqqqppoonnmmllkkjjiihhgggffeeTTTTTbbbbaaaaaaaaTTTTTTTTTTTaaaaaaaaaaaaaaaabbbbbbbccccccccdddddddddeeeeeeeeeeff
ffffggTTTTTTTTTThhhhhhhhhhhhhhiiiTTTTTTTTTTTTTTTTTiiiiiiiiijjjTTTjjjjjjjjkkkkkkkllllllmmmmmnnnTTTTTTTTTTTTqrrrrssssstttTTTTTTTTTTTTTTTTTTTTTTTTTssrrrqqpppoonnmmllkkjjiihhggfTTeTTTTTTbbbbaaaaaaaaaTTTTTTTTTaaaaaaaaaaaaabbbbbbbcccccccddddddddeeeeeeeeeeTffffff
ggggggTTTTTTTTTThhhhhhhhhhiiiiiiiTTTTTTTTTTTTTTTTTTiiiiiiijjTTTTTTTjjjjjjkkkkkkkllllllmmmmmnnnTTTTTTTTTTTTTrrrrssssstttTTTTTTTTTTTTTTTTTTTTTTTTTssrrrqqqppoonnmmllkkjjiihhhgTTTTTTTTTTTbbbbaaaaaaaaaTTTTTTTaaaaaaaaaaaabbbbbbcccccccdddddddeeeeeeeeefffTfTTffffg
ggggggTTTTTTTTTThhhhhiiiiiiiiiiiiTTTTTTTTTTTTiTTTTTiiiiijjjjTTTTTTTTTjjjkkkkkkkkllllllmmmmnnnnTTTTTTTTTTTTTrrrrssssstttttttuTTTTTTTTTTTTTTTTTTTTssrrrqqqppooonnmmllkkjjiiTTgTTTTTTTTTTTccbbbbaaaaaaaaTTTTTaaaaaaaaaabbbbbbbccccccdddddddeeeeeeeeffffffTTTTTTTggg
hhhhhhTTTTTTTTTTiiiiiiiiiiiiiiiiiTTTTTTTTTTTiiTTTTiijjjjjjjjTTTTTTTTTTTjkkkkkkkklllllmmmmmnnnnTTTTTTTTTTTTTrrrrsssssttttttuuuuuuTTTTTTTTTTTTTttssssrrrqqpppoonnmmllkkjjTTTTTTTTTTTTTTTTTTcbbbbbaaaaaaaaTTTaaaaaabbbbbbbbccccccdddddddeeeeeeefffffffffTTTTTTTTTgg
hhhhhhTTTTTTTTTTiiiiiiiiiiiiiiiiiiiTTTTTTTjjjjjjjjjjjjjjjjjjTTTTTTTTTTTTkkkkkkkllllllmmmmmnnnnnTTTTTTTTTTTTrrrrsssssttttttuuuuuuuuuuuuuuuutttttssssrrrqqqppoonnnmmllkkTTTTTTTTTTTTTTTTTTTTccbbbbbbbaaaaaTaaabbbbbbbbbcccccccddddddeeeeeeffffffffgggggTTTTTTTThhh
hiiiiiTTTTTTTTTTiiiiiiijjjjjjjjjjjjjjjTTjjjjjjjjjjjjjjjjjjjjjTTTTTTTTTTTTkkkkkkllllllmmmmmnnnnnTTTTTTTTTTTTrrrrssssstttttttuuuuuuuuuuuuuuuutttttsssrrrqqqppooonnmmllkkjTTTTTTTTTTTTTTTTTTTTcccbbbbbbbbbbbbbbbbbbbbcccccccddddddeeeeeefffffffggggggggTTTTTTTThhhh
iiiiiiTTTTTTTTTTjjjjjjjjjjjjjjjjjjjjjjjjjjjjjjjjjjjjjjjjjjjjjTTTTTTTTTTTTTkkkkkllllllmmmmmnnnnoTTTTTTTTTTTTrrrrssssstttttttuuuuuuuuuuuuuuuutttttssssrrrqqpppoonnmmmllkkTTTTTTTTTTTTTTTTTTTTTTcccbbbbbbbbbbbbbbccccccccddddddeeeeeefffffffggggggghhhhhhTTTThiiiii
iiiijjTTTTTTTTTTjjjjjjjjjjjjjjjjjjjjjjjjjjjjjjjjjjjjjjjjjjjjjjTTTTTTTTTTTTTTkkllllllmmmmmmnnnnoTTTTTTTTTTTTrrrrrsssstttttttuuuuuuuuuuuuuuuutttttssssrrrqqqppoonnnmmllkkjTTTTTTTTTTTTTTTTTTTTTTcccccccccccccccccccccdddddddeeeeefffffffggggggghhhhhhhhiiiiiiiiiii
jjjjjjTTTTTTTTTTjjjjjjjjjjjjjjjjjjjjjjjjjjjjjjjjjjjjjjjjjjjjjjTTTTTTTTTTTTTTTkllllllmmmmmnnnnnoTTTTTTTTTTTTrrrrrsssssttttttuuuuuuuuuuuuuuuutttttssssrrrqqqppooonnmmlllkkjTTTTTTTTTfTTTTTTTTTTTTccccccccccccccccddddddddeeeeeeffffffgggggghhhhhhhhiiiiiiiiiiijjjj
jjjjjjTTTTTTTTTTkkkkkkkkkkkkkkkkjjjjjjjjjjjjjjjjjjjjjjjjjjjjjjjTTTTTTTTTTTTTTlllllllmmmmmnnnnnoTTTTTTTTTTTTrrrrrsssssttttttuuuuuuuuuuuuuuuutttttssssrrrqqqpppoonnnmmllkkjjTTThTTgggfTTTTTTTTTTTTdddcccccccddddddddddeeeeeeffffffgggggghhhhhhhiiiiiiiiijjjjjjjjjj
kkkkkkkkkkkkkkkkkkkkkkkkkkkkkkkkkkkkkkkjjjjjjjjjjjjTjjjjjjjjjjjjTTTTTTTTTTTTTTllllllmmmmmnnnnnooTTTTTTTTTTTrrrrrssssstttttttuuuuuuuuuuuuuuutttttssssrrrrqqpppoonnnmmlllkkjjiiihhhgggfTTTTTTTTTTTTdddddddddddddddeeeeeeeffffffgggggghhhhhhiiiiiiiijjjjjjjjjjjjkkk
kkkkkkkkkkkkkkkkkkkkkkkkkkkkkkkkkkkkkkkkkkkkjjTTTTTTTTjjjjjjjjjjjTTTTTTTTTTTTTTllllmmmmmmnnnnnooTTTTTTTTTTTrrrrrssssstttttTTTTTuTTTuuuuuuuttttttssssrrrrqqqppooonnmmmllkkkjjiiihhhgggfTTTTTTTTTTTTddddddddddeeeeeeeeffffffgggggghhhhhhiiiiiiijjjjjjjjjjkkkkkkkkk
llllllllllllllllllllllkkkkkkkkkkkkkkkkkkkkkkTTTTTTTTTTjjjjjjjjjkkkTTTTTTTTTTTTTTlllmmmmmmnnnnnoooTTTTTTTTTqrrrrrssssstttttTTTTTTTTTTuuuuuuttttttssssrrrrqqqppooonnnmmlllkkjjjiiihhhgggfTTTTTTTTTTTTeeeeeeeeeeeeeeffffffgggggghhhhhhiiiiiiijjjjjjjjkkkkkkkkkkkkkk
lllllllllllllllllllllllllllllkkkkkkkkkkkkkTTTTTTTTTTTTkjjjjkkkkkkkkTTTTTTTTTTTTTTllmmmmmmnnnnnooooTTTTTTTTqqrrrrssssssttttTTTTTTTTTTTTTTuuttttttssssrrrrqqqpppoonnnmmlllkkkjjiiihhhhggggfTTTTTTTTTeeeeeeeeeeeffffffffgggggghhhhhiiiiiijjjjjjjkkkkkkkkkkklllllllT
lllllllllllllllllllllllllllllllllkkkkkkkkTTTTTTTTTTTTTkkkkkkkkkkkkkkkTTTTTTTTTTTTlmmmmmmnnnnnnoooopTTTTTTqqqrrrrrsssssttttTTTTTTTTTTTTTTTtttttttssssrrrrqqqpppooonnmTmlllkkjjjiiihhhhgggggfTTTTTTTTffffffffffffffggggggghhhhhiiiiiijjjjjjjkkkkkkkkllllllllllllll
mmmmmmmmmmmmmmmmmmmllllllllllllllllllkkkTTTTTTTTTTTTTTkkkkkkkkkkkkkkkkTTTTTTTTTTTlmmmmmmnnnnnoooooppTTTTTqqqrrrrrssssssttTTTTTTTTTTTTTTTTTTtttttssssrrrrqqqpppooonnTTTTllkkkjjjiiihhhhggggggTTTTTTTTfTfffffffgggggggghhhhhhiiiiijjjjjjjkkkkkTTTllllllllllmmmmmmm
mmmmmmmmmmmmmmmmmmmmmmmmlllllllllllllllTTTTTTTTTTTTTTkkkkkkkkkkkkkkkkkkTTTTTTTTTTTmmmmmmnnnnnooooopppTTTqqqqrrrrrssssssttTTTTTTTTTTTTTTTTTTTTTtsssssrrrrqqqpppooonTTTTTTTkkkjjjjiiihhhhhgggTTTTTTTTTTTTfgggggggggghhhhhhiiiiiijjjjjjkkkkTkTTTTTTlllmmmmmmmmmmmmm
nnnnnnnnmmmmmmmmmmmmmmmmmmmmllllllllllTTTTTTTTTTTTTTTkkkkkkkkkkkkkkkkkkkTTTTTTTTTTmmmmmmnnnnnooooopppppqqqqqrrrrrrsssssstttTTTTTTTTTTTTTTTTTTTtsssssrrrrqqqpppoooTTTTTTTTTTkkjjjjiiiihhhhhggTTTTTTTTTTTTgggggghhhhhhhiiiiiijjjjjjkkkkkTTTTTTTTTTTmmmmmmmmmmmmnnn
nnnnnnnnnnnnnnnnmmmmmmmmmmmmmmmllllllTTTTTTTTTTTTTTTkkkkkkkkkkkkkkkkkkkkllTTTTTTTmmmmmmmnnnnnooooopppppqqqqqqrrrrrssssssttttTTTTTTTTTTTTTTTTTTTssssrrrrqqqqpppooTTTTTTTTTTTTTkjjjiiiiihhhhhhhTTTTTTTTTTTTghhhhhhhhiiiiiijjjjjjkkkkkTTTTTTTTTTTTTTTTmnnnnnnnnnnnn
nnnnnnnnnnnnnnnnnnnnnmmmmmmmmmmmmllllTTTTTTTTTTTTTTkkkkkkkkkkkkkkkkkkkklllllTTTTTmmmmmmnnnnnnoooooopppppqqqqqrrrrrssssssstttttTTTTTTTTTTTTTTTTTTTssrrrrqqqqpppoTTTTTTTTTTTTTTTTjjjiiiiiihhhhhTTTTTTTTTTTTThhhhhiiiiiijjjjjjkkkkkkTTTTTTTTTTTTTTTTTTTnnnnnnnnnnnn
ooooooooonnnnnnnnnnnnnnnmmmmmmmmmmmlTTTTTTTTTTTTTTkkkkkkkkkkkkkkkkkkklllllllllllmmmmmmmnnnnnnoooooopppppqqqqqrrrrrrssssssstttttTTTTTTTTTTTTTTTTTTTrrrrrqqqqpppooTTTTTTTTTTTTTTTTTjjjiiiiiiTTTTTTTTTTTTTTThhiiiiiiijjjjjjkkkkkkllTTTTTTTTTTTTTTTTTTTTTnoooooooooo
oooooooooooooonnnnnnnnnnnnmmmmmmmmmTTTTTTTTTTTTTTTllkkkkkkkkkkkkkkkkllllllllllllmmmmmmmnnnnnnoooooopppppqqqqqqrrrrrrssssssssttttttTTTTTTTTTTTTTTTTrrrrqqqqppppooonTTTTTTTTTTTTTTTTjjjiiiTTTTTTTTTTTTTTTiiiiiiiijjjjjjjkkkkkllllTTTTTTTTTTTTTnnTTTTTToooooooooooo
oooooooooooooooooonnnnnnnnnnmmmmmmmTTTTTTTTTTTTTTlllllkkkkkkTTTTTTlllllllllllllmmmmmmmmnnnnnnoooooopppppqqqqqqrrrrrrssssssssssttttttTTTTTTTTTTTTTrrrrrqqqqppppooonnnTTTTTTTTTTTTTTjjjjTTTTTTTTTTTTTiTiiiiiiijjjjjjjkkkkkkllllTTTTTTTTTTTTTTnooTTTTTTTooooooooooo
ppppppppooooooooooooonnnnnnnnnmmmTTTTTTTTTTTTTTTllllllllllTTTTTTTTTllllllllllllmmmmmmmmnnnnnnooooooppppppqqqqqrrrrrrrssssssssssssssssssTTTTTTTTTTrrrrqqqqppppoooonnnnmTTTTTTTTTTTTjjTTTTTTTTTTTTTTiiiiiijjjjjjjjkkkkkklllllTTTTTTTTTTTTToooooooTTTTTTTTppppppppp
ppppppppppppooooooooooonnnnnnnnnmTTTTTTTTTTTTTTlllllllllllTTTTTTTTTlllllllllllmmmmmmmmmnnnnnnooooooppppppqqqqTTTTTTTrrssssssssssssssssssssTTTTTTrrrrqqqqqppppoooonnnmmmTTTTTTTTTTTTTTTTTTTTTTTTTTTTjjjjjjjjjjkkkkkkklllllmTTTTTTTTTTTooooooooppTTTTTTTTTpppppppp
pppppppppppppppoooooooooonnnnnnnnTTTTTTTTTTTTllllllllllllTTTTTTTTTTlllllllllllmmmmmmmTTTTnnnnooooooppppppqqqTTTTTTTTTTrrssssssssssssssssssssrrrTrrrqqqqqppppoooonnnnmmmmlTTTTTTTTTTTTTTTTTTTTTTTTTjjjjjjjjkkkkkkkllllllmmmmTTTTTTTTTooooopppppppTTTTTTTTqqqqqqqq
qqqqqqppppppppppppoooooTTonnnnnnnTTTTTTTTTTmmlllllllllllllTTTTTTTTTllllllllllmmmmmmmTTTTTTTnnoooooooppppppqqTTTTTTTTTTTTTrssssssssssssssssrrrrrrrrqqqqqppppooooonnnnmmmmllTTTTTTTTTTTTTTTTTTTTTTjjjjjjjkkkkkkkllllllmmmTTTTTTTTTTTTooopppppppppqqTTTTTTTTqqqqqqq
qqqqqqqqqqppppTTTTpTTTTTTooonnnnnnTTTTTTTTmmmmmlllllllllllTTTTTTTTTTTllllllllmmmmmmTTTTTTTTnnoooooooppppppqqTTTTTTTTTTTTTrrrrsssssssssrrrrrrrrrrqqqqqqppppooooonnnnmmmmmlllTTTTTTTTTTTTTTTTTTTjjjjjkkkkkkkkkllllllmmmTTTTTTTTTTTTToppppppppqqqqqqqTTTTTTqqqqqqqq
qqqqqqqqqqTTTTTTTTTTTTTTToooonnnnnnTTTTmmmmmmmmmllllllllllTTTTTTTTTTTTllllllmmmmmmmTTTTTTTTnnnoooooopppppppqqTTTTTTTTTTTTTrrrrrrrrrrrrrrrrrrrrqqqqqqpppppooooonnnnnmmmmmlllllTTTTTTTTTTTTTTTjjjkkkkkkkkkklllllllmmmmTTTTTTTTTTTTTppppppqqqqqqqqqqqTTTTTTTrrrrrrq
rrrrqqqTTTTTTTTTTTTTTTTTToooooonnnnnnnnmmmmmmmmmmmlllllllllTTTTTTTTTTTllllllmmmmmmmTTTTTTTTnnnooooooopppppppqqTTTTTTTTTTTTTrrrrrrrrrrrrrrrrqqqqqqqqpppppooooonnnnnmmmmmllllllkTkTTTTTTTTTTkkkkkkkkkkkkklllllllmmmmmTTTTTTTTTTTTpppppqqqqqqqqqrrrrrrTTTTTTrrrrrrr
rTTTTTTTTTTTTTTTTTTTTTTToooooooonnnnnnnnmmmmmmmmmmmllllllllTTTTTTTTTTTTllllmmmmmmmTTTTTTTTTnnnoooooooppppppppqTTTTTTTTTTTTTTTrrrrrrrrrrrqqqqqqqqqppppppooooonnnnnmmmmmlllllllkkkTTTTTTTTkkkkkkkkkkkkkllllllmmmmmmnTTTTTTTTTTTTppppqqqqqqqrrrrrrrrrrrTTTTTrrrrrrr
rTTTTTTTTTTTTTTTTTTTTTTTpoooooooonnnnnnnnmmmmmmmmmmmmllllllTTTTTTTTTTTTllllmmmmmmmTTTTTTTTTnnnooooooooppppppppTTTTTTTTTTTTTTTTrrrrrqqqqqqqqqqqpppppppooooonnnnnmmmmmmlllllllkkkkkTTTTTTTkkkkkkkkkkklllllllmmmmmnTTTTTTTTTTTTpppqqqqqqqrrrrrrrrrrrssTTTTTTTsssrrr
sTTTTTTTTTTTTTTTTTTTTTTTppoooooooonnnnnnnnmmmmmmmmmmmmlllllTTTTTTTTTTTTTllmmmmmmmmTTTTTTTTTnnnnooooooooppppppppTTTTTTTTTTTTTTTTqqqqqqqqqqqqqpppppppooooonnnnnnmmmmmmlllllllkkkkkkkkTTTTkkkkkkkkkklllllllmmmmmnnTTTTTTTTTTTTppqqqqqqrrrrrrrrrsssssTTTTTTTTsssssss
sTTTTTTTTTTTTTTTTTTTTTTTpppoooooooonnnnnnnnmmmmmmmmmmmmmllllTTTTTTTTTTTTlmmmmmmmmmTTTTTTTTTTnnnooooooooppppppppppTTTTTTTTTTTTTTTqqqqqqqqppppppppoooooonnnnnnmmmmmmlllllllkkkkkkkkkkkTkkkkkkkkkklllllllmmmmmmnnnTTTTTTTTTTppqqqqqqrrrrrrrssssssssTTTTTTTTTsssssss
sTTTTTTTTTTTTTTTTTTTTTppppppoooooooonnnnnnnnmmmmmmmmmmmmmmllTTTTTTTTTTTlmmmmmmmmmmTTTTTTTTTTnnnnoooooooopppppppppTTTTTTTTTTTTTTTTqqqpppppppppooooooonnnnnnmmmmmmlllllllkkkkkkkkkkkkkkkkkkkkkkklllllllmmmmmmnnnnoTTTTTTTppqqqqqrrrrrrrssssssssssTTTTTTTTTttssssss
sTTTTTTTTTTTTTTTTTqqqqqppppppooooooonnnnnnnnnmmmmmmmmmmmmmmmmTTTTTTTTTTTmmmmmmmmmTTTTTTTTTTTnnnnooooooooooppppppppTTTTTTTTTTTTTTTTppppppppooooooonnnnnnnmmmmmmlllllllkkkkkkkkkkkkkkkkkkkkkkkkkllllllmmmmmnnnnTTTTTTTTTpqqqqqrrrrrrsssssssssttttTTTTTTTttttttttts
tTTTTTTTTTTTTTrrrqqqqqqpppppppooooooonnnnnnnnnmmmmmmmmmmmmmmmTTTTTTTTTTTmmmmmmmmmTTTTTTTTTTTnnnnnooooTTTooooppppppppTTTTTTTTTTTTTTpppppoooooooonnnnnnmmmmmmlllllllkkkkkkkkkkkkkkkkkkkkkkkkkkkllllllmmmmmnnnTTTTTTTTTTpqqqqqrrrrrssssssssttttttTTTTTTTTTttttttttt
tTTTTTTTsssrrrrrrrqqqqqqpppppppooooooonnnnnnnnnmmmmmmmmmmmmmmTTTTTTTTTTTmmmmmmmmmTTTTTTTTTTTnnnnnnooTTTTTooooopppppppppTTTTTTTTTTTooooooooonnnnnnnmmmmmmlllllllkkkkkkkkkkjjjjjjjjjjkkkkkkkkkkllllllmmmmnnnTTTTTTTTTppqqqqrrrrrssssssstttttttTTTTTTTTTTtttttttttt
TTTTTTssssssrrrrrrrqqqqqqpppTppooooooonnnnnnnnnnmmmmmmmmmmmmmmTTTTTTTTTTTmmmmmmmmTTTTTTTTTTTnnnnnnnoTTTTTTooooooooopppppTTTTTTTTTToooooonnnnnnnmmmmmmlllllllkkkkkkkkjjjjjjjjjjjjjjjjjkkkkkkkklllllmmTTTTTTTTTTTTTTpqqqqqrrrrrssssstttttttttTTTTTTTTTuuuuuuuttttt
TTTTTTtssssssrrrrrrrqqqqqqpTTpppooooooonnnnnnnnnmmmmmmmmmmmmmmmTTTTTTTTTmmmmmmmmmTTTTTTTTTTTnnnnnnnTTTTTTTTToooooooooooooTTTTTTTTooonnnnnnnnmmmmmmlllllllkkkkkkkjjjjjjjjjjjjjjjjjjjjjjjkkkkkklllllmmTTTTTTTTTTTTTTTqqqqrrrrsssssstttttttuTTTTTTTTTTuuuuuuuuuuutt
TTTTTTTTssssssrrrrrrqqqqqqpTppppoooooooonnnnnnnnnmmmmmmmmmmmmmmmTTTTTTTTmmmmmmmmmTTTTTTTTTTTnnnnnnnTTTTTTTTToooooooooooooooooTTTnnnnnnnnnmmmmmmllllllkkkkkkkjjjjjjjjjjjjjiiijjjjjjjjjjjjkkkkklllllmmTTTTTTTTTTTTTTqqqrrrrrsssssttttttuuTTTTTTTTTTTuuuuuuuuuuuuuu
TTTTTTTTtssssssrrrrrrqqqqqqppppppooooooonnnnnnnnnnmmmmmmmmmmmmmmTTTTTTTTmmmmmmmmmTTTTTTTTTTnnnnnnnnTTTTTTTTToooooooooooooonnnnnnnnnnnmmmmmmmllllllkkkkkkjjjjjjjjjiiiiiiiiiiiiiiiijjjjjjjjkkkkkllllmmTTTTTTTTTTTTpqqqqrrrrssssttttttuuuTTTTTTTTTTTvvvvuuuuuuuuuuu
TTTTTTTTttssssssrrrrrqqqqqqppppppoooooooonnnnnnnnnnmmmmmmmmmmmmmmTTTTTTTmmmmmmmmmTTTTTTTTTTmnnnnnnnTTTTTTTTTTnnnnnnnnnnnnnnnnnnnnmmmmmmmmllllllkkkkkkjjjjjjjiiiiiiiiiiiiiiiiiiiiiiiijjjjjkkkkkllllmmTTTTTTTTTpTpqqqqrrrrssssttttttuuuTTTTTTTTTTTvvvvvvvvvvuuuuuT
TTTTTTTttttsssssrrrrrTqqqqqqppppppooooooonnnnnnnnnnmmmmmmmmmmmmmmmmTTTTTmmmmmmmmmmTTTTTTTTTmmmnnnnnTTTTTTTTTTnnnnnnnnnnnnnnnnmmmmmmmmlllllllkkkkkjjjjjjjiiiiiiiihhhhhhhhhhhhhhiiiiiiijjjjjkkkkllllmmTTTTTTTTppppqqqrrrrsssstttttuuuTTTTTTTTTTTTvvvvvvvvvvvvvuuuT
TTTTTTTttttssssssrrrTTTTqqqqppppppoooooooonnnnnnnnnnmmmmmmmmmmmmmmmmTTTmmmmmmmmmmmTTTTTTTTTmmmmmmnnTTTTTTTTTTTnnnnnnnnnnmmmmmmmmmmllllllkkkkkkjjjjjjiiiiiiihhhhhhhhhhhhhhhhhhhhhhiiiiiijjjTTTTTTTTTTTTTTnooopppqqqqrrrsssstttttuuuTTTTTTTTTTTvvvvvvvvvvvvvvvvvuT
TTTTTTTtttttsssssrrTTTTTTTTqpppppppooooooonnnnnnnnnnnmmmmmmmmmmmmmmmmmmmmmmmmmmmmmTTTTTTTTTmmmmmmmmTTTTTTTTTTTnnmmmmmmmmmmmmmmlllllllkkkkkkjjjjjiiiiiihhhhhhhhhggggggggggggghhhhhhhTTTTiTTTTTTTTTTTTmmnnnooopppqqqrrrrssstttttuuuTTTTTTTTTTTvvvvvvvvvvvvvvvvvvTT
TTTTTTTtttttssssssrTTTTTTTTTTppppppoooooooonnnnnnnnnnnmmmmmmmmmmmmmmmmmmmmmmmmmmmmTTTTTTTTmmmmmmmmmTTTTTTTTTTTmmmmmmmmmmmmllllllllkkkkkkjjjjjiiiiihhhhhhhgggggggggggggggggggggghhhTTTTTTTTTTTTTTTTTTmmnnnooopppqqqrrrssssTTTTTTTTTTTTTTTTTwwwwwwwwwwwwwvvvvvvvTT
TTTTTTTttttttsssssTTTTTTTTTTqppppppoooooooonnnnnnnnnnnmmmmmmmmmmmmmmmmmmmmmmmmmmmmmTTTTTTmmmmmmmmmmTTTTTTTTTTTmmmmmmmlllllllllkkkkkkjjjjjjiiiiihhhhhhgggggggfffffffffffffffggggTTTTTTTTTTTTTTTTTTTTTmmnnnoooppqqqrrrrsssTTTTTTTTTTTTTTTTwwwwwwwwwwwwwwwwwvvTTvvv
TTTTTTTutttttssssTTTTTTTTTqqqppppppoooooooonnnnnnnnnnnnmmmmmmmmmmmmmmmmmmmmmmmmmmmmTTTTTTmmmmmmmmmmTTTTTTTTTTTmmlllllllllllkkkkkkjjjjjjiiiiihhhhhggggggfffffffffffeeeffffffffffTTTTTTTTTTTTTTTTTTTTTmmnnnoooppqqqrrrssssTTTTTTTTTTTTTTTTwwwwwwwwwwwwwwwwwwwTTTTv
TTTTTTuuttttttssTTTTTTTTTqqqqpppppppoooTToooTTnnnnnnnnnmmmmmmmmmmmmmmmmmmmmmmmmmmmmmmTTmmmmmmmmmmmmmTTTTTTTTTTTllllllllkkkkkkkjjjjjjiiiiihhhhhgggggffffffeeeeeeeeeeeeeeeeeeeTfTTTTTTTTTTTTTTTTTTTTTTmmnnnoooppqqqrrrssstTTTTTTTTTTTTTTTwwwwwwwwwwwwwwwwwwwTTTTTT
TTTTTTuuutttttsTTTTTTTTTTqqqqpppppppooTTTTTTTTTTnnnnnnnnmmmmmmmmmmmmmmmmmmmmmmmmmmmmmlllllllllllllllTTTTTTTTTTTllllkkkkkkkkjjjjjjiiiiihhhhgggggfffffeeeeeeeeddddddddddddeeTTTTTTTTTTTTTTTTTTTTjTTTTTmmmnnoooppqqqrrrssstTTTTTTTTTTTTTwwwwwwwwwwwwwwwwwwwwwTTTTTT
TTTTTTTTutttttsTTTTTTTTTqqqqqqppppppooTTTTTTTTTTTTnnnnnnnmmmmmmmmmmmmmmmmmmmmmmmllllllllllllllllllllTTTTTTTTTTTkkkkkkkkkjjjjjjiiiiihhhhgggggfffffeeeeedddddddddddddddddTdTTTTTTTTTTTTTgghhhiijjjkklllmmnnoooppqqqrrrssstTTTTTTTTTvTwwwwwwwwxxxxxxxxxxwwwwTTTTTTT
TTTTTTTTTTTTttTTTTTTTTTrqqqqqqppppppoTTTTTTTTTTTTTTTTnnnnmmmmmmmmmmmmmmmmmmmmmlllllllllllllllllllllllTTTTTTTTTTkkkkkjjjjjjjiiiiihhhhhggggffffeeeeeddddddccccccccccccccTTTcTTTTTTTeefffggghhiiijjkkkllmmnnnooppqqqrrrssttttTTTTTTvvwwwwwwwxxxxxxxxxxxxxxwwTTTTTTv
TTTTTTTTTTTTTTTTTTTTTTrrqqqqqqppppppoTTTTTTTTTTTTTTTTTTTTmmmmmmmmmmmmmmmmmmmmllllllllllllllllllllllllTTTTTTTTTTkkjjjjjjjiiiiihhhhhggggffffeeeeedddddcccccccbbbbbbbbbbbTTTTTTTTTTTeeefffggghhiiijjkkllmmmnnooppqqqrrssstttuuuuvvvvwwwwwwxxxxxxxxxxxxxxxxxTTTTTTTv
TTTTTTTTTTTTTTTTTTTTTTrrqqqqqqppppppTTTTTTTTTTTTTTTTTTTTTTTmmmmmmmmmmmmmmmmmllllllllllllllllllllkkkkkkTTTTTTTTTjjjjjjiiiiihhhhhggggfffffeeeeddddcccccbbbbbbbbbbaaaabbTTTTTTTTTTTdddeeeffggghhiijjjkkllmmnnoopppqqrrssstttuuuvvvvwwwwwwxxxxxxxxxTxxxxxxxxxTTTTTww
TTTTTTTTTTTTTTTTTTTTTTrrqqqqqqppppppTTTTTTTTTTTTTTTTTTTTTTmmmmmmmmmmmmmmmmmlllllllllllllllllkkkkkkkkkkTTTTTTTTTjjjiiiiiihhhhhggggffffeeeeddddccccbbbbbbaaaaaaaaaaaaaaaTTTTTTTTTccdddeeeffggghhiijjkkllmmnnoooppqqrrrsstttuuuvvvvwwwwwxxxxxxxxxTTTTxxxxxxxxTTTTww
TTTTTTTTTTTTTTTTTTTTTrrrqqqqqqpppppTTTTTTTTTTTTTTTTTTTTTTTnmmmmmmmmmmmmmmmlllllllllllllllkkkkkkkkkkkkkTTTTTTTTTiiiiiihhhhhggggffffeeeeddddccccbbbbbaaaaaaaaaaaaaaaaaaTTTTTTaTbbbcccdddeeTfggghhiijjkkllmmnnooppqqrrrsstttuuuvvvvwwwwwxxxxxxxxxTTTTTxxxxxxTTTTTww
wvvvTTTTTTTTTTTTTTTTrrrrqqqqqqpppppTTTTTTTTTTTTTTTTTTTTTTnnmmmmmmmmmmmmmmmlllllllllllllkkkkkkkkkkkkjjjjTTTTTTTTiiihhhhhgggggffffeeeedddccccbbbbaaaaaaaaaaaabbbbbbbbbTTTTTTaaaaabbbccTddTTTfgghhiijjkkllmmnnooppTqrrrsstttuuuvvvwwwwwxxxxxxxxTTTTTTxxxxxTxTTTTwww
wwvvvvTTTTTTTTTTTTTTrrrrqqqqqqppppTTTTTTTTTTTTTTTTTTTTTTTTTmmmmmmmmmmmmmmllllllllllllkkkkkkkkkkkjjjjjjjjTTTTTTihhhhhhggggffffeeeeddddcccbbbbaaaaaaaaabbbbbbbbbbbbbbTTTTTTaaaaaaaabbTTTTTTTTfgghhiijjkkllmnnoopTTTqrrsstttuuuvvvwwwwwxxxxxxxxTTTTTTyxxxTTTTTTTwww
wwvvvvuuuTTTTTTTTTTrrrrrqqqqqqppppTTTTTTTTTTTTTTTTTTTTTTTTTTTmmmmmmmmmmmlllllllllllkkkkkkkkkkjjjjjjjjjiiiTTTThhhhhgggggffffeeeedddccccbbbaaaaaaaabbbbbbccccccccccccTTTTTTbbbaaaaaabbbTTTTTTTfgghhiijkkllmmnnoTTTTTTrsstttuuuvvvwwwwxxxxxTTTTTTTTTyyyyxTTTTTTxwww
wwvvvvvuuuuttTTTTTsrrrrrqqqqqqppppppTTTTTTTTTTTTTTTTTTTTTTTTTTTmmmmmmmmmllllllllllkkkkkkkkkjjjjjjjjiiiiiiiTThhhgggggfffffeeeddddccccbbbaaaaaaabbbbccccccddddddddddddTTTTTTcbbbaaaaaaTTTTTTTTTfgghiijjkklmmnnTTTTTTTTsstttuuuvvvwwwwxxxTxTTTTTTTTTyyyyyTTTTTTxwww
wwvvvvvuuuuttttssTsrrrrrqqqqqpppppppooTTTTTTTTTTTTTTTTTTTTTTTTTTTmmmmmmmlllllllllkkkkkkkkjjjjjjjjiiiiiihhhhhhgggggffffeeeeddddcccbbbbaaaaaabbbbcccccddddddeeeeeeeeedTTTTTTTTcbbbaaaaTTTTTTTTTTgghhiijkkllmmnTTTTTTTrsstttuuuvvvwwwwxxxTTTTTTTyyTyyyyyTTTTTTxxwww
wwvvvvvuuuuttttssssrrrrrqqqqqpppppppooooTTTTTTTTTTTTTTTTTTTTTTTTTTTmmmmlllllllllkkkkkkkkjjjjjjjiiiiiihhhhhhgggggffffeeeeddddcccbbbaaaaaaabbbccccdddddeeeeeeeeeeeeeeeeTTTTTTTTccbbbaTTTTTTTTTTffgghhijjkklmmTTTTTTTTrsssttuuuvvvwwwxTxTTTTTTTyyyyyyyyyTTTTTTxxxww
wwwvvvvuuuuttttssssrrrrrqqqqqpppppppoooooooTTTTTTTTTTTTTTTTTTTTTTTTTTmmllllllllkkkkkkkjjjjjjjiiiiiihhhhhgggggfffffeeeedddccccbbbaaaaaabbbbcccddddeeeeeffffffffffffffffTTTTTTTTcccbbaTTTTTTTTeeffgghiijkkllTTTTTTTTqrrssttuuuvvvwwwxTTTxTTTTTyyyyyyyTTyyTTTxxxxww
wwwvvvvuuuuttttssssrrrrrqqqqqpppppppTooooooooTTTTTTTTTTTTTTTTTTTTTTTTTTlllllllkkkkkkkjjjjjjiiiiiihhhhhgggggffffeeeeddddccccbbbaaaaaabbbccccdddeeeeffffffgggggggggggggTTTTTTTTTTdccbbaTTTTTTcdeeffghhijjkkTTTTTTTTqqrrssttuuuvvvwwwTTTTTTyTTyyyyyyyyTTTTyxTxxxxww
wwwvvvvuuuuttttssssrrrrqqqqqqppppppTTTooooooooonTTTTTTTTTTTTTTTTTTTTTTTTTllllkkkkkkkjjjjjjiiiiihhhhhgggggffffeeeeddddccccbbbaaaaaabbbcccddddeeeffffggggggghhhhhhhhhgggTTTTTTTTTTdccbbaTTTTTcddeefgghiijkTTTTTTTTpqqrrssttuuuvvvwwwTTTTTyyyyyyyyyyyTTTTTTTxxxxxww
wwwvvvvuuuuttttssssrrrrqqqqqqppppppTTTooooooooonnnTTTTTTTTTTTTTTTTTTTTTTTTTllkkkkkkjjjjjiiiiiihhhhgggggffffeeeeddddccccbbbaaaaaabbbcccdddeeeffffgggghhhhhhhhhhhhhhhhhhhgTgTTTTTeddccbbaTTTbccddeffghhijTTTTTTTTTppqrrsstttuuvvvwwTTTTTTyyyyyyyyyyyyTTTTTTxxxxxww
wwwvvvvuuuuttttssssrrrrqqqqqppppppTTToooooooooonnnnnTTTTTTTTTTTTTTTTTTTTTTTTTkkkkkjjjjjiiiiihhhhhggggffffeeeeddddcccbbbbaaaaaabbbcccdddeeefffgggghhhhhiiiiiiiiiiiiiiiihhhTTTTTTTeeddcbbaTaabccdeefgghiiTTTTTTTToppqqrrssttuuTvvwwTTTTTyyyyyyyyyyyyTTTTTTyxxxxxxw
wwwvvvvuuuutttssssrrrrrqqqqqppppppTTToooooooooonnnnnnnTTTTTTTTTTTTTTTTTTTTTTTTTkkjjjjjiiiiihhhhgggggffffeeeddddccccbbbaaaaaabbbcccdddeeefffggghhhhiiiiijjjjjjjjjjjjjiiiiihTTTTTTTTeddcbbaaabbcddeffghhTTTTTTTTnoppqqrrssttuTTTTwwwTTTTyyyyyyyyyTyyTTTTTTyxxxxxxw
TTTTvvvuuuttttssssrrrrrqqqqqpppppppToooooooTooonnnnnnnnnTTTTTTTTTTTTTTTTTTTTTTTTTjjjjiiiiihhhhggggffffeeeedddccccbbbaaaaaabbbcccdddeeefffggghhhiiiijjjjjjjkkkkkkkjjjjjjiiiiTTTTTTTeeddcbbaaabbcddefgTTTTTTTTTmnoopqqrrssttTTTTTTTwxxTxyyyyyyyyTTTTTTTTTyyyxxxxxw
TTTTvvvuuuttttssssrrrrqqqqqqpppppppoooooooTTToonnnnnnnnnnnTTTTTTTTTTTTTTTTTTTTTTTTTjiiiihhhhhggggfffeeeedddccccbbbaaaaaabbbcccdddeeeffggghhhhiiijjjjjkkkkkkkkkkkkkkkkkjjjjiiiTTTTTfeeddcbbaaabccdeeTTTTTTTkTlmnnoppqrrssttTTTTTTTTxxxxyyyyyyyyTTTTTTTTyyyyxxxxxw
TTTTvvvuuuttttssssrrrrqqqqqpppppppooooooTTTTToonnnnnnnnnnnnnTTTTTTTTTTTTTTTTTTTTTTTTTiiihhhggggffffeeeddddcccbbbaaaaaabbbcccdddeeefffgghhhiiiijjjkkkkkllllllllllllllkkkkjjjTiTTTTTffeedccbbaabbcddTTTTTTTTkllmnnoppqqrrstTTTTTTTTwxxxxyyyyyyyTTTTTTTTTyyyyxxxxxw
TTTTvvvuuuttttssssrrrrqqqqqpppppppooooTTTTTTTTonnnnnnnnnnnnnmmTTTTTTTTTTTTTTTTTTTTTTTTThhhggggfffeeeedddcccbbbbaaaaaabbbccdddeeefffgghhhiiijjjjkkkkllllTTmmmmmmmmmlllllkkkTTTTTTTTgffeedccbaaabbcdTTTTTTTTkklmmnoopqqrrssttTTTTTTwxxxxyyyyyyyTTTTTTTyyyyyyxxxxxw
wwwvvvuuuuttttsssrrrrrqqqqqpppppppooTTTTTTTTTTTnnnnnnnnnnnnnmmmmTTTTTTTTTTTTTTTTTTTTTTTTTggggfffeeeedddcccbbbaaaaaabbbcccddeeefffggghhiiijjjkkkkllllmmTTTTTmmmmmmmmmmmlllkTTTTTTThggffeddcbbaaabTdTTTTTTTjjkllmnnoppqrrssttuuTTvwwwxxxyyyyyyTTTTTTTTyyyyyyxxxxxw
wwwvvvuuuutttssssrrrrqqqqqpppppppoTTTTTTTTTTTTnnnnnnnnnnnnnnmmmmmmTTTTTTTTTTTTTTTTTTTTTTTTTgfffeeedddcccbbbaaaaaaTTbcccdddeefffggghhiiijjjkkkllllmmTmTTTTTTTnTnnnnnnmmmmlTTTTTTTiihggffeddcbbaaTTTTTTTTThijkklmnnoppqqrssttuuvTvwwwxxxyyyyyyyTTTTTTyyyyyyyxxxxxw
wwwvvvuuuutttssssrrrrqqqqqpppppppooTTTTTTTTTTTTnnnnnnnnnnnnnmmmmmmmlTTTTTTTTTTTTTTTTTTTTTTTTTfeeedddcccbbbaaaaaaTTTccdddeeeffggghhhiijjjkkkllllmmmTTTTTTTTTTTTToonnnnnnmmTTTTTTTTiihggfeedccbaTTTTTTTTTThijjklmmnoopqqrrsttuuuvvwwwxxxxyyyyyyyyTTTTyyyyyyyxxxxxw
wwwvvvuuuutttssssrrrrqqqqqppppppooooTTTTTTTTTTTTnnnnnnnnTnnnmmmmmmmlllTTTTTTTTTTTTTTTTTTTTTTTTTedddcccbbbaaaaabTTTTTddeeefffgghhhiiijjkkklllmmmmnnTTTTTTTTTTTTTTooooonnTnTTTTTTTjjihhggfeedcbbTTTTTTTTTghiijkllmnnoppTrrssttuuvvwwwxxxxyyyyyyyyyzTyyyyyyyyxxxxxw
wwwvvvuuuttttssssrrrrqqqqpppppppooooTTTTTTTTTTTTnnnnnnnnTTnnmmmmmmmlllllTTTTTTTTTTTTTTTTTTTTTTedddcccbbaaaaaabbbTTTTTeeeffggghhiiijjjkklllmmmmnnnTTTTTTTTTTTTTTTTTooooTTTTTTTTTTkjjihhgffedTcTTTTTTTTTfghhijkklmnnopTTTTssttuuvvwwwxxxxyyyyyyyyyyyyyyyyyyyxxxxxw
wwvvvvuuuttttsssrrrrqqqqqpppppppoooooTTTTTTTTTTTTnnnnnnTTTTTmmmmmmmlllllkkTTTTTTTTTTTTTTTTTTTTdddccbbbaaaaaabbTTTTTTTTfffgghhhiijjjkkkllmmmmnnnooTTTTTTTpTTTTTTTTTTppoTTTTTTTTTlkkjiihhgfeTTTTTTTTTTTeffghijjklmmnooTTTTTTttuuvvvwwxxxxyyyyyyyyyyyyyyyyyyyxxxxxw
wwvvvvuuuttttsssrrrrqqqqqppppppooooooTTTTTTTTTTTTnnnnnnTTTTTTTmmmmlllllkkkkjTTTTTTTTTTTTTTTTTTddcTTbbaaaaabbbTTTTTTTTTTggghhiiijjkkklllmmmnnnoooTTTTTTTqqqTTTTTTTTTTpTTTTTTTTTmllkjjiihggTTTTTTTTTTTddefghiijkllmnoTTTTTTsttuuvvvwwwxxxyyyyyyyyyyyyyyyyyyyxxxxxw
wwvvvvuuutttssssrrrrqqqqpppppppooooooTTTTTTTTTTTTTnnnnnTTTTTTTTTmmlllllkkkkjjjTTTTTTTTTTTTTTTTdccTTTaaaaabbTTTTTTTTTTTTThhhiijjjkklllmmmnnnooopTTTTTTTTqqrrTTTTTTTTTTTTTTTTTnnmmllkjjihhgTTTTTTTTTTccdefgghijkklmnTTTTTTTssttuuvvwwwxxxyyyyyyyyyyyyyyyyyyyxxxxxw
TTTTTTTTTTTTTTTTTTTTTTTTTTTTTpooooooooTTTTTTTTTTTTnnnnnnTTTTTTTTTTlllllkkkjjjjiiTTTTTTTTTTTTTdccTTTTTTaabbTTTTTTTTTTTTTTTiiijjkkklllmmnnnoooppTTTTTTqTrrrrrrTTTTTTTTTTTTTTToonnmmlkkjjihTTTTTTcbTTabcdeefghijjklmmnTTTTTrssttuuvvwwwxxxxyyyyyyyyyyyyyyyyyyxxxTTw
TTTTTTTTTTTTTTTTTTTTTTTTTTTTTpooooooooTTTTTTTTTTTTTnnnnnTTTTTTTTTTTTllkkkkjjjiiihhTTTTTTTTTTTcccTTTTTTTTTcccTTTTTTTTTTTTTijjjkklllmmmnnnooopppqTTTTTTrrrrsssssTTTTTTTTTTTTTooonnmllkkjiTTTTTTTTbbaabccdefghhijkllmTTTTTTrssttuuvvwwwxxxxyyyyyyyyyyyyyyyyyyxxxTTT
TTTTTTTTTTTTTTTTTTTTTTTTTTTTTooooooooooTTTTTTTTTTTnnnnnnTTTTTTTTTTTTTTkkkkjTTiiihTTTTTTTTTTTcccbTTTTTTTTTTTddTTTTTTTTTTTTTjjkklllmmnnnooopppqqTTTTTTrssssssssssTsTTTTTTTqTppoonnmmllkjTTTTTTTTdcbaaabcdefgghijkklmnnTTTqrrsttuuvvvwwxxxTyyyyyyyyyyyyyyyyyyxxTTTT
TTTTTTTTTTTTTTTTTTTTTTTTTTTTTooooooooooTTTTTTTTTTTTnnnnnTTTTTTTTTTTTTTTTkjjTTTTThTTTTfTTTTTTccbbTTTTTTTTTTddeeTTTTTTTTTTTTTkkllmmmnnnoopppqqqTTTTTTTssssstttttsssssTTTTrqqqppoonnmmlkTTTTTTTTedcbbaabcdeefghijjklmmnopTqrrssttuuvvwwwxxTTTTyyyyyyyyyyyyyyyxxTTTT
TTTTTTTTTTTTTTTTTTTTTTTTTTTTTTTooooooonnTTTTTTTTTTTnnnnnnnTTTTTTTTTTTTTTTTTTTTTTTTTTTTTeTTTTcbbTTTTTTTTTTTdeeffTTTTTTTTTTTTTllmmmnnooopppqqqrTTTTTTsstttttttttttttssTTrrrqqqppoonnmlTTTTTTTTfeddcbaabccdefghhijkllmToopqqrssttuuvvwwwxTTTTTTTyyyyyyyyyyyyyxTTTTT
TTTTTTTTTTTTTTTTTTTTTTTTTTTTTTToooooonnnTTTTTTTTTTTTnnnnnmmmTTTTTTTTTTTTTTTTTTTTTTTTTTTTTTTTTbbTTTTTTTTTTdeeffgTTTTTTTTTTTTTTmmnnnooopppqqqrTTTTTTstttttttttttttttttssssrrqqqppoonmTTTTTTTTgfeedcbaaabcdefgTTijkklmTTTpqqrssttuuvvwwwxxxTTTTTTTyyyyyyyyyyxxTTTTT
